Archive member included to satisfy reference by file (symbol)

/usr/lib/gcc/arm-none-eabi/8.3.1/../../../arm-none-eabi/lib/thumb/v6-m/nofp/libm.a(lib_a-s_fmax.o)
                              CMakeFiles/pico-tail-controller.dir/main.c.obj (fmax)
/usr/lib/gcc/arm-none-eabi/8.3.1/../../../arm-none-eabi/lib/thumb/v6-m/nofp/libm.a(lib_a-s_fmin.o)
                              CMakeFiles/pico-tail-controller.dir/main.c.obj (fmin)
/usr/lib/gcc/arm-none-eabi/8.3.1/../../../arm-none-eabi/lib/thumb/v6-m/nofp/libm.a(lib_a-s_fpclassify.o)
                              /usr/lib/gcc/arm-none-eabi/8.3.1/../../../arm-none-eabi/lib/thumb/v6-m/nofp/libm.a(lib_a-s_fmax.o) (__fpclassifyd)
/usr/lib/gcc/arm-none-eabi/8.3.1/thumb/v6-m/nofp/libgcc.a(_dvmd_tls.o)
                              CMakeFiles/pico-tail-controller.dir/home/pi/pico/pico-sdk/src/rp2_common/pico_divider/divider.S.obj (__aeabi_idiv0)
/usr/lib/gcc/arm-none-eabi/8.3.1/../../../arm-none-eabi/lib/thumb/v6-m/nofp/libg.a(lib_a-atexit.o)
                              /usr/lib/gcc/arm-none-eabi/8.3.1/../../../arm-none-eabi/lib/thumb/v6-m/nofp/crt0.o (atexit)
/usr/lib/gcc/arm-none-eabi/8.3.1/../../../arm-none-eabi/lib/thumb/v6-m/nofp/libg.a(lib_a-calloc.o)
                              CMakeFiles/pico-tail-controller.dir/home/pi/pico/pico-sdk/src/rp2_common/pico_malloc/pico_malloc.c.obj (calloc)
/usr/lib/gcc/arm-none-eabi/8.3.1/../../../arm-none-eabi/lib/thumb/v6-m/nofp/libg.a(lib_a-callocr.o)
                              /usr/lib/gcc/arm-none-eabi/8.3.1/../../../arm-none-eabi/lib/thumb/v6-m/nofp/libg.a(lib_a-calloc.o) (_calloc_r)
/usr/lib/gcc/arm-none-eabi/8.3.1/../../../arm-none-eabi/lib/thumb/v6-m/nofp/libg.a(lib_a-fini.o)
                              /usr/lib/gcc/arm-none-eabi/8.3.1/../../../arm-none-eabi/lib/thumb/v6-m/nofp/crt0.o (__libc_fini_array)
/usr/lib/gcc/arm-none-eabi/8.3.1/../../../arm-none-eabi/lib/thumb/v6-m/nofp/libg.a(lib_a-impure.o)
                              /usr/lib/gcc/arm-none-eabi/8.3.1/../../../arm-none-eabi/lib/thumb/v6-m/nofp/libg.a(lib_a-calloc.o) (_impure_ptr)
/usr/lib/gcc/arm-none-eabi/8.3.1/../../../arm-none-eabi/lib/thumb/v6-m/nofp/libg.a(lib_a-init.o)
                              /usr/lib/gcc/arm-none-eabi/8.3.1/../../../arm-none-eabi/lib/thumb/v6-m/nofp/crt0.o (__libc_init_array)
/usr/lib/gcc/arm-none-eabi/8.3.1/../../../arm-none-eabi/lib/thumb/v6-m/nofp/libg.a(lib_a-malloc.o)
                              CMakeFiles/pico-tail-controller.dir/home/pi/pico/pico-sdk/src/rp2_common/pico_malloc/pico_malloc.c.obj (malloc)
/usr/lib/gcc/arm-none-eabi/8.3.1/../../../arm-none-eabi/lib/thumb/v6-m/nofp/libg.a(lib_a-mallocr.o)
                              /usr/lib/gcc/arm-none-eabi/8.3.1/../../../arm-none-eabi/lib/thumb/v6-m/nofp/libg.a(lib_a-callocr.o) (_malloc_r)
/usr/lib/gcc/arm-none-eabi/8.3.1/../../../arm-none-eabi/lib/thumb/v6-m/nofp/libg.a(lib_a-mlock.o)
                              /usr/lib/gcc/arm-none-eabi/8.3.1/../../../arm-none-eabi/lib/thumb/v6-m/nofp/libg.a(lib_a-mallocr.o) (__malloc_lock)
/usr/lib/gcc/arm-none-eabi/8.3.1/../../../arm-none-eabi/lib/thumb/v6-m/nofp/libg.a(lib_a-realloc.o)
                              CMakeFiles/pico-tail-controller.dir/home/pi/pico/pico-sdk/src/rp2_common/pico_malloc/pico_malloc.c.obj (realloc)
/usr/lib/gcc/arm-none-eabi/8.3.1/../../../arm-none-eabi/lib/thumb/v6-m/nofp/libg.a(lib_a-reallocr.o)
                              /usr/lib/gcc/arm-none-eabi/8.3.1/../../../arm-none-eabi/lib/thumb/v6-m/nofp/libg.a(lib_a-realloc.o) (_realloc_r)
/usr/lib/gcc/arm-none-eabi/8.3.1/../../../arm-none-eabi/lib/thumb/v6-m/nofp/libg.a(lib_a-sbrkr.o)
                              /usr/lib/gcc/arm-none-eabi/8.3.1/../../../arm-none-eabi/lib/thumb/v6-m/nofp/libg.a(lib_a-mallocr.o) (_sbrk_r)
/usr/lib/gcc/arm-none-eabi/8.3.1/../../../arm-none-eabi/lib/thumb/v6-m/nofp/libg.a(lib_a-strlen-stub.o)
                              CMakeFiles/pico-tail-controller.dir/home/pi/pico/pico-sdk/src/rp2_common/pico_stdio/stdio.c.obj (strlen)
/usr/lib/gcc/arm-none-eabi/8.3.1/../../../arm-none-eabi/lib/thumb/v6-m/nofp/libg.a(lib_a-__atexit.o)
                              /usr/lib/gcc/arm-none-eabi/8.3.1/../../../arm-none-eabi/lib/thumb/v6-m/nofp/libg.a(lib_a-atexit.o) (__register_exitproc)
/usr/lib/gcc/arm-none-eabi/8.3.1/../../../arm-none-eabi/lib/thumb/v6-m/nofp/libg.a(lib_a-freer.o)
                              /usr/lib/gcc/arm-none-eabi/8.3.1/../../../arm-none-eabi/lib/thumb/v6-m/nofp/libg.a(lib_a-malloc.o) (_free_r)
/usr/lib/gcc/arm-none-eabi/8.3.1/../../../arm-none-eabi/lib/thumb/v6-m/nofp/libg.a(lib_a-memmove.o)
                              /usr/lib/gcc/arm-none-eabi/8.3.1/../../../arm-none-eabi/lib/thumb/v6-m/nofp/libg.a(lib_a-reallocr.o) (memmove)
/usr/lib/gcc/arm-none-eabi/8.3.1/../../../arm-none-eabi/lib/thumb/v6-m/nofp/libg.a(lib_a-reent.o)
                              /usr/lib/gcc/arm-none-eabi/8.3.1/../../../arm-none-eabi/lib/thumb/v6-m/nofp/libg.a(lib_a-sbrkr.o) (errno)

Allocating common symbols
[...]
Memory Configuration

Name             Origin             Length             Attributes
FLASH            0x10000000         0x00200000         xr
RAM              0x20000000         0x00040000         xrw
SCRATCH_X        0x20040000         0x00001000         xrw
SCRATCH_Y        0x20041000         0x00001000         xrw
*default*        0x00000000         0xffffffff

Linker script and memory map

LOAD /usr/lib/gcc/arm-none-eabi/8.3.1/thumb/v6-m/nofp/crti.o
LOAD /usr/lib/gcc/arm-none-eabi/8.3.1/thumb/v6-m/nofp/crtbegin.o
LOAD /usr/lib/gcc/arm-none-eabi/8.3.1/../../../arm-none-eabi/lib/thumb/v6-m/nofp/crt0.o

.flash_begin    0x10000000        0x0
                0x10000000                __flash_binary_start = .

.boot2          0x10000000      0x100
                0x10000000                __boot2_start__ = .
 *(.boot2)
 .boot2         0x10000000      0x100 /tmp/ccvivGu9.o
                0x10000100                __boot2_end__ = .
                0x00000001                ASSERT (((__boot2_end__ - __boot2_start__) == 0x100), ERROR: Pico second stage bootloader must be 256 bytes in size)

.text           0x10000100     0x4e98
                0x10000100                __logical_binary_start = .
 *(.vectors)
 .vectors       0x10000100       0xd4 CMakeFiles/pico-tail-controller.dir/home/pi/pico/pico-sdk/src/rp2_common/pico_standard_link/crt0.S.obj
                0x10000100                __vectors
                0x10000100                __VECTOR_TABLE
                0x100001c0                isr_invalid
                0x100001c0                __default_isrs_start
                0x100001c2                isr_nmi
                0x100001c4                isr_hardfault
                0x100001c6                isr_svcall
                0x100001c8                isr_pendsv
                0x100001ca                isr_systick
                0x100001cc                isr_irq30
                0x100001cc                __unhandled_user_irq
                0x100001cc                isr_irq13
                0x100001cc                isr_irq27
                0x100001cc                isr_irq31
                0x100001cc                isr_irq5
                0x100001cc                isr_irq11
                0x100001cc                isr_irq23
                0x100001cc                isr_irq18
                0x100001cc                isr_irq28
                0x100001cc                isr_irq19
                0x100001cc                isr_irq0
                0x100001cc                isr_irq6
                0x100001cc                isr_irq22
                0x100001cc                isr_irq17
                0x100001cc                isr_irq14
                0x100001cc                isr_irq2
                0x100001cc                isr_irq10
                0x100001cc                isr_irq8
                0x100001cc                isr_irq24
                0x100001cc                isr_irq1
                0x100001cc                isr_irq7
                0x100001cc                isr_irq21
                0x100001cc                isr_irq20
                0x100001cc                isr_irq15
                0x100001cc                isr_irq25
                0x100001cc                isr_irq4
                0x100001cc                isr_irq16
                0x100001cc                isr_irq29
                0x100001cc                isr_irq26
                0x100001cc                __default_isrs_end
                0x100001cc                isr_irq3
                0x100001cc                isr_irq12
                0x100001cc                isr_irq9
                0x100001d2                unhandled_user_irq_num_in_r0
 *(.binary_info_header)
 .binary_info_header
                0x100001d4       0x14 CMakeFiles/pico-tail-controller.dir/home/pi/pico/pico-sdk/src/rp2_common/pico_standard_link/crt0.S.obj
                0x100001e8                __binary_info_header_end = .
 *(.reset)
 .reset         0x100001e8       0xa0 CMakeFiles/pico-tail-controller.dir/home/pi/pico/pico-sdk/src/rp2_common/pico_standard_link/crt0.S.obj
                0x100001e8                _entry_point
 .reset         0x10000288       0x30 CMakeFiles/pico-tail-controller.dir/home/pi/pico/pico-sdk/src/rp2_common/pico_standard_link/binary_info.c.obj
 *(.init)
 .init          0x100002b8        0x4 /usr/lib/gcc/arm-none-eabi/8.3.1/thumb/v6-m/nofp/crti.o
                0x100002b8                _init
 *(EXCLUDE_FILE(*libm.a: *libc.a:*lib_a-mem*.o *libgcc.a:) .text*)
 .text          0x100002bc       0x98 /usr/lib/gcc/arm-none-eabi/8.3.1/thumb/v6-m/nofp/crtbegin.o
 .text.adc_gpio_init
                0x10000354       0x1e CMakeFiles/pico-tail-controller.dir/main.c.obj
 *fill*         0x10000372        0x2 
 .text.posdiff  0x10000374       0x2c CMakeFiles/pico-tail-controller.dir/main.c.obj
                0x10000374                posdiff
 .text.core1    0x100003a0      0x228 CMakeFiles/pico-tail-controller.dir/main.c.obj
                0x100003a0                core1
 .text.main     0x100005c8      0x354 CMakeFiles/pico-tail-controller.dir/main.c.obj
                0x100005c8                main
 .text.gpio_set_function
                0x1000091c       0x30 CMakeFiles/pico-tail-controller.dir/home/pi/pico/pico-sdk/src/rp2_common/hardware_gpio/gpio.c.obj
                0x1000091c                gpio_set_function
 .text.gpio_set_pulls
                0x1000094c       0x34 CMakeFiles/pico-tail-controller.dir/home/pi/pico/pico-sdk/src/rp2_common/hardware_gpio/gpio.c.obj
                0x1000094c                gpio_set_pulls
 .text.gpio_set_input_enabled
                0x10000980       0x30 CMakeFiles/pico-tail-controller.dir/home/pi/pico/pico-sdk/src/rp2_common/hardware_gpio/gpio.c.obj
                0x10000980                gpio_set_input_enabled
 .text.gpio_init
                0x100009b0       0x16 CMakeFiles/pico-tail-controller.dir/home/pi/pico/pico-sdk/src/rp2_common/hardware_gpio/gpio.c.obj
                0x100009b0                gpio_init
 *fill*         0x100009c6        0x2 
 .text.running_on_fpga
                0x100009c8       0x14 CMakeFiles/pico-tail-controller.dir/home/pi/pico/pico-sdk/src/rp2_common/pico_platform/platform.c.obj
                0x100009c8                running_on_fpga
 .text.hw_claim_lock
                0x100009dc       0x18 CMakeFiles/pico-tail-controller.dir/home/pi/pico/pico-sdk/src/rp2_common/hardware_claim/claim.c.obj
                0x100009dc                hw_claim_lock
 .text.hw_claim_unlock
                0x100009f4       0x14 CMakeFiles/pico-tail-controller.dir/home/pi/pico/pico-sdk/src/rp2_common/hardware_claim/claim.c.obj
                0x100009f4                hw_claim_unlock
 .text.hw_claim_or_assert
                0x10000a08       0x32 CMakeFiles/pico-tail-controller.dir/home/pi/pico/pico-sdk/src/rp2_common/hardware_claim/claim.c.obj
                0x10000a08                hw_claim_or_assert
 *fill*         0x10000a3a        0x2 
 .text.spin_locks_reset
                0x10000a3c       0x20 CMakeFiles/pico-tail-controller.dir/home/pi/pico/pico-sdk/src/rp2_common/hardware_sync/sync.c.obj
                0x10000a3c                spin_locks_reset
 .text.next_striped_spin_lock_num
                0x10000a5c       0x1c CMakeFiles/pico-tail-controller.dir/home/pi/pico/pico-sdk/src/rp2_common/hardware_sync/sync.c.obj
                0x10000a5c                next_striped_spin_lock_num
 .text.set_raw_irq_handler_and_unlock
                0x10000a78       0x28 CMakeFiles/pico-tail-controller.dir/home/pi/pico/pico-sdk/src/rp2_common/hardware_irq/irq.c.obj
 .text.make_branch
                0x10000aa0       0x48 CMakeFiles/pico-tail-controller.dir/home/pi/pico/pico-sdk/src/rp2_common/hardware_irq/irq.c.obj
 .text.insert_branch_and_link
                0x10000ae8       0x40 CMakeFiles/pico-tail-controller.dir/home/pi/pico/pico-sdk/src/rp2_common/hardware_irq/irq.c.obj
 .text.irq_is_enabled
                0x10000b28       0x18 CMakeFiles/pico-tail-controller.dir/home/pi/pico/pico-sdk/src/rp2_common/hardware_irq/irq.c.obj
                0x10000b28                irq_is_enabled
 .text.irq_set_mask_enabled
                0x10000b40       0x20 CMakeFiles/pico-tail-controller.dir/home/pi/pico/pico-sdk/src/rp2_common/hardware_irq/irq.c.obj
                0x10000b40                irq_set_mask_enabled
 .text.irq_set_enabled
                0x10000b60        0xe CMakeFiles/pico-tail-controller.dir/home/pi/pico/pico-sdk/src/rp2_common/hardware_irq/irq.c.obj
                0x10000b60                irq_set_enabled
 *fill*         0x10000b6e        0x2 
 .text.irq_get_vtable_handler
                0x10000b70       0x10 CMakeFiles/pico-tail-controller.dir/home/pi/pico/pico-sdk/src/rp2_common/hardware_irq/irq.c.obj
                0x10000b70                irq_get_vtable_handler
 .text.irq_set_exclusive_handler
                0x10000b80       0x54 CMakeFiles/pico-tail-controller.dir/home/pi/pico/pico-sdk/src/rp2_common/hardware_irq/irq.c.obj
                0x10000b80                irq_set_exclusive_handler
 .text.irq_remove_handler
                0x10000bd4      0x1a4 CMakeFiles/pico-tail-controller.dir/home/pi/pico/pico-sdk/src/rp2_common/hardware_irq/irq.c.obj
                0x10000bd4                irq_remove_handler
 .text.irq_add_tail_to_free_list
                0x10000d78       0xf0 CMakeFiles/pico-tail-controller.dir/home/pi/pico/pico-sdk/src/rp2_common/hardware_irq/irq.c.obj
                0x10000d78                irq_add_tail_to_free_list
 .text.irq_init_priorities
                0x10000e68       0x1c CMakeFiles/pico-tail-controller.dir/home/pi/pico/pico-sdk/src/rp2_common/hardware_irq/irq.c.obj
                0x10000e68                irq_init_priorities
 .text.lock_init
                0x10000e84       0x10 CMakeFiles/pico-tail-controller.dir/home/pi/pico/pico-sdk/src/common/pico_sync/lock_core.c.obj
                0x10000e84                lock_init
 .text.mutex_init
                0x10000e94       0x1a CMakeFiles/pico-tail-controller.dir/home/pi/pico/pico-sdk/src/common/pico_sync/mutex.c.obj
                0x10000e94                mutex_init
 .text.recursive_mutex_init
                0x10000eae       0x1e CMakeFiles/pico-tail-controller.dir/home/pi/pico/pico-sdk/src/common/pico_sync/mutex.c.obj
                0x10000eae                recursive_mutex_init
 .text.sleep_until_callback
                0x10000ecc       0x30 CMakeFiles/pico-tail-controller.dir/home/pi/pico/pico-sdk/src/common/pico_time/time.c.obj
 .text.alarm_pool_post_alloc_init
                0x10000efc       0x40 CMakeFiles/pico-tail-controller.dir/home/pi/pico/pico-sdk/src/common/pico_time/time.c.obj
 .text.timer_pool_entry_comparator
                0x10000f3c       0x7c CMakeFiles/pico-tail-controller.dir/home/pi/pico/pico-sdk/src/common/pico_time/time.c.obj
                0x10000f3c                timer_pool_entry_comparator
 .text.ph_add_child_node
                0x10000fb8       0xa4 CMakeFiles/pico-tail-controller.dir/home/pi/pico/pico-sdk/src/common/pico_time/time.c.obj
 .text.ph_merge_nodes
                0x1000105c       0x3e CMakeFiles/pico-tail-controller.dir/home/pi/pico/pico-sdk/src/common/pico_time/time.c.obj
 *fill*         0x1000109a        0x2 
 .text.add_alarm_under_lock
                0x1000109c      0x180 CMakeFiles/pico-tail-controller.dir/home/pi/pico/pico-sdk/src/common/pico_time/time.c.obj
 .text.alarm_pool_alarm_callback
                0x1000121c      0x33c CMakeFiles/pico-tail-controller.dir/home/pi/pico/pico-sdk/src/common/pico_time/time.c.obj
 .text.alarm_pool_init_default
                0x10001558       0x40 CMakeFiles/pico-tail-controller.dir/home/pi/pico/pico-sdk/src/common/pico_time/time.c.obj
                0x10001558                alarm_pool_init_default
 .text.alarm_pool_get_default
                0x10001598       0x2c CMakeFiles/pico-tail-controller.dir/home/pi/pico/pico-sdk/src/common/pico_time/time.c.obj
                0x10001598                alarm_pool_get_default
 .text.alarm_pool_add_alarm_at
                0x100015c4      0x14c CMakeFiles/pico-tail-controller.dir/home/pi/pico/pico-sdk/src/common/pico_time/time.c.obj
                0x100015c4                alarm_pool_add_alarm_at
 .text.alarm_pool_cancel_alarm
                0x10001710       0xf4 CMakeFiles/pico-tail-controller.dir/home/pi/pico/pico-sdk/src/common/pico_time/time.c.obj
                0x10001710                alarm_pool_cancel_alarm
 .text.sleep_until
                0x10001804       0xf8 CMakeFiles/pico-tail-controller.dir/home/pi/pico/pico-sdk/src/common/pico_time/time.c.obj
                0x10001804                sleep_until
 .text.sleep_us
                0x100018fc       0x50 CMakeFiles/pico-tail-controller.dir/home/pi/pico/pico-sdk/src/common/pico_time/time.c.obj
                0x100018fc                sleep_us
 .text.sleep_ms
                0x1000194c       0x14 CMakeFiles/pico-tail-controller.dir/home/pi/pico/pico-sdk/src/common/pico_time/time.c.obj
                0x1000194c                sleep_ms
 .text.best_effort_wfe_or_timeout
                0x10001960       0xac CMakeFiles/pico-tail-controller.dir/home/pi/pico/pico-sdk/src/common/pico_time/time.c.obj
                0x10001960                best_effort_wfe_or_timeout
 .text.hardware_alarm_irq_handler
                0x10001a0c       0x90 CMakeFiles/pico-tail-controller.dir/home/pi/pico/pico-sdk/src/rp2_common/hardware_timer/timer.c.obj
 .text.hardware_alarm_claim
                0x10001a9c       0x18 CMakeFiles/pico-tail-controller.dir/home/pi/pico/pico-sdk/src/rp2_common/hardware_timer/timer.c.obj
                0x10001a9c                hardware_alarm_claim
 .text.time_us_64
                0x10001ab4       0x18 CMakeFiles/pico-tail-controller.dir/home/pi/pico/pico-sdk/src/rp2_common/hardware_timer/timer.c.obj
                0x10001ab4                time_us_64
 .text.busy_wait_until
                0x10001acc       0x24 CMakeFiles/pico-tail-controller.dir/home/pi/pico/pico-sdk/src/rp2_common/hardware_timer/timer.c.obj
                0x10001acc                busy_wait_until
 .text.busy_wait_us
                0x10001af0       0x48 CMakeFiles/pico-tail-controller.dir/home/pi/pico/pico-sdk/src/rp2_common/hardware_timer/timer.c.obj
                0x10001af0                busy_wait_us
 .text.hardware_alarm_set_callback
                0x10001b38       0x90 CMakeFiles/pico-tail-controller.dir/home/pi/pico/pico-sdk/src/rp2_common/hardware_timer/timer.c.obj
                0x10001b38                hardware_alarm_set_callback
 .text.hardware_alarm_set_target
                0x10001bc8       0xe8 CMakeFiles/pico-tail-controller.dir/home/pi/pico/pico-sdk/src/rp2_common/hardware_timer/timer.c.obj
                0x10001bc8                hardware_alarm_set_target
 .text.hardware_alarm_cancel
                0x10001cb0       0x40 CMakeFiles/pico-tail-controller.dir/home/pi/pico/pico-sdk/src/rp2_common/hardware_timer/timer.c.obj
                0x10001cb0                hardware_alarm_cancel
 .text.ph_add_child_node
                0x10001cf0       0xa4 CMakeFiles/pico-tail-controller.dir/home/pi/pico/pico-sdk/src/common/pico_util/pheap.c.obj
 .text.ph_merge_nodes
                0x10001d94       0x3e CMakeFiles/pico-tail-controller.dir/home/pi/pico/pico-sdk/src/common/pico_util/pheap.c.obj
 *fill*         0x10001dd2        0x2 
 .text.ph_clear
                0x10001dd4       0x70 CMakeFiles/pico-tail-controller.dir/home/pi/pico/pico-sdk/src/common/pico_util/pheap.c.obj
                0x10001dd4                ph_clear
 .text.ph_post_alloc_init
                0x10001e44        0xe CMakeFiles/pico-tail-controller.dir/home/pi/pico/pico-sdk/src/common/pico_util/pheap.c.obj
                0x10001e44                ph_post_alloc_init
 *fill*         0x10001e52        0x2 
 .text.ph_merge_two_pass
                0x10001e54       0xac CMakeFiles/pico-tail-controller.dir/home/pi/pico/pico-sdk/src/common/pico_util/pheap.c.obj
                0x10001e54                ph_merge_two_pass
 .text.ph_remove_any_head
                0x10001f00      0x128 CMakeFiles/pico-tail-controller.dir/home/pi/pico/pico-sdk/src/common/pico_util/pheap.c.obj
 .text.ph_remove_head
                0x10002028       0x14 CMakeFiles/pico-tail-controller.dir/home/pi/pico/pico-sdk/src/common/pico_util/pheap.c.obj
                0x10002028                ph_remove_head
 .text.ph_remove_and_free_node
                0x1000203c       0xf8 CMakeFiles/pico-tail-controller.dir/home/pi/pico/pico-sdk/src/common/pico_util/pheap.c.obj
                0x1000203c                ph_remove_and_free_node
 .text.uart_disable_before_lcr_write
                0x10002134       0x48 CMakeFiles/pico-tail-controller.dir/home/pi/pico/pico-sdk/src/rp2_common/hardware_uart/uart.c.obj
 .text.uart_write_lcr_bits_masked
                0x1000217c       0x22 CMakeFiles/pico-tail-controller.dir/home/pi/pico/pico-sdk/src/rp2_common/hardware_uart/uart.c.obj
 *fill*         0x1000219e        0x2 
 .text.uart_set_baudrate
                0x100021a0       0x5c CMakeFiles/pico-tail-controller.dir/home/pi/pico/pico-sdk/src/rp2_common/hardware_uart/uart.c.obj
                0x100021a0                uart_set_baudrate
 .text.uart_set_format
                0x100021fc       0x2c CMakeFiles/pico-tail-controller.dir/home/pi/pico/pico-sdk/src/rp2_common/hardware_uart/uart.c.obj
                0x100021fc                uart_set_format
 .text.uart_set_translate_crlf
                0x10002228       0x28 CMakeFiles/pico-tail-controller.dir/home/pi/pico/pico-sdk/src/rp2_common/hardware_uart/uart.c.obj
                0x10002228                uart_set_translate_crlf
 .text.uart_init
                0x10002250       0x80 CMakeFiles/pico-tail-controller.dir/home/pi/pico/pico-sdk/src/rp2_common/hardware_uart/uart.c.obj
                0x10002250                uart_init
 .text.clock_configure
                0x100022d0      0x100 CMakeFiles/pico-tail-controller.dir/home/pi/pico/pico-sdk/src/rp2_common/hardware_clocks/clocks.c.obj
                0x100022d0                clock_configure
 .text.clocks_init
                0x100023d0      0x100 CMakeFiles/pico-tail-controller.dir/home/pi/pico/pico-sdk/src/rp2_common/hardware_clocks/clocks.c.obj
                0x100023d0                clocks_init
 .text.clock_get_hz
                0x100024d0        0xc CMakeFiles/pico-tail-controller.dir/home/pi/pico/pico-sdk/src/rp2_common/hardware_clocks/clocks.c.obj
                0x100024d0                clock_get_hz
 .text.pll_init
                0x100024dc      0x120 CMakeFiles/pico-tail-controller.dir/home/pi/pico/pico-sdk/src/rp2_common/hardware_pll/pll.c.obj
                0x100024dc                pll_init
 .text.watchdog_start_tick
                0x100025fc       0x10 CMakeFiles/pico-tail-controller.dir/home/pi/pico/pico-sdk/src/rp2_common/hardware_watchdog/watchdog.c.obj
                0x100025fc                watchdog_start_tick
 .text.xosc_init
                0x1000260c       0x28 CMakeFiles/pico-tail-controller.dir/home/pi/pico/pico-sdk/src/rp2_common/hardware_xosc/xosc.c.obj
                0x1000260c                xosc_init
 .text._exit    0x10002634        0x4 CMakeFiles/pico-tail-controller.dir/home/pi/pico/pico-sdk/src/rp2_common/pico_runtime/runtime.c.obj
                0x10002634                _exit
 .text.exit     0x10002638        0x6 CMakeFiles/pico-tail-controller.dir/home/pi/pico/pico-sdk/src/rp2_common/pico_runtime/runtime.c.obj
                0x10002638                exit
 *fill*         0x1000263e        0x2 
 .text.__assert_func
                0x10002640       0x3c CMakeFiles/pico-tail-controller.dir/home/pi/pico/pico-sdk/src/rp2_common/pico_runtime/runtime.c.obj
                0x10002640                __assert_func
 .text.runtime_init
                0x1000267c       0xf8 CMakeFiles/pico-tail-controller.dir/home/pi/pico/pico-sdk/src/rp2_common/pico_runtime/runtime.c.obj
                0x1000267c                runtime_init
 .text.panic    0x10002774       0x30 CMakeFiles/pico-tail-controller.dir/home/pi/pico/pico-sdk/src/rp2_common/pico_runtime/runtime.c.obj
                0x10002774                panic
 .text._out_buffer
                0x100027a4        0x8 CMakeFiles/pico-tail-controller.dir/home/pi/pico/pico-sdk/src/rp2_common/pico_printf/printf.c.obj
 .text._out_null
                0x100027ac        0x2 CMakeFiles/pico-tail-controller.dir/home/pi/pico/pico-sdk/src/rp2_common/pico_printf/printf.c.obj
 .text._out_fct
                0x100027ae        0xe CMakeFiles/pico-tail-controller.dir/home/pi/pico/pico-sdk/src/rp2_common/pico_printf/printf.c.obj
 .text._atoi    0x100027bc       0x28 CMakeFiles/pico-tail-controller.dir/home/pi/pico/pico-sdk/src/rp2_common/pico_printf/printf.c.obj
 .text._out_rev
                0x100027e4       0x8c CMakeFiles/pico-tail-controller.dir/home/pi/pico/pico-sdk/src/rp2_common/pico_printf/printf.c.obj
 .text._ntoa_format
                0x10002870      0x10c CMakeFiles/pico-tail-controller.dir/home/pi/pico/pico-sdk/src/rp2_common/pico_printf/printf.c.obj
 .text._ntoa_long
                0x1000297c       0xb0 CMakeFiles/pico-tail-controller.dir/home/pi/pico/pico-sdk/src/rp2_common/pico_printf/printf.c.obj
 .text._ntoa_long_long
                0x10002a2c       0xe6 CMakeFiles/pico-tail-controller.dir/home/pi/pico/pico-sdk/src/rp2_common/pico_printf/printf.c.obj
 *fill*         0x10002b12        0x2 
 .text._etoa    0x10002b14      0x408 CMakeFiles/pico-tail-controller.dir/home/pi/pico/pico-sdk/src/rp2_common/pico_printf/printf.c.obj
 .text._ftoa    0x10002f1c      0x344 CMakeFiles/pico-tail-controller.dir/home/pi/pico/pico-sdk/src/rp2_common/pico_printf/printf.c.obj
 .text._vsnprintf
                0x10003260      0x61c CMakeFiles/pico-tail-controller.dir/home/pi/pico/pico-sdk/src/rp2_common/pico_printf/printf.c.obj
 .text.__wrap_sprintf
                0x1000387c       0x28 CMakeFiles/pico-tail-controller.dir/home/pi/pico/pico-sdk/src/rp2_common/pico_printf/printf.c.obj
                0x1000387c                __wrap_sprintf
 .text.vfctprintf
                0x100038a4       0x20 CMakeFiles/pico-tail-controller.dir/home/pi/pico/pico-sdk/src/rp2_common/pico_printf/printf.c.obj
                0x100038a4                vfctprintf
 .text          0x100038c4       0x10 CMakeFiles/pico-tail-controller.dir/home/pi/pico/pico-sdk/src/rp2_common/pico_bit_ops/bit_ops_aeabi.S.obj
 .text.rom_func_lookup
                0x100038d4       0x10 CMakeFiles/pico-tail-controller.dir/home/pi/pico/pico-sdk/src/rp2_common/pico_bootrom/bootrom.c.obj
                0x100038d4                rom_func_lookup
 .text.rom_data_lookup
                0x100038e4       0x10 CMakeFiles/pico-tail-controller.dir/home/pi/pico/pico-sdk/src/rp2_common/pico_bootrom/bootrom.c.obj
                0x100038e4                rom_data_lookup
 .text.rom_funcs_lookup
                0x100038f4       0x36 CMakeFiles/pico-tail-controller.dir/home/pi/pico/pico-sdk/src/rp2_common/pico_bootrom/bootrom.c.obj
                0x100038f4                rom_funcs_lookup
 *fill*         0x1000392a        0x2 
 .text.__wrap___aeabi_idiv
                0x1000392c       0x50 CMakeFiles/pico-tail-controller.dir/home/pi/pico/pico-sdk/src/rp2_common/pico_divider/divider.S.obj
                0x1000392c                __wrap___aeabi_idivmod
                0x1000392c                divmod_s32s32
                0x1000392c                div_s32s32
                0x1000392c                __wrap___aeabi_idiv
                0x10003934                divmod_s32s32_unsafe
                0x10003960                divmod_s32s32_savestate
 .text.__wrap___aeabi_uidiv
                0x1000397c       0x4c CMakeFiles/pico-tail-controller.dir/home/pi/pico/pico-sdk/src/rp2_common/pico_divider/divider.S.obj
                0x1000397c                __wrap___aeabi_uidiv
                0x1000397c                __wrap___aeabi_uidivmod
                0x1000397c                div_u32u32
                0x1000397c                divmod_u32u32
                0x10003984                divmod_u32u32_unsafe
                0x100039ac                divmod_u32u32_savestate
 .text.__wrap___aeabi_ldiv
                0x100039c8      0x424 CMakeFiles/pico-tail-controller.dir/home/pi/pico/pico-sdk/src/rp2_common/pico_divider/divider.S.obj
                0x100039c8                div_s64s64
                0x100039c8                divmod_s64s64
                0x100039c8                __wrap___aeabi_ldivmod
                0x100039f8                div_u64u64
                0x100039f8                divmod_u64u64
                0x100039f8                __wrap___aeabi_uldivmod
                0x10003a08                divmod_u64u64_savestate
                0x10003a28                divmod_s64s64_unsafe
                0x10003ab0                divmod_u64u64_unsafe
 .text.__wrap___aeabi_darithmetic
                0x10003dec       0x80 CMakeFiles/pico-tail-controller.dir/home/pi/pico/pico-sdk/src/rp2_common/pico_double/double_aeabi.S.obj
                0x10003dec                __wrap___aeabi_drsub
                0x10003df2                __wrap___aeabi_dsub
                0x10003e04                __wrap___aeabi_dadd
                0x10003e16                __wrap___aeabi_ddiv
                0x10003e52                __wrap___aeabi_dmul
 .text.__wrap___aeabi_cdcmple
                0x10003e6c       0x6c CMakeFiles/pico-tail-controller.dir/home/pi/pico/pico-sdk/src/rp2_common/pico_double/double_aeabi.S.obj
                0x10003e6c                __wrap___aeabi_cdrcmple
                0x10003e7c                __wrap___aeabi_cdcmple
                0x10003e7c                __wrap___aeabi_cdcmpeq
 .text.__wrap___aeabi_dcmplt
                0x10003ed8        0xc CMakeFiles/pico-tail-controller.dir/home/pi/pico/pico-sdk/src/rp2_common/pico_double/double_aeabi.S.obj
                0x10003ed8                __wrap___aeabi_dcmplt
 .text.__wrap___aeabi_dcmple
                0x10003ee4       0x10 CMakeFiles/pico-tail-controller.dir/home/pi/pico/pico-sdk/src/rp2_common/pico_double/double_aeabi.S.obj
                0x10003ee4                __wrap___aeabi_dcmple
 .text.__wrap___aeabi_dcmpge
                0x10003ef4       0x10 CMakeFiles/pico-tail-controller.dir/home/pi/pico/pico-sdk/src/rp2_common/pico_double/double_aeabi.S.obj
                0x10003ef4                __wrap___aeabi_dcmpge
 .text.__wrap___aeabi_dcmpgt
                0x10003f04        0xa CMakeFiles/pico-tail-controller.dir/home/pi/pico/pico-sdk/src/rp2_common/pico_double/double_aeabi.S.obj
                0x10003f04                __wrap___aeabi_dcmpgt
 .text.__wrap___aeabi_dcmpun
                0x10003f0e       0x1c CMakeFiles/pico-tail-controller.dir/home/pi/pico/pico-sdk/src/rp2_common/pico_double/double_aeabi.S.obj
                0x10003f0e                __wrap___aeabi_dcmpun
 *fill*         0x10003f2a        0x2 
 .text.__wrap___aeabi_i2d
                0x10003f2c       0x38 CMakeFiles/pico-tail-controller.dir/home/pi/pico/pico-sdk/src/rp2_common/pico_double/double_aeabi.S.obj
                0x10003f2c                __wrap___aeabi_ui2d
                0x10003f34                __wrap___aeabi_i2d
 .text.__wrap___aeabi_d2iz
                0x10003f64       0x48 CMakeFiles/pico-tail-controller.dir/home/pi/pico/pico-sdk/src/rp2_common/pico_double/double_aeabi.S.obj
                0x10003f64                __wrap___aeabi_d2iz
                0x10003f64                double2int_z
 .text.__wrap___aeabi_d2uiz
                0x10003fac       0x18 CMakeFiles/pico-tail-controller.dir/home/pi/pico/pico-sdk/src/rp2_common/pico_double/double_aeabi.S.obj
                0x10003fac                double2uint
                0x10003fac                __wrap___aeabi_d2uiz
 .text.__aeabi_double_init
                0x10003fc4       0xc8 CMakeFiles/pico-tail-controller.dir/home/pi/pico/pico-sdk/src/rp2_common/pico_double/double_init_rom.c.obj
                0x10003fc4                __aeabi_double_init
 .text.double_table_shim_on_use_helper
                0x1000408c       0x34 CMakeFiles/pico-tail-controller.dir/home/pi/pico/pico-sdk/src/rp2_common/pico_double/double_v1_rom_shim.S.obj
                0x1000408c                double_table_shim_on_use_helper
 .text.__wrap___aeabi_dsub
                0x100040c0       0x10 CMakeFiles/pico-tail-controller.dir/home/pi/pico/pico-sdk/src/rp2_common/pico_double/double_v1_rom_shim.S.obj
                0x100040c0                drsub_shim
                0x100040c6                dsub_shim
 .text.dadd_shim
                0x100040d0      0x15c CMakeFiles/pico-tail-controller.dir/home/pi/pico/pico-sdk/src/rp2_common/pico_double/double_v1_rom_shim.S.obj
                0x100040d0                dadd_shim
 .text.dmul_shim
                0x1000422c      0x15c CMakeFiles/pico-tail-controller.dir/home/pi/pico/pico-sdk/src/rp2_common/pico_double/double_v1_rom_shim.S.obj
                0x1000422c                dmul_shim
 .text.ddiv_shim
                0x10004388      0x1b0 CMakeFiles/pico-tail-controller.dir/home/pi/pico/pico-sdk/src/rp2_common/pico_double/double_v1_rom_shim.S.obj
                0x10004388                ddiv_shim
 .text.double2uint_shim
                0x10004538        0xe CMakeFiles/pico-tail-controller.dir/home/pi/pico/pico-sdk/src/rp2_common/pico_double/double_v1_rom_shim.S.obj
                0x10004538                double2uint_shim
                0x1000453a                double2ufix_shim
 *fill*         0x10004546        0x2 
 .text.double2uint64_shim
                0x10004548       0x70 CMakeFiles/pico-tail-controller.dir/home/pi/pico/pico-sdk/src/rp2_common/pico_double/double_v1_rom_shim.S.obj
                0x10004548                double2uint64_shim
                0x1000454a                double2ufix64_shim
                0x1000456a                d2fix_a
 .text.dunpacks
                0x100045b8       0x3c CMakeFiles/pico-tail-controller.dir/home/pi/pico/pico-sdk/src/rp2_common/pico_double/double_v1_rom_shim.S.obj
                0x100045b8                dunpacks
 .text.__aeabi_lmul
                0x100045f4       0x32 CMakeFiles/pico-tail-controller.dir/home/pi/pico/pico-sdk/src/rp2_common/pico_int64_ops/pico_int64_ops_aeabi.S.obj
                0x100045f4                __wrap___aeabi_lmul
 *fill*         0x10004626        0x2 
 .text.__aeabi_float_init
                0x10004628       0xfc CMakeFiles/pico-tail-controller.dir/home/pi/pico/pico-sdk/src/rp2_common/pico_float/float_init_rom.c.obj
                0x10004628                __aeabi_float_init
 .text.float_table_shim_on_use_helper
                0x10004724       0x34 CMakeFiles/pico-tail-controller.dir/home/pi/pico/pico-sdk/src/rp2_common/pico_float/float_v1_rom_shim.S.obj
                0x10004724                float_table_shim_on_use_helper
 .text          0x10004758       0x10 CMakeFiles/pico-tail-controller.dir/home/pi/pico/pico-sdk/src/rp2_common/pico_mem_ops/mem_ops_aeabi.S.obj
                0x10004758                __aeabi_mem_init
 .text.memcpy   0x10004768        0xc CMakeFiles/pico-tail-controller.dir/home/pi/pico/pico-sdk/src/rp2_common/pico_mem_ops/mem_ops_aeabi.S.obj
                0x10004768                __wrap___aeabi_memcpy
                0x10004768                __wrap_memcpy
 .text.stdio_out_chars_no_crlf
                0x10004774        0xe CMakeFiles/pico-tail-controller.dir/home/pi/pico/pico-sdk/src/rp2_common/pico_stdio/stdio.c.obj
 *fill*         0x10004782        0x2 
 .text.stdio_out_chars_crlf
                0x10004784       0x80 CMakeFiles/pico-tail-controller.dir/home/pi/pico/pico-sdk/src/rp2_common/pico_stdio/stdio.c.obj
 .text.stdio_stack_buffer_flush
                0x10004804       0x44 CMakeFiles/pico-tail-controller.dir/home/pi/pico/pico-sdk/src/rp2_common/pico_stdio/stdio.c.obj
 .text.stdio_buffered_printer
                0x10004848       0x20 CMakeFiles/pico-tail-controller.dir/home/pi/pico/pico-sdk/src/rp2_common/pico_stdio/stdio.c.obj
 .text.stdout_serialize_begin
                0x10004868       0x5c CMakeFiles/pico-tail-controller.dir/home/pi/pico/pico-sdk/src/rp2_common/pico_stdio/stdio.c.obj
                0x10004868                stdout_serialize_begin
 .text.stdout_serialize_end
                0x100048c4       0x10 CMakeFiles/pico-tail-controller.dir/home/pi/pico/pico-sdk/src/rp2_common/pico_stdio/stdio.c.obj
                0x100048c4                stdout_serialize_end
 .text.stdio_put_string
                0x100048d4       0x94 CMakeFiles/pico-tail-controller.dir/home/pi/pico/pico-sdk/src/rp2_common/pico_stdio/stdio.c.obj
 .text.stdio_set_driver_enabled
                0x10004968       0x2c CMakeFiles/pico-tail-controller.dir/home/pi/pico/pico-sdk/src/rp2_common/pico_stdio/stdio.c.obj
                0x10004968                stdio_set_driver_enabled
 .text.stdio_flush
                0x10004994       0x20 CMakeFiles/pico-tail-controller.dir/home/pi/pico/pico-sdk/src/rp2_common/pico_stdio/stdio.c.obj
                0x10004994                stdio_flush
 .text.__wrap_puts
                0x100049b4       0x1e CMakeFiles/pico-tail-controller.dir/home/pi/pico/pico-sdk/src/rp2_common/pico_stdio/stdio.c.obj
                0x100049b4                __wrap_puts
 *fill*         0x100049d2        0x2 
 .text.__wrap_vprintf
                0x100049d4       0x40 CMakeFiles/pico-tail-controller.dir/home/pi/pico/pico-sdk/src/rp2_common/pico_stdio/stdio.c.obj
                0x100049d4                __wrap_vprintf
 .text.__wrap_printf
                0x10004a14       0x18 CMakeFiles/pico-tail-controller.dir/home/pi/pico/pico-sdk/src/rp2_common/pico_stdio/stdio.c.obj
                0x10004a14                __wrap_printf
 .text.stdio_init_all
                0x10004a2c        0xa CMakeFiles/pico-tail-controller.dir/home/pi/pico/pico-sdk/src/rp2_common/pico_stdio/stdio.c.obj
                0x10004a2c                stdio_init_all
 *fill*         0x10004a36        0x2 
 .text.stdio_uart_out_chars
                0x10004a38       0x74 CMakeFiles/pico-tail-controller.dir/home/pi/pico/pico-sdk/src/rp2_common/pico_stdio_uart/stdio_uart.c.obj
 .text.stdio_uart_in_chars
                0x10004aac       0x78 CMakeFiles/pico-tail-controller.dir/home/pi/pico/pico-sdk/src/rp2_common/pico_stdio_uart/stdio_uart.c.obj
                0x10004aac                stdio_uart_in_chars
 .text.on_uart_rx
                0x10004b24       0x28 CMakeFiles/pico-tail-controller.dir/home/pi/pico/pico-sdk/src/rp2_common/pico_stdio_uart/stdio_uart.c.obj
 .text.stdio_uart_set_chars_available_callback
                0x10004b4c       0x8c CMakeFiles/pico-tail-controller.dir/home/pi/pico/pico-sdk/src/rp2_common/pico_stdio_uart/stdio_uart.c.obj
 .text.stdio_uart_init_full
                0x10004bd8       0x44 CMakeFiles/pico-tail-controller.dir/home/pi/pico/pico-sdk/src/rp2_common/pico_stdio_uart/stdio_uart.c.obj
                0x10004bd8                stdio_uart_init_full
 .text.stdio_uart_init
                0x10004c1c       0x28 CMakeFiles/pico-tail-controller.dir/home/pi/pico/pico-sdk/src/rp2_common/pico_stdio_uart/stdio_uart.c.obj
                0x10004c1c                stdio_uart_init
 .text.spi_set_baudrate
                0x10004c44       0xc0 CMakeFiles/pico-tail-controller.dir/home/pi/pico/pico-sdk/src/rp2_common/hardware_spi/spi.c.obj
                0x10004c44                spi_set_baudrate
 .text.spi_init
                0x10004d04       0x74 CMakeFiles/pico-tail-controller.dir/home/pi/pico/pico-sdk/src/rp2_common/hardware_spi/spi.c.obj
                0x10004d04                spi_init
 .text.adc_init
                0x10004d78       0x34 CMakeFiles/pico-tail-controller.dir/home/pi/pico/pico-sdk/src/rp2_common/hardware_adc/adc.c.obj
                0x10004d78                adc_init
 .text.core1_trampoline
                0x10004dac        0x2 CMakeFiles/pico-tail-controller.dir/home/pi/pico/pico-sdk/src/rp2_common/pico_multicore/multicore.c.obj
 .text.core1_wrapper
                0x10004dae        0xc CMakeFiles/pico-tail-controller.dir/home/pi/pico/pico-sdk/src/rp2_common/pico_multicore/multicore.c.obj
                0x10004dae                core1_wrapper
 .text.multicore_fifo_push_blocking
                0x10004dba       0x14 CMakeFiles/pico-tail-controller.dir/home/pi/pico/pico-sdk/src/rp2_common/pico_multicore/multicore.c.obj
                0x10004dba                multicore_fifo_push_blocking
 .text.multicore_fifo_pop_blocking
                0x10004dce       0x16 CMakeFiles/pico-tail-controller.dir/home/pi/pico/pico-sdk/src/rp2_common/pico_multicore/multicore.c.obj
                0x10004dce                multicore_fifo_pop_blocking
 .text.multicore_launch_core1_raw
                0x10004de4       0x70 CMakeFiles/pico-tail-controller.dir/home/pi/pico/pico-sdk/src/rp2_common/pico_multicore/multicore.c.obj
                0x10004de4                multicore_launch_core1_raw
 .text.multicore_launch_core1_with_stack
                0x10004e54       0x50 CMakeFiles/pico-tail-controller.dir/home/pi/pico/pico-sdk/src/rp2_common/pico_multicore/multicore.c.obj
                0x10004e54                multicore_launch_core1_with_stack
 .text.multicore_launch_core1
                0x10004ea4       0x24 CMakeFiles/pico-tail-controller.dir/home/pi/pico/pico-sdk/src/rp2_common/pico_multicore/multicore.c.obj
                0x10004ea4                multicore_launch_core1
 .text          0x10004ec8       0x68 /usr/lib/gcc/arm-none-eabi/8.3.1/../../../arm-none-eabi/lib/thumb/v6-m/nofp/libg.a(lib_a-strlen-stub.o)
                0x10004ec8                strlen
 *(.fini)
 .fini          0x10004f30        0x4 /usr/lib/gcc/arm-none-eabi/8.3.1/thumb/v6-m/nofp/crti.o
                0x10004f30                _fini
 *fill*         0x10004f34        0x4 
 .fini.__stub   0x10004f38       0x60 linker stubs
 *crtbegin.o(.ctors)
 *crtbegin?.o(.ctors)
 *(EXCLUDE_FILE(*crtend.o *crtend?.o) .ctors)
 *(SORT_BY_NAME(.ctors.*))
 *(.ctors)
 *crtbegin.o(.dtors)
 *crtbegin?.o(.dtors)
 *(EXCLUDE_FILE(*crtend.o *crtend?.o) .dtors)
 *(SORT_BY_NAME(.dtors.*))
 *(.dtors)
 *(.eh_frame*)
 .eh_frame      0x10004f98        0x0 /usr/lib/gcc/arm-none-eabi/8.3.1/thumb/v6-m/nofp/crtbegin.o
                0x10004f98                . = ALIGN (0x4)

.glue_7         0x10004f98        0x0
 .glue_7        0x10004f98        0x0 linker stubs

.glue_7t        0x10004f98        0x0
 .glue_7t       0x10004f98        0x0 linker stubs

.vfp11_veneer   0x10004f98        0x0
 .vfp11_veneer  0x10004f98        0x0 linker stubs

.v4_bx          0x10004f98        0x0
 .v4_bx         0x10004f98        0x0 linker stubs

.iplt           0x10004f98        0x0
 .iplt          0x10004f98        0x0 /usr/lib/gcc/arm-none-eabi/8.3.1/thumb/v6-m/nofp/crtbegin.o

.rodata         0x10004f98     0x1008
 *(EXCLUDE_FILE(*libm.a: *libc.a:*lib_a-mem*.o *libgcc.a:) .rodata*)
 .rodata.__bi_194.7901
                0x10004f98        0x8 CMakeFiles/pico-tail-controller.dir/main.c.obj
 .rodata.main.str1.4
                0x10004fa0       0x4a CMakeFiles/pico-tail-controller.dir/main.c.obj
 *fill*         0x10004fea        0x2 
 .rodata.__func__.4859
                0x10004fec       0x1a CMakeFiles/pico-tail-controller.dir/home/pi/pico/pico-sdk/src/rp2_common/hardware_irq/irq.c.obj
 *fill*         0x10005006        0x2 
 .rodata.__func__.4873
                0x10005008        0xc CMakeFiles/pico-tail-controller.dir/home/pi/pico/pico-sdk/src/rp2_common/hardware_irq/irq.c.obj
 .rodata.__func__.4881
                0x10005014       0x17 CMakeFiles/pico-tail-controller.dir/home/pi/pico/pico-sdk/src/rp2_common/hardware_irq/irq.c.obj
 *fill*         0x1000502b        0x1 
 .rodata.__func__.4885
                0x1000502c        0xf CMakeFiles/pico-tail-controller.dir/home/pi/pico/pico-sdk/src/rp2_common/hardware_irq/irq.c.obj
 *fill*         0x1000503b        0x1 
 .rodata.__func__.4924
                0x1000503c       0x13 CMakeFiles/pico-tail-controller.dir/home/pi/pico/pico-sdk/src/rp2_common/hardware_irq/irq.c.obj
 *fill*         0x1000504f        0x1 
 .rodata.__func__.4946
                0x10005050       0x1a CMakeFiles/pico-tail-controller.dir/home/pi/pico/pico-sdk/src/rp2_common/hardware_irq/irq.c.obj
 *fill*         0x1000506a        0x2 
 .rodata.insert_branch_and_link.str1.4
                0x1000506c       0x10 CMakeFiles/pico-tail-controller.dir/home/pi/pico/pico-sdk/src/rp2_common/hardware_irq/irq.c.obj
 .rodata.irq_add_shared_handler.str1.4
                0x1000507c       0xd9 CMakeFiles/pico-tail-controller.dir/home/pi/pico/pico-sdk/src/rp2_common/hardware_irq/irq.c.obj
 *fill*         0x10005155        0x3 
 .rodata.irq_add_tail_to_free_list.str1.4
                0x10005158       0x3a CMakeFiles/pico-tail-controller.dir/home/pi/pico/pico-sdk/src/rp2_common/hardware_irq/irq.c.obj
 *fill*         0x10005192        0x2 
 .rodata.irq_remove_handler.str1.4
                0x10005194       0x3a CMakeFiles/pico-tail-controller.dir/home/pi/pico/pico-sdk/src/rp2_common/hardware_irq/irq.c.obj
 *fill*         0x100051ce        0x2 
 .rodata.irq_set_exclusive_handler.str1.4
                0x100051d0       0x36 CMakeFiles/pico-tail-controller.dir/home/pi/pico/pico-sdk/src/rp2_common/hardware_irq/irq.c.obj
 *fill*         0x10005206        0x2 
 .rodata.make_branch.str1.4
                0x10005208       0x69 CMakeFiles/pico-tail-controller.dir/home/pi/pico/pico-sdk/src/rp2_common/hardware_irq/irq.c.obj
 *fill*         0x10005271        0x3 
 .rodata.__func__.4774
                0x10005274       0x18 CMakeFiles/pico-tail-controller.dir/home/pi/pico/pico-sdk/src/common/pico_sync/mutex.c.obj
 .rodata.__func__.4793
                0x1000528c        0xb CMakeFiles/pico-tail-controller.dir/home/pi/pico/pico-sdk/src/common/pico_sync/mutex.c.obj
 *fill*         0x10005297        0x1 
 .rodata.str1.4
                0x10005298       0xe5 CMakeFiles/pico-tail-controller.dir/home/pi/pico/pico-sdk/src/common/pico_sync/mutex.c.obj
 *fill*         0x1000537d        0x3 
 .rodata.__func__.5751
                0x10005380       0x15 CMakeFiles/pico-tail-controller.dir/home/pi/pico/pico-sdk/src/common/pico_time/time.c.obj
 *fill*         0x10005395        0x3 
 .rodata.__func__.6095
                0x10005398        0xc CMakeFiles/pico-tail-controller.dir/home/pi/pico/pico-sdk/src/common/pico_time/time.c.obj
 .rodata.__func__.6102
                0x100053a4       0x12 CMakeFiles/pico-tail-controller.dir/home/pi/pico/pico-sdk/src/common/pico_time/time.c.obj
 *fill*         0x100053b6        0x2 
 .rodata.__func__.6118
                0x100053b8        0xf CMakeFiles/pico-tail-controller.dir/home/pi/pico/pico-sdk/src/common/pico_time/time.c.obj
 *fill*         0x100053c7        0x1 
 .rodata.__func__.6140
                0x100053c8        0xd CMakeFiles/pico-tail-controller.dir/home/pi/pico/pico-sdk/src/common/pico_time/time.c.obj
 *fill*         0x100053d5        0x3 
 .rodata.__func__.6369
                0x100053d8        0xa CMakeFiles/pico-tail-controller.dir/home/pi/pico/pico-sdk/src/common/pico_time/time.c.obj
 *fill*         0x100053e2        0x2 
 .rodata.__func__.6374
                0x100053e4       0x12 CMakeFiles/pico-tail-controller.dir/home/pi/pico/pico-sdk/src/common/pico_time/time.c.obj
 *fill*         0x100053f6        0x2 
 .rodata.__func__.6389
                0x100053f8       0x17 CMakeFiles/pico-tail-controller.dir/home/pi/pico/pico-sdk/src/common/pico_time/time.c.obj
 *fill*         0x1000540f        0x1 
 .rodata.__func__.6400
                0x10005410       0x15 CMakeFiles/pico-tail-controller.dir/home/pi/pico/pico-sdk/src/common/pico_time/time.c.obj
 *fill*         0x10005425        0x3 
 .rodata.__func__.6417
                0x10005428       0x1a CMakeFiles/pico-tail-controller.dir/home/pi/pico/pico-sdk/src/common/pico_time/time.c.obj
 *fill*         0x10005442        0x2 
 .rodata.__func__.6470
                0x10005444       0x18 CMakeFiles/pico-tail-controller.dir/home/pi/pico/pico-sdk/src/common/pico_time/time.c.obj
 .rodata.add_alarm_under_lock.str1.4
                0x1000545c       0x28 CMakeFiles/pico-tail-controller.dir/home/pi/pico/pico-sdk/src/common/pico_time/time.c.obj
                                 0x2b (size before relaxing)
 .rodata.alarm_pool_alarm_callback.str1.4
                0x10005484       0x98 CMakeFiles/pico-tail-controller.dir/home/pi/pico/pico-sdk/src/common/pico_time/time.c.obj
                                 0xf8 (size before relaxing)
 .rodata.alarm_pool_cancel_alarm.str1.4
                0x1000551c       0x27 CMakeFiles/pico-tail-controller.dir/home/pi/pico/pico-sdk/src/common/pico_time/time.c.obj
 *fill*         0x10005543        0x1 
 .rodata.alarm_pool_get_default.str1.4
                0x10005544       0x21 CMakeFiles/pico-tail-controller.dir/home/pi/pico/pico-sdk/src/common/pico_time/time.c.obj
 *fill*         0x10005565        0x3 
 .rodata.ph_add_child_node.str1.4
                0x10005568       0x92 CMakeFiles/pico-tail-controller.dir/home/pi/pico/pico-sdk/src/common/pico_time/time.c.obj
 *fill*         0x100055fa        0x2 
 .rodata.repeating_timer_callback.str1.4
                0x100055fc       0x47 CMakeFiles/pico-tail-controller.dir/home/pi/pico/pico-sdk/src/common/pico_time/time.c.obj
 *fill*         0x10005643        0x1 
 .rodata.sleep_until.str1.4
                0x10005644       0x4d CMakeFiles/pico-tail-controller.dir/home/pi/pico/pico-sdk/src/common/pico_time/time.c.obj
 *fill*         0x10005691        0x3 
 .rodata.timer_pool_entry_comparator.str1.4
                0x10005694       0x22 CMakeFiles/pico-tail-controller.dir/home/pi/pico/pico-sdk/src/common/pico_time/time.c.obj
 *fill*         0x100056b6        0x2 
 .rodata.__func__.4243
                0x100056b8       0x15 CMakeFiles/pico-tail-controller.dir/home/pi/pico/pico-sdk/src/rp2_common/hardware_timer/timer.c.obj
 *fill*         0x100056cd        0x3 
 .rodata.__func__.4640
                0x100056d0       0x1a CMakeFiles/pico-tail-controller.dir/home/pi/pico/pico-sdk/src/rp2_common/hardware_timer/timer.c.obj
 .rodata.busy_wait_us.str1.4
                0x100056ea       0x5d CMakeFiles/pico-tail-controller.dir/home/pi/pico/pico-sdk/src/rp2_common/hardware_timer/timer.c.obj
 *fill*         0x100056ea        0x2 
 .rodata.hardware_alarm_claim.str1.4
                0x100056ec       0x22 CMakeFiles/pico-tail-controller.dir/home/pi/pico/pico-sdk/src/rp2_common/hardware_timer/timer.c.obj
 *fill*         0x1000570e        0x2 
 .rodata.hardware_alarm_set_target.str1.4
                0x10005710       0x61 CMakeFiles/pico-tail-controller.dir/home/pi/pico/pico-sdk/src/rp2_common/hardware_timer/timer.c.obj
 *fill*         0x10005771        0x3 
 .rodata.__func__.5776
                0x10005774        0xc CMakeFiles/pico-tail-controller.dir/home/pi/pico/pico-sdk/src/common/pico_util/pheap.c.obj
 .rodata.__func__.5783
                0x10005780       0x12 CMakeFiles/pico-tail-controller.dir/home/pi/pico/pico-sdk/src/common/pico_util/pheap.c.obj
 *fill*         0x10005792        0x2 
 .rodata.__func__.5869
                0x10005794       0x13 CMakeFiles/pico-tail-controller.dir/home/pi/pico/pico-sdk/src/common/pico_util/pheap.c.obj
 *fill*         0x100057a7        0x1 
 .rodata.__func__.5887
                0x100057a8       0x18 CMakeFiles/pico-tail-controller.dir/home/pi/pico/pico-sdk/src/common/pico_util/pheap.c.obj
 .rodata.ph_add_child_node.str1.4
                0x100057c0       0x92 CMakeFiles/pico-tail-controller.dir/home/pi/pico/pico-sdk/src/common/pico_util/pheap.c.obj
 .rodata.ph_remove_and_free_node.str1.4
                0x100057c0       0x1e CMakeFiles/pico-tail-controller.dir/home/pi/pico/pico-sdk/src/common/pico_util/pheap.c.obj
                                 0x26 (size before relaxing)
 *fill*         0x100057de        0x2 
 .rodata.ph_remove_any_head.str1.4
                0x100057e0       0x88 CMakeFiles/pico-tail-controller.dir/home/pi/pico/pico-sdk/src/common/pico_util/pheap.c.obj
                                 0x9c (size before relaxing)
 .rodata.__func__.4826
                0x10005868       0x10 CMakeFiles/pico-tail-controller.dir/home/pi/pico/pico-sdk/src/rp2_common/hardware_clocks/clocks.c.obj
 .rodata.clock_configure.str1.4
                0x10005878       0x53 CMakeFiles/pico-tail-controller.dir/home/pi/pico/pico-sdk/src/rp2_common/hardware_clocks/clocks.c.obj
 *fill*         0x100058cb        0x1 
 .rodata.__func__.4483
                0x100058cc        0x9 CMakeFiles/pico-tail-controller.dir/home/pi/pico/pico-sdk/src/rp2_common/hardware_pll/pll.c.obj
 *fill*         0x100058d5        0x3 
 .rodata.pll_init.str1.4
                0x100058d8      0x120 CMakeFiles/pico-tail-controller.dir/home/pi/pico/pico-sdk/src/rp2_common/hardware_pll/pll.c.obj
 .rodata.__assert_func.str1.4
                0x100059f8       0x3f CMakeFiles/pico-tail-controller.dir/home/pi/pico/pico-sdk/src/rp2_common/pico_runtime/runtime.c.obj
                                 0x43 (size before relaxing)
 *fill*         0x10005a37        0x1 
 .rodata.__func__.6437
                0x10005a38        0xd CMakeFiles/pico-tail-controller.dir/home/pi/pico/pico-sdk/src/rp2_common/pico_runtime/runtime.c.obj
 *fill*         0x10005a45        0x3 
 .rodata.panic.str1.4
                0x10005a48       0x10 CMakeFiles/pico-tail-controller.dir/home/pi/pico/pico-sdk/src/rp2_common/pico_runtime/runtime.c.obj
                                 0x12 (size before relaxing)
 .rodata.runtime_init.str1.4
                0x10005a58       0x5d CMakeFiles/pico-tail-controller.dir/home/pi/pico/pico-sdk/src/rp2_common/pico_runtime/runtime.c.obj
 *fill*         0x10005ab5        0x3 
 .rodata._vsnprintf
                0x10005ab8      0x1e0 CMakeFiles/pico-tail-controller.dir/home/pi/pico/pico-sdk/src/rp2_common/pico_printf/printf.c.obj
 .rodata._ftoa.str1.4
                0x10005c98       0x15 CMakeFiles/pico-tail-controller.dir/home/pi/pico/pico-sdk/src/rp2_common/pico_printf/printf.c.obj
 *fill*         0x10005cad        0x3 
 .rodata.pow10.5481
                0x10005cb0       0x50 CMakeFiles/pico-tail-controller.dir/home/pi/pico/pico-sdk/src/rp2_common/pico_printf/printf.c.obj
 .rodata.__aeabi_double_init.str1.4
                0x10005d00       0x98 CMakeFiles/pico-tail-controller.dir/home/pi/pico/pico-sdk/src/rp2_common/pico_double/double_init_rom.c.obj
 .rodata.__func__.4787
                0x10005d98       0x14 CMakeFiles/pico-tail-controller.dir/home/pi/pico/pico-sdk/src/rp2_common/pico_double/double_init_rom.c.obj
 .rodata.__aeabi_float_init.str1.4
                0x10005dac       0x76 CMakeFiles/pico-tail-controller.dir/home/pi/pico/pico-sdk/src/rp2_common/pico_float/float_init_rom.c.obj
                                 0x7a (size before relaxing)
 *fill*         0x10005e22        0x2 
 .rodata.__func__.4788
                0x10005e24       0x13 CMakeFiles/pico-tail-controller.dir/home/pi/pico/pico-sdk/src/rp2_common/pico_float/float_init_rom.c.obj
 *fill*         0x10005e37        0x1 
 .rodata.__bi_44
                0x10005e38        0xc CMakeFiles/pico-tail-controller.dir/home/pi/pico/pico-sdk/src/rp2_common/pico_standard_link/binary_info.c.obj
 .rodata.__bi_75
                0x10005e44        0xc CMakeFiles/pico-tail-controller.dir/home/pi/pico/pico-sdk/src/rp2_common/pico_standard_link/binary_info.c.obj
 .rodata.__bi_81
                0x10005e50        0xc CMakeFiles/pico-tail-controller.dir/home/pi/pico/pico-sdk/src/rp2_common/pico_standard_link/binary_info.c.obj
 .rodata.str1.4
                0x10005e5c       0x4c CMakeFiles/pico-tail-controller.dir/home/pi/pico/pico-sdk/src/rp2_common/pico_standard_link/binary_info.c.obj
 .rodata.__func__.5613
                0x10005ea8       0x15 CMakeFiles/pico-tail-controller.dir/home/pi/pico/pico-sdk/src/rp2_common/pico_stdio/stdio.c.obj
 *fill*         0x10005ebd        0x3 
 .rodata.crlf_str.6280
                0x10005ec0        0x2 CMakeFiles/pico-tail-controller.dir/home/pi/pico/pico-sdk/src/rp2_common/pico_stdio/stdio.c.obj
 .rodata.stdout_serialize_begin.str1.4
                0x10005ec2       0x5d CMakeFiles/pico-tail-controller.dir/home/pi/pico/pico-sdk/src/rp2_common/pico_stdio/stdio.c.obj
 *fill*         0x10005ec2        0x2 
 .rodata.__bi_33.4929
                0x10005ec4        0xc CMakeFiles/pico-tail-controller.dir/home/pi/pico/pico-sdk/src/rp2_common/pico_stdio_uart/stdio_uart.c.obj
 .rodata.__bi_34.4933
                0x10005ed0        0x8 CMakeFiles/pico-tail-controller.dir/home/pi/pico/pico-sdk/src/rp2_common/pico_stdio_uart/stdio_uart.c.obj
 .rodata.str1.4
                0x10005ed8       0x2c CMakeFiles/pico-tail-controller.dir/home/pi/pico/pico-sdk/src/rp2_common/pico_stdio_uart/stdio_uart.c.obj
 .rodata.__func__.4996
                0x10005f04       0x22 CMakeFiles/pico-tail-controller.dir/home/pi/pico/pico-sdk/src/rp2_common/pico_multicore/multicore.c.obj
 *fill*         0x10005f26        0x2 
 .rodata.multicore_launch_core1_with_stack.str1.4
                0x10005f28       0x19 CMakeFiles/pico-tail-controller.dir/home/pi/pico/pico-sdk/src/rp2_common/pico_multicore/multicore.c.obj
 *fill*         0x10005f41        0x3 
 .rodata.multicore_lockout_start_block_until.str1.4
                0x10005f44       0x59 CMakeFiles/pico-tail-controller.dir/home/pi/pico/pico-sdk/src/rp2_common/pico_multicore/multicore.c.obj
                0x10005fa0                . = ALIGN (0x4)
 *fill*         0x10005f9d        0x3 
 *(SORT_BY_ALIGNMENT(SORT_BY_NAME(.flashdata*)))
                0x10005fa0                . = ALIGN (0x4)

.ARM.extab
 *(.ARM.extab* .gnu.linkonce.armextab.*)
                0x10005fa0                __exidx_start = .

.ARM.exidx
 *(.ARM.exidx* .gnu.linkonce.armexidx.*)
                0x10005fa0                __exidx_end = .
                0x10005fa0                . = ALIGN (0x4)
                0x10005fa0                __binary_info_start = .

.binary_info    0x10005fa0       0x28
 *(.binary_info.keep.*)
 .binary_info.keep.__bi_ptr194
                0x10005fa0        0x4 CMakeFiles/pico-tail-controller.dir/main.c.obj
 .binary_info.keep.__bi_ptr22
                0x10005fa4        0x4 CMakeFiles/pico-tail-controller.dir/home/pi/pico/pico-sdk/src/rp2_common/pico_standard_link/binary_info.c.obj
 .binary_info.keep.__bi_ptr30
                0x10005fa8        0x4 CMakeFiles/pico-tail-controller.dir/home/pi/pico/pico-sdk/src/rp2_common/pico_standard_link/binary_info.c.obj
 .binary_info.keep.__bi_ptr38
                0x10005fac        0x4 CMakeFiles/pico-tail-controller.dir/home/pi/pico/pico-sdk/src/rp2_common/pico_standard_link/binary_info.c.obj
 .binary_info.keep.__bi_ptr44
                0x10005fb0        0x4 CMakeFiles/pico-tail-controller.dir/home/pi/pico/pico-sdk/src/rp2_common/pico_standard_link/binary_info.c.obj
 .binary_info.keep.__bi_ptr50
                0x10005fb4        0x4 CMakeFiles/pico-tail-controller.dir/home/pi/pico/pico-sdk/src/rp2_common/pico_standard_link/binary_info.c.obj
 .binary_info.keep.__bi_ptr75
                0x10005fb8        0x4 CMakeFiles/pico-tail-controller.dir/home/pi/pico/pico-sdk/src/rp2_common/pico_standard_link/binary_info.c.obj
 .binary_info.keep.__bi_ptr81
                0x10005fbc        0x4 CMakeFiles/pico-tail-controller.dir/home/pi/pico/pico-sdk/src/rp2_common/pico_standard_link/binary_info.c.obj
 *(.binary_info.*)
 .binary_info.__bi_ptr33
                0x10005fc0        0x4 CMakeFiles/pico-tail-controller.dir/home/pi/pico/pico-sdk/src/rp2_common/pico_stdio_uart/stdio_uart.c.obj
 .binary_info.__bi_ptr34
                0x10005fc4        0x4 CMakeFiles/pico-tail-controller.dir/home/pi/pico/pico-sdk/src/rp2_common/pico_stdio_uart/stdio_uart.c.obj
                0x10005fc8                __binary_info_end = .

.rel.dyn        0x10005fc8        0x0
 .rel.iplt      0x10005fc8        0x0 /usr/lib/gcc/arm-none-eabi/8.3.1/thumb/v6-m/nofp/crtbegin.o
                0x10005fc8                . = ALIGN (0x4)

.ram_vector_table
                0x20000000       0xc0
 *(.ram_vector_table)
 .ram_vector_table
                0x20000000       0xc0 CMakeFiles/pico-tail-controller.dir/home/pi/pico/pico-sdk/src/rp2_common/pico_runtime/runtime.c.obj
                0x20000000                ram_vector_table

.data           0x200000c0      0x33c load address 0x10005fc8
                0x200000c0                __data_start__ = .
 *(vtable)
 *(.time_critical*)
 .time_critical.mutex_try_enter
                0x200000c0       0x48 CMakeFiles/pico-tail-controller.dir/home/pi/pico/pico-sdk/src/common/pico_sync/mutex.c.obj
                0x200000c0                mutex_try_enter
 .time_critical.mutex_enter_block_until
                0x20000108       0x7c CMakeFiles/pico-tail-controller.dir/home/pi/pico/pico-sdk/src/common/pico_sync/mutex.c.obj
                0x20000108                mutex_enter_block_until
 .time_critical.mutex_try_enter_block_until
                0x20000184       0x34 CMakeFiles/pico-tail-controller.dir/home/pi/pico/pico-sdk/src/common/pico_sync/mutex.c.obj
                0x20000184                mutex_try_enter_block_until
 .time_critical.mutex_exit
                0x200001b8       0x4c CMakeFiles/pico-tail-controller.dir/home/pi/pico/pico-sdk/src/common/pico_sync/mutex.c.obj
                0x200001b8                mutex_exit
 *(.text*)
 .text          0x20000204       0x44 /usr/lib/gcc/arm-none-eabi/8.3.1/../../../arm-none-eabi/lib/thumb/v6-m/nofp/libm.a(lib_a-s_fmax.o)
                0x20000204                fmax
 .text          0x20000248       0x44 /usr/lib/gcc/arm-none-eabi/8.3.1/../../../arm-none-eabi/lib/thumb/v6-m/nofp/libm.a(lib_a-s_fmin.o)
                0x20000248                fmin
 .text          0x2000028c       0x58 /usr/lib/gcc/arm-none-eabi/8.3.1/../../../arm-none-eabi/lib/thumb/v6-m/nofp/libm.a(lib_a-s_fpclassify.o)
                0x2000028c                __fpclassifyd
 .text          0x200002e4        0x4 /usr/lib/gcc/arm-none-eabi/8.3.1/thumb/v6-m/nofp/libgcc.a(_dvmd_tls.o)
                0x200002e4                __aeabi_ldiv0
                0x200002e4                __aeabi_idiv0
 .text.__stub   0x200002e8       0x40 linker stubs
                0x20000328                . = ALIGN (0x4)
 *(.rodata*)
                0x20000328                . = ALIGN (0x4)
 *(.data*)
 .data.striped_spin_lock_num
                0x20000328        0x1 CMakeFiles/pico-tail-controller.dir/home/pi/pico/pico-sdk/src/rp2_common/hardware_sync/sync.c.obj
 *fill*         0x20000329        0x3 
 .data          0x2000032c       0x48 CMakeFiles/pico-tail-controller.dir/home/pi/pico/pico-sdk/src/rp2_common/hardware_irq/irq_handler_chain.S.obj
                0x2000032c                irq_handler_chain_slots
                0x2000035c                irq_handler_chain_first_slot
                0x20000366                irq_handler_chain_remove_tail
 .data.default_alarm_pool
                0x20000374       0x18 CMakeFiles/pico-tail-controller.dir/home/pi/pico/pico-sdk/src/common/pico_time/time.c.obj
 .data.default_alarm_pool_heap
                0x2000038c       0x10 CMakeFiles/pico-tail-controller.dir/home/pi/pico/pico-sdk/src/common/pico_time/time.c.obj
 *fill*         0x2000039c        0x4 
 .data.aeabi_bits_funcs
                0x200003a0       0x10 CMakeFiles/pico-tail-controller.dir/home/pi/pico/pico-sdk/src/rp2_common/pico_bit_ops/bit_ops_aeabi.S.obj
                0x200003a0                aeabi_bits_funcs
                0x200003b0                aeabi_bits_funcs_end
 .data.aeabi_mem_funcs
                0x200003b0       0x10 CMakeFiles/pico-tail-controller.dir/home/pi/pico/pico-sdk/src/rp2_common/pico_mem_ops/mem_ops_aeabi.S.obj
                0x200003b0                aeabi_mem_funcs
                0x200003c0                aeabi_mem_funcs_end
 .data.stdio_uart
                0x200003c0       0x18 CMakeFiles/pico-tail-controller.dir/home/pi/pico/pico-sdk/src/rp2_common/pico_stdio_uart/stdio_uart.c.obj
                0x200003c0                stdio_uart
                0x200003d8                . = ALIGN (0x4)
 *(.after_data.*)
                0x200003d8                . = ALIGN (0x4)
                0x200003d8                PROVIDE (__mutex_array_start = .)
 *(SORT_BY_NAME(.mutex_array.*))
 *(.mutex_array)
 .mutex_array   0x200003d8        0x8 CMakeFiles/pico-tail-controller.dir/home/pi/pico/pico-sdk/src/rp2_common/pico_malloc/pico_malloc.c.obj
 .mutex_array   0x200003e0        0x8 CMakeFiles/pico-tail-controller.dir/home/pi/pico/pico-sdk/src/rp2_common/pico_stdio/stdio.c.obj
                0x200003e8                PROVIDE (__mutex_array_end = .)
                0x200003e8                . = ALIGN (0x4)
                0x200003e8                PROVIDE (__preinit_array_start = .)
 *(SORT_BY_NAME(.preinit_array.*))
 .preinit_array.00001
                0x200003e8        0x4 CMakeFiles/pico-tail-controller.dir/home/pi/pico/pico-sdk/src/rp2_common/pico_mem_ops/mem_ops_aeabi.S.obj
 .preinit_array.00010
                0x200003ec        0x4 CMakeFiles/pico-tail-controller.dir/home/pi/pico/pico-sdk/src/rp2_common/pico_bit_ops/bit_ops_aeabi.S.obj
 .preinit_array.00020
                0x200003f0        0x4 CMakeFiles/pico-tail-controller.dir/home/pi/pico/pico-sdk/src/rp2_common/pico_double/double_aeabi.S.obj
 .preinit_array.00020
                0x200003f4        0x4 CMakeFiles/pico-tail-controller.dir/home/pi/pico/pico-sdk/src/rp2_common/pico_float/float_aeabi.S.obj
 *(.preinit_array)
                0x200003f8                PROVIDE (__preinit_array_end = .)
                0x200003f8                . = ALIGN (0x4)
                0x200003f8                PROVIDE (__init_array_start = .)
 *(SORT_BY_NAME(.init_array.*))
 *(.init_array)
 .init_array    0x200003f8        0x4 /usr/lib/gcc/arm-none-eabi/8.3.1/thumb/v6-m/nofp/crtbegin.o
                0x200003fc                PROVIDE (__init_array_end = .)
                0x200003fc                . = ALIGN (0x4)
                0x200003fc                PROVIDE (__fini_array_start = .)
 *(SORT_BY_NAME(.fini_array.*))
 *(.fini_array)
                0x200003fc                PROVIDE (__fini_array_end = .)
 *(.jcr)
                0x200003fc                . = ALIGN (0x4)
                0x200003fc                __data_end__ = .
                0x10005fc8                __etext = LOADADDR (.data)

.tm_clone_table
                0x200003fc        0x0 load address 0x10006304
 .tm_clone_table
                0x200003fc        0x0 /usr/lib/gcc/arm-none-eabi/8.3.1/thumb/v6-m/nofp/crtbegin.o
 .tm_clone_table
                0x200003fc        0x0 /usr/lib/gcc/arm-none-eabi/8.3.1/thumb/v6-m/nofp/crtend.o

.igot.plt       0x200003fc        0x0 load address 0x10006304
 .igot.plt      0x200003fc        0x0 /usr/lib/gcc/arm-none-eabi/8.3.1/thumb/v6-m/nofp/crtbegin.o

.uninitialized_data
                0x200003fc        0x0 load address 0x10006304
                0x200003fc                . = ALIGN (0x4)
 *(.uninitialized_data*)

.scratch_x      0x20040000        0x0 load address 0x10006304
                0x20040000                __scratch_x_start__ = .
 *(.scratch_x.*)
                0x20040000                . = ALIGN (0x4)
                0x20040000                __scratch_x_end__ = .
                0x10006304                __scratch_x_source__ = LOADADDR (.scratch_x)

.scratch_y      0x20041000        0x0 load address 0x10006304
                0x20041000                __scratch_y_start__ = .
 *(.scratch_y.*)
                0x20041000                . = ALIGN (0x4)
                0x20041000                __scratch_y_end__ = .
                0x10006304                __scratch_y_source__ = LOADADDR (.scratch_y)

.bss            0x20000400      0x46c
                0x20000400                . = ALIGN (0x4)
                0x20000400                __bss_start__ = .
 *(SORT_BY_ALIGNMENT(SORT_BY_NAME(.bss*)))
 .bss.default_alarm_pool_entries
                0x20000400      0x100 CMakeFiles/pico-tail-controller.dir/home/pi/pico/pico-sdk/src/common/pico_time/time.c.obj
 .bss           0x20000500       0x1c /usr/lib/gcc/arm-none-eabi/8.3.1/thumb/v6-m/nofp/crtbegin.o
 .bss.alarm_callbacks
                0x2000051c       0x10 CMakeFiles/pico-tail-controller.dir/home/pi/pico/pico-sdk/src/rp2_common/hardware_timer/timer.c.obj
 .bss.chars_available_callback
                0x2000052c        0x4 CMakeFiles/pico-tail-controller.dir/home/pi/pico/pico-sdk/src/rp2_common/pico_stdio_uart/stdio_uart.c.obj
 .bss.chars_available_param
                0x20000530        0x4 CMakeFiles/pico-tail-controller.dir/home/pi/pico/pico-sdk/src/rp2_common/pico_stdio_uart/stdio_uart.c.obj
 .bss.configured_freq
                0x20000534       0x28 CMakeFiles/pico-tail-controller.dir/home/pi/pico/pico-sdk/src/rp2_common/hardware_clocks/clocks.c.obj
 .bss.curpos0   0x2000055c        0x4 CMakeFiles/pico-tail-controller.dir/main.c.obj
                0x2000055c                curpos0
 .bss.curpos1   0x20000560        0x4 CMakeFiles/pico-tail-controller.dir/main.c.obj
                0x20000560                curpos1
 .bss.default_alarm_pool_entry_ids_high
                0x20000564       0x10 CMakeFiles/pico-tail-controller.dir/home/pi/pico/pico-sdk/src/common/pico_time/time.c.obj
 .bss.default_alarm_pool_heap_nodes
                0x20000574       0x30 CMakeFiles/pico-tail-controller.dir/home/pi/pico/pico-sdk/src/common/pico_time/time.c.obj
 .bss.difpos0   0x200005a4        0x4 CMakeFiles/pico-tail-controller.dir/main.c.obj
                0x200005a4                difpos0
 .bss.difpos1   0x200005a8        0x4 CMakeFiles/pico-tail-controller.dir/main.c.obj
                0x200005a8                difpos1
 .bss.drivers   0x200005ac        0x4 CMakeFiles/pico-tail-controller.dir/home/pi/pico/pico-sdk/src/rp2_common/pico_stdio/stdio.c.obj
 .bss.filter    0x200005b0        0x4 CMakeFiles/pico-tail-controller.dir/home/pi/pico/pico-sdk/src/rp2_common/pico_stdio/stdio.c.obj
 .bss.pools     0x200005b4       0x10 CMakeFiles/pico-tail-controller.dir/home/pi/pico/pico-sdk/src/common/pico_time/time.c.obj
 .bss.sf_clz_func
                0x200005c4        0x4 CMakeFiles/pico-tail-controller.dir/home/pi/pico/pico-sdk/src/rp2_common/pico_double/double_init_rom.c.obj
                0x200005c4                sf_clz_func
 .bss.sleep_notifier
                0x200005c8        0x4 CMakeFiles/pico-tail-controller.dir/home/pi/pico/pico-sdk/src/common/pico_time/time.c.obj
 .bss.target_hi
                0x200005cc       0x10 CMakeFiles/pico-tail-controller.dir/home/pi/pico/pico-sdk/src/rp2_common/hardware_timer/timer.c.obj
 .bss.tarpos0   0x200005dc        0x4 CMakeFiles/pico-tail-controller.dir/main.c.obj
                0x200005dc                tarpos0
 .bss.tarpos1   0x200005e0        0x4 CMakeFiles/pico-tail-controller.dir/main.c.obj
                0x200005e0                tarpos1
 .bss.uart_instance
                0x200005e4        0x4 CMakeFiles/pico-tail-controller.dir/home/pi/pico/pico-sdk/src/rp2_common/pico_stdio_uart/stdio_uart.c.obj
 .bss.claimed   0x200005e8        0x1 CMakeFiles/pico-tail-controller.dir/home/pi/pico/pico-sdk/src/rp2_common/hardware_timer/timer.c.obj
 .bss.irq_hander_chain_free_slot_head
                0x200005e9        0x1 CMakeFiles/pico-tail-controller.dir/home/pi/pico/pico-sdk/src/rp2_common/hardware_irq/irq.c.obj
 .bss.timer_callbacks_pending
                0x200005ea        0x1 CMakeFiles/pico-tail-controller.dir/home/pi/pico/pico-sdk/src/rp2_common/hardware_timer/timer.c.obj
 *(COMMON)
 *fill*         0x200005eb        0x1 
 COMMON         0x200005ec       0x7a CMakeFiles/pico-tail-controller.dir/main.c.obj
                0x200005ec                cmid
                0x200005f0                scmdel
                0x200005fe                delta1
                0x20000600                cmaxi
                0x20000602                temadcinr0
                0x20000604                sresult
                0x20000608                in_buf0
                0x2000060c                cmdel
                0x20000610                msdel
                0x20000612                adcinr0
                0x20000614                ddid
                0x20000618                sin_buf0
                0x2000061a                adcinr1
                0x2000061c                chin_buf0
                0x20000620                delta0
                0x20000624                fresult
                0x20000628                cmdir
                0x2000062a                temadcinr1
                0x2000062c                uin
                0x20000630                suin
                0x20000634                int_str
 *fill*         0x20000666        0x2 
 COMMON         0x20000668        0x4 CMakeFiles/pico-tail-controller.dir/home/pi/pico/pico-sdk/src/rp2_common/hardware_uart/uart.c.obj
                0x20000668                uart_char_to_line_feed
 COMMON         0x2000066c      0x100 CMakeFiles/pico-tail-controller.dir/home/pi/pico/pico-sdk/src/rp2_common/pico_double/double_init_rom.c.obj
                0x2000066c                sd_table
 COMMON         0x2000076c      0x100 CMakeFiles/pico-tail-controller.dir/home/pi/pico/pico-sdk/src/rp2_common/pico_float/float_init_rom.c.obj
                0x2000076c                sf_table
                0x2000086c                . = ALIGN (0x4)
                0x2000086c                __bss_end__ = .

.heap           0x2000086c      0x800
                0x2000086c                __end__ = .
                0x2000086c                end = __end__
 *(.heap*)
 .heap          0x2000086c      0x800 CMakeFiles/pico-tail-controller.dir/home/pi/pico/pico-sdk/src/rp2_common/pico_standard_link/crt0.S.obj
                0x2000106c                __HeapLimit = .

.stack1_dummy   0x20040000      0x800
 *(.stack1*)
 .stack1        0x20040000      0x800 CMakeFiles/pico-tail-controller.dir/home/pi/pico/pico-sdk/src/rp2_common/pico_multicore/multicore.c.obj

.stack_dummy    0x20041000      0x800
 *(.stack*)
 .stack         0x20041000      0x800 CMakeFiles/pico-tail-controller.dir/home/pi/pico/pico-sdk/src/rp2_common/pico_standard_link/crt0.S.obj

.flash_end      0x10006304        0x0
                0x10006304                PROVIDE (__flash_binary_end = .)
                0x20040000                __StackLimit = (ORIGIN (RAM) + LENGTH (RAM))
                0x20041000                __StackOneTop = (ORIGIN (SCRATCH_X) + LENGTH (SCRATCH_X))
                0x20042000                __StackTop = (ORIGIN (SCRATCH_Y) + LENGTH (SCRATCH_Y))
                0x20040800                __StackOneBottom = (__StackOneTop - SIZEOF (.stack1_dummy))
                0x20041800                __StackBottom = (__StackTop - SIZEOF (.stack_dummy))
                0x20042000                PROVIDE (__stack = __StackTop)
                0x00000001                ASSERT ((__StackLimit >= __HeapLimit), region RAM overflowed)
                0x00000001                ASSERT (((__binary_info_header_end - __logical_binary_start) <= 0x100), Binary info must be in first 256 bytes of the binary)
LOAD CMakeFiles/pico-tail-controller.dir/main.c.obj
LOAD CMakeFiles/pico-tail-controller.dir/home/pi/pico/pico-sdk/src/rp2_common/pico_stdlib/stdlib.c.obj
LOAD CMakeFiles/pico-tail-controller.dir/home/pi/pico/pico-sdk/src/rp2_common/hardware_gpio/gpio.c.obj
LOAD CMakeFiles/pico-tail-controller.dir/home/pi/pico/pico-sdk/src/rp2_common/pico_platform/platform.c.obj
LOAD CMakeFiles/pico-tail-controller.dir/home/pi/pico/pico-sdk/src/rp2_common/hardware_claim/claim.c.obj
LOAD CMakeFiles/pico-tail-controller.dir/home/pi/pico/pico-sdk/src/rp2_common/hardware_sync/sync.c.obj
LOAD CMakeFiles/pico-tail-controller.dir/home/pi/pico/pico-sdk/src/rp2_common/hardware_irq/irq.c.obj
LOAD CMakeFiles/pico-tail-controller.dir/home/pi/pico/pico-sdk/src/rp2_common/hardware_irq/irq_handler_chain.S.obj
LOAD CMakeFiles/pico-tail-controller.dir/home/pi/pico/pico-sdk/src/common/pico_sync/sem.c.obj
LOAD CMakeFiles/pico-tail-controller.dir/home/pi/pico/pico-sdk/src/common/pico_sync/lock_core.c.obj
LOAD CMakeFiles/pico-tail-controller.dir/home/pi/pico/pico-sdk/src/common/pico_sync/mutex.c.obj
LOAD CMakeFiles/pico-tail-controller.dir/home/pi/pico/pico-sdk/src/common/pico_sync/critical_section.c.obj
LOAD CMakeFiles/pico-tail-controller.dir/home/pi/pico/pico-sdk/src/common/pico_time/time.c.obj
LOAD CMakeFiles/pico-tail-controller.dir/home/pi/pico/pico-sdk/src/common/pico_time/timeout_helper.c.obj
LOAD CMakeFiles/pico-tail-controller.dir/home/pi/pico/pico-sdk/src/rp2_common/hardware_timer/timer.c.obj
LOAD CMakeFiles/pico-tail-controller.dir/home/pi/pico/pico-sdk/src/common/pico_util/datetime.c.obj
LOAD CMakeFiles/pico-tail-controller.dir/home/pi/pico/pico-sdk/src/common/pico_util/pheap.c.obj
LOAD CMakeFiles/pico-tail-controller.dir/home/pi/pico/pico-sdk/src/common/pico_util/queue.c.obj
LOAD CMakeFiles/pico-tail-controller.dir/home/pi/pico/pico-sdk/src/rp2_common/hardware_uart/uart.c.obj
LOAD CMakeFiles/pico-tail-controller.dir/home/pi/pico/pico-sdk/src/rp2_common/hardware_clocks/clocks.c.obj
LOAD CMakeFiles/pico-tail-controller.dir/home/pi/pico/pico-sdk/src/rp2_common/hardware_pll/pll.c.obj
LOAD CMakeFiles/pico-tail-controller.dir/home/pi/pico/pico-sdk/src/rp2_common/hardware_vreg/vreg.c.obj
LOAD CMakeFiles/pico-tail-controller.dir/home/pi/pico/pico-sdk/src/rp2_common/hardware_watchdog/watchdog.c.obj
LOAD CMakeFiles/pico-tail-controller.dir/home/pi/pico/pico-sdk/src/rp2_common/hardware_xosc/xosc.c.obj
LOAD CMakeFiles/pico-tail-controller.dir/home/pi/pico/pico-sdk/src/rp2_common/hardware_divider/divider.S.obj
LOAD CMakeFiles/pico-tail-controller.dir/home/pi/pico/pico-sdk/src/rp2_common/pico_runtime/runtime.c.obj
LOAD CMakeFiles/pico-tail-controller.dir/home/pi/pico/pico-sdk/src/rp2_common/pico_printf/printf.c.obj
LOAD CMakeFiles/pico-tail-controller.dir/home/pi/pico/pico-sdk/src/rp2_common/pico_bit_ops/bit_ops_aeabi.S.obj
LOAD CMakeFiles/pico-tail-controller.dir/home/pi/pico/pico-sdk/src/rp2_common/pico_bootrom/bootrom.c.obj
LOAD CMakeFiles/pico-tail-controller.dir/home/pi/pico/pico-sdk/src/rp2_common/pico_divider/divider.S.obj
LOAD CMakeFiles/pico-tail-controller.dir/home/pi/pico/pico-sdk/src/rp2_common/pico_double/double_aeabi.S.obj
LOAD CMakeFiles/pico-tail-controller.dir/home/pi/pico/pico-sdk/src/rp2_common/pico_double/double_init_rom.c.obj
LOAD CMakeFiles/pico-tail-controller.dir/home/pi/pico/pico-sdk/src/rp2_common/pico_double/double_math.c.obj
LOAD CMakeFiles/pico-tail-controller.dir/home/pi/pico/pico-sdk/src/rp2_common/pico_double/double_v1_rom_shim.S.obj
LOAD CMakeFiles/pico-tail-controller.dir/home/pi/pico/pico-sdk/src/rp2_common/pico_int64_ops/pico_int64_ops_aeabi.S.obj
LOAD CMakeFiles/pico-tail-controller.dir/home/pi/pico/pico-sdk/src/rp2_common/pico_float/float_aeabi.S.obj
LOAD CMakeFiles/pico-tail-controller.dir/home/pi/pico/pico-sdk/src/rp2_common/pico_float/float_init_rom.c.obj
LOAD CMakeFiles/pico-tail-controller.dir/home/pi/pico/pico-sdk/src/rp2_common/pico_float/float_math.c.obj
LOAD CMakeFiles/pico-tail-controller.dir/home/pi/pico/pico-sdk/src/rp2_common/pico_float/float_v1_rom_shim.S.obj
LOAD CMakeFiles/pico-tail-controller.dir/home/pi/pico/pico-sdk/src/rp2_common/pico_malloc/pico_malloc.c.obj
LOAD CMakeFiles/pico-tail-controller.dir/home/pi/pico/pico-sdk/src/rp2_common/pico_mem_ops/mem_ops_aeabi.S.obj
LOAD CMakeFiles/pico-tail-controller.dir/home/pi/pico/pico-sdk/src/rp2_common/pico_standard_link/crt0.S.obj
LOAD CMakeFiles/pico-tail-controller.dir/home/pi/pico/pico-sdk/src/rp2_common/pico_standard_link/new_delete.cpp.obj
LOAD CMakeFiles/pico-tail-controller.dir/home/pi/pico/pico-sdk/src/rp2_common/pico_standard_link/binary_info.c.obj
LOAD CMakeFiles/pico-tail-controller.dir/home/pi/pico/pico-sdk/src/rp2_common/pico_stdio/stdio.c.obj
LOAD CMakeFiles/pico-tail-controller.dir/home/pi/pico/pico-sdk/src/rp2_common/pico_stdio_uart/stdio_uart.c.obj
LOAD CMakeFiles/pico-tail-controller.dir/home/pi/pico/pico-sdk/src/rp2_common/hardware_spi/spi.c.obj
LOAD CMakeFiles/pico-tail-controller.dir/home/pi/pico/pico-sdk/src/rp2_common/hardware_adc/adc.c.obj
LOAD CMakeFiles/pico-tail-controller.dir/home/pi/pico/pico-sdk/src/rp2_common/pico_multicore/multicore.c.obj
LOAD /tmp/ccvivGu9.o
LOAD /usr/lib/gcc/arm-none-eabi/8.3.1/../../../arm-none-eabi/lib/thumb/v6-m/nofp/libstdc++.a
LOAD /usr/lib/gcc/arm-none-eabi/8.3.1/../../../arm-none-eabi/lib/thumb/v6-m/nofp/libm.a
START GROUP
LOAD /usr/lib/gcc/arm-none-eabi/8.3.1/thumb/v6-m/nofp/libgcc.a
LOAD /usr/lib/gcc/arm-none-eabi/8.3.1/../../../arm-none-eabi/lib/thumb/v6-m/nofp/libg.a
LOAD /usr/lib/gcc/arm-none-eabi/8.3.1/../../../arm-none-eabi/lib/thumb/v6-m/nofp/libc.a
END GROUP
START GROUP
LOAD /usr/lib/gcc/arm-none-eabi/8.3.1/thumb/v6-m/nofp/libgcc.a
LOAD /usr/lib/gcc/arm-none-eabi/8.3.1/../../../arm-none-eabi/lib/thumb/v6-m/nofp/libc.a
LOAD /usr/lib/gcc/arm-none-eabi/8.3.1/../../../arm-none-eabi/lib/thumb/v6-m/nofp/libnosys.a
END GROUP
LOAD /usr/lib/gcc/arm-none-eabi/8.3.1/thumb/v6-m/nofp/crtend.o
LOAD /usr/lib/gcc/arm-none-eabi/8.3.1/thumb/v6-m/nofp/crtn.o
OUTPUT(pico-tail-controller.elf elf32-littlearm)
LOAD linker stubs

.ARM.attributes
                0x00000000       0x28
 .ARM.attributes
                0x00000000       0x1e /usr/lib/gcc/arm-none-eabi/8.3.1/thumb/v6-m/nofp/crti.o
 .ARM.attributes
                0x0000001e       0x2c /usr/lib/gcc/arm-none-eabi/8.3.1/thumb/v6-m/nofp/crtbegin.o
 .ARM.attributes
                0x0000004a       0x2c CMakeFiles/pico-tail-controller.dir/main.c.obj
 .ARM.attributes
                0x00000076       0x2c CMakeFiles/pico-tail-controller.dir/home/pi/pico/pico-sdk/src/rp2_common/hardware_gpio/gpio.c.obj
 .ARM.attributes
                0x000000a2       0x2c CMakeFiles/pico-tail-controller.dir/home/pi/pico/pico-sdk/src/rp2_common/pico_platform/platform.c.obj
 .ARM.attributes
                0x000000ce       0x2c CMakeFiles/pico-tail-controller.dir/home/pi/pico/pico-sdk/src/rp2_common/hardware_claim/claim.c.obj
 .ARM.attributes
                0x000000fa       0x2c CMakeFiles/pico-tail-controller.dir/home/pi/pico/pico-sdk/src/rp2_common/hardware_sync/sync.c.obj
 .ARM.attributes
                0x00000126       0x2c CMakeFiles/pico-tail-controller.dir/home/pi/pico/pico-sdk/src/rp2_common/hardware_irq/irq.c.obj
 .ARM.attributes
                0x00000152       0x22 CMakeFiles/pico-tail-controller.dir/home/pi/pico/pico-sdk/src/rp2_common/hardware_irq/irq_handler_chain.S.obj
 .ARM.attributes
                0x00000174       0x2c CMakeFiles/pico-tail-controller.dir/home/pi/pico/pico-sdk/src/common/pico_sync/lock_core.c.obj
 .ARM.attributes
                0x000001a0       0x2c CMakeFiles/pico-tail-controller.dir/home/pi/pico/pico-sdk/src/common/pico_sync/mutex.c.obj
 .ARM.attributes
                0x000001cc       0x2c CMakeFiles/pico-tail-controller.dir/home/pi/pico/pico-sdk/src/common/pico_time/time.c.obj
 .ARM.attributes
                0x000001f8       0x2c CMakeFiles/pico-tail-controller.dir/home/pi/pico/pico-sdk/src/rp2_common/hardware_timer/timer.c.obj
 .ARM.attributes
                0x00000224       0x2c CMakeFiles/pico-tail-controller.dir/home/pi/pico/pico-sdk/src/common/pico_util/pheap.c.obj
 .ARM.attributes
                0x00000250       0x2c CMakeFiles/pico-tail-controller.dir/home/pi/pico/pico-sdk/src/rp2_common/hardware_uart/uart.c.obj
 .ARM.attributes
                0x0000027c       0x2c CMakeFiles/pico-tail-controller.dir/home/pi/pico/pico-sdk/src/rp2_common/hardware_clocks/clocks.c.obj
 .ARM.attributes
                0x000002a8       0x2c CMakeFiles/pico-tail-controller.dir/home/pi/pico/pico-sdk/src/rp2_common/hardware_pll/pll.c.obj
 .ARM.attributes
                0x000002d4       0x2c CMakeFiles/pico-tail-controller.dir/home/pi/pico/pico-sdk/src/rp2_common/hardware_watchdog/watchdog.c.obj
 .ARM.attributes
                0x00000300       0x2c CMakeFiles/pico-tail-controller.dir/home/pi/pico/pico-sdk/src/rp2_common/hardware_xosc/xosc.c.obj
 .ARM.attributes
                0x0000032c       0x2c CMakeFiles/pico-tail-controller.dir/home/pi/pico/pico-sdk/src/rp2_common/pico_runtime/runtime.c.obj
 .ARM.attributes
                0x00000358       0x2c CMakeFiles/pico-tail-controller.dir/home/pi/pico/pico-sdk/src/rp2_common/pico_printf/printf.c.obj
 .ARM.attributes
                0x00000384       0x22 CMakeFiles/pico-tail-controller.dir/home/pi/pico/pico-sdk/src/rp2_common/pico_bit_ops/bit_ops_aeabi.S.obj
 .ARM.attributes
                0x000003a6       0x2c CMakeFiles/pico-tail-controller.dir/home/pi/pico/pico-sdk/src/rp2_common/pico_bootrom/bootrom.c.obj
 .ARM.attributes
                0x000003d2       0x22 CMakeFiles/pico-tail-controller.dir/home/pi/pico/pico-sdk/src/rp2_common/pico_divider/divider.S.obj
 .ARM.attributes
                0x000003f4       0x22 CMakeFiles/pico-tail-controller.dir/home/pi/pico/pico-sdk/src/rp2_common/pico_double/double_aeabi.S.obj
 .ARM.attributes
                0x00000416       0x2c CMakeFiles/pico-tail-controller.dir/home/pi/pico/pico-sdk/src/rp2_common/pico_double/double_init_rom.c.obj
 .ARM.attributes
                0x00000442       0x22 CMakeFiles/pico-tail-controller.dir/home/pi/pico/pico-sdk/src/rp2_common/pico_double/double_v1_rom_shim.S.obj
 .ARM.attributes
                0x00000464       0x22 CMakeFiles/pico-tail-controller.dir/home/pi/pico/pico-sdk/src/rp2_common/pico_int64_ops/pico_int64_ops_aeabi.S.obj
 .ARM.attributes
                0x00000486       0x22 CMakeFiles/pico-tail-controller.dir/home/pi/pico/pico-sdk/src/rp2_common/pico_float/float_aeabi.S.obj
 .ARM.attributes
                0x000004a8       0x2c CMakeFiles/pico-tail-controller.dir/home/pi/pico/pico-sdk/src/rp2_common/pico_float/float_init_rom.c.obj
 .ARM.attributes
                0x000004d4       0x22 CMakeFiles/pico-tail-controller.dir/home/pi/pico/pico-sdk/src/rp2_common/pico_float/float_v1_rom_shim.S.obj
 .ARM.attributes
                0x000004f6       0x2c CMakeFiles/pico-tail-controller.dir/home/pi/pico/pico-sdk/src/rp2_common/pico_malloc/pico_malloc.c.obj
 .ARM.attributes
                0x00000522       0x22 CMakeFiles/pico-tail-controller.dir/home/pi/pico/pico-sdk/src/rp2_common/pico_mem_ops/mem_ops_aeabi.S.obj
 .ARM.attributes
                0x00000544       0x22 CMakeFiles/pico-tail-controller.dir/home/pi/pico/pico-sdk/src/rp2_common/pico_standard_link/crt0.S.obj
 .ARM.attributes
                0x00000566       0x32 CMakeFiles/pico-tail-controller.dir/home/pi/pico/pico-sdk/src/rp2_common/pico_standard_link/binary_info.c.obj
 .ARM.attributes
                0x00000598       0x2c CMakeFiles/pico-tail-controller.dir/home/pi/pico/pico-sdk/src/rp2_common/pico_stdio/stdio.c.obj
 .ARM.attributes
                0x000005c4       0x2c CMakeFiles/pico-tail-controller.dir/home/pi/pico/pico-sdk/src/rp2_common/pico_stdio_uart/stdio_uart.c.obj
 .ARM.attributes
                0x000005f0       0x2c CMakeFiles/pico-tail-controller.dir/home/pi/pico/pico-sdk/src/rp2_common/hardware_spi/spi.c.obj
 .ARM.attributes
                0x0000061c       0x2c CMakeFiles/pico-tail-controller.dir/home/pi/pico/pico-sdk/src/rp2_common/hardware_adc/adc.c.obj
 .ARM.attributes
                0x00000648       0x2c CMakeFiles/pico-tail-controller.dir/home/pi/pico/pico-sdk/src/rp2_common/pico_multicore/multicore.c.obj
 .ARM.attributes
                0x00000674       0x22 /tmp/ccvivGu9.o
 .ARM.attributes
                0x00000696       0x2c /usr/lib/gcc/arm-none-eabi/8.3.1/../../../arm-none-eabi/lib/thumb/v6-m/nofp/libm.a(lib_a-s_fmax.o)
 .ARM.attributes
                0x000006c2       0x2c /usr/lib/gcc/arm-none-eabi/8.3.1/../../../arm-none-eabi/lib/thumb/v6-m/nofp/libm.a(lib_a-s_fmin.o)
 .ARM.attributes
                0x000006ee       0x2c /usr/lib/gcc/arm-none-eabi/8.3.1/../../../arm-none-eabi/lib/thumb/v6-m/nofp/libm.a(lib_a-s_fpclassify.o)
 .ARM.attributes
                0x0000071a       0x1e /usr/lib/gcc/arm-none-eabi/8.3.1/thumb/v6-m/nofp/libgcc.a(_dvmd_tls.o)
 .ARM.attributes
                0x00000738       0x2c /usr/lib/gcc/arm-none-eabi/8.3.1/../../../arm-none-eabi/lib/thumb/v6-m/nofp/libg.a(lib_a-strlen-stub.o)
 .ARM.attributes
                0x00000764       0x2c /usr/lib/gcc/arm-none-eabi/8.3.1/thumb/v6-m/nofp/crtend.o

.comment        0x00000000       0x9f
 .comment       0x00000000       0x51 /usr/lib/gcc/arm-none-eabi/8.3.1/thumb/v6-m/nofp/crtbegin.o
                                 0x52 (size before relaxing)
 .comment       0x00000051       0x52 CMakeFiles/pico-tail-controller.dir/main.c.obj
 .comment       0x00000051       0x52 CMakeFiles/pico-tail-controller.dir/home/pi/pico/pico-sdk/src/rp2_common/hardware_gpio/gpio.c.obj
 .comment       0x00000051       0x52 CMakeFiles/pico-tail-controller.dir/home/pi/pico/pico-sdk/src/rp2_common/pico_platform/platform.c.obj
 .comment       0x00000051       0x52 CMakeFiles/pico-tail-controller.dir/home/pi/pico/pico-sdk/src/rp2_common/hardware_claim/claim.c.obj
 .comment       0x00000051       0x52 CMakeFiles/pico-tail-controller.dir/home/pi/pico/pico-sdk/src/rp2_common/hardware_sync/sync.c.obj
 .comment       0x00000051       0x52 CMakeFiles/pico-tail-controller.dir/home/pi/pico/pico-sdk/src/rp2_common/hardware_irq/irq.c.obj
 .comment       0x00000051       0x52 CMakeFiles/pico-tail-controller.dir/home/pi/pico/pico-sdk/src/common/pico_sync/lock_core.c.obj
 .comment       0x00000051       0x52 CMakeFiles/pico-tail-controller.dir/home/pi/pico/pico-sdk/src/common/pico_sync/mutex.c.obj
 .comment       0x00000051       0x52 CMakeFiles/pico-tail-controller.dir/home/pi/pico/pico-sdk/src/common/pico_time/time.c.obj
 .comment       0x00000051       0x52 CMakeFiles/pico-tail-controller.dir/home/pi/pico/pico-sdk/src/rp2_common/hardware_timer/timer.c.obj
 .comment       0x00000051       0x52 CMakeFiles/pico-tail-controller.dir/home/pi/pico/pico-sdk/src/common/pico_util/pheap.c.obj
 .comment       0x00000051       0x52 CMakeFiles/pico-tail-controller.dir/home/pi/pico/pico-sdk/src/rp2_common/hardware_uart/uart.c.obj
 .comment       0x00000051       0x52 CMakeFiles/pico-tail-controller.dir/home/pi/pico/pico-sdk/src/rp2_common/hardware_clocks/clocks.c.obj
 .comment       0x00000051       0x52 CMakeFiles/pico-tail-controller.dir/home/pi/pico/pico-sdk/src/rp2_common/hardware_pll/pll.c.obj
 .comment       0x00000051       0x52 CMakeFiles/pico-tail-controller.dir/home/pi/pico/pico-sdk/src/rp2_common/hardware_watchdog/watchdog.c.obj
 .comment       0x00000051       0x52 CMakeFiles/pico-tail-controller.dir/home/pi/pico/pico-sdk/src/rp2_common/hardware_xosc/xosc.c.obj
 .comment       0x00000051       0x52 CMakeFiles/pico-tail-controller.dir/home/pi/pico/pico-sdk/src/rp2_common/pico_runtime/runtime.c.obj
 .comment       0x00000051       0x52 CMakeFiles/pico-tail-controller.dir/home/pi/pico/pico-sdk/src/rp2_common/pico_printf/printf.c.obj
 .comment       0x00000051       0x52 CMakeFiles/pico-tail-controller.dir/home/pi/pico/pico-sdk/src/rp2_common/pico_bootrom/bootrom.c.obj
 .comment       0x00000051       0x52 CMakeFiles/pico-tail-controller.dir/home/pi/pico/pico-sdk/src/rp2_common/pico_double/double_init_rom.c.obj
 .comment       0x00000051       0x52 CMakeFiles/pico-tail-controller.dir/home/pi/pico/pico-sdk/src/rp2_common/pico_float/float_init_rom.c.obj
 .comment       0x00000051       0x52 CMakeFiles/pico-tail-controller.dir/home/pi/pico/pico-sdk/src/rp2_common/pico_malloc/pico_malloc.c.obj
 .comment       0x00000051       0x52 CMakeFiles/pico-tail-controller.dir/home/pi/pico/pico-sdk/src/rp2_common/pico_standard_link/binary_info.c.obj
 .comment       0x00000051       0x52 CMakeFiles/pico-tail-controller.dir/home/pi/pico/pico-sdk/src/rp2_common/pico_stdio/stdio.c.obj
 .comment       0x00000051       0x52 CMakeFiles/pico-tail-controller.dir/home/pi/pico/pico-sdk/src/rp2_common/pico_stdio_uart/stdio_uart.c.obj
 .comment       0x00000051       0x52 CMakeFiles/pico-tail-controller.dir/home/pi/pico/pico-sdk/src/rp2_common/hardware_spi/spi.c.obj
 .comment       0x00000051       0x52 CMakeFiles/pico-tail-controller.dir/home/pi/pico/pico-sdk/src/rp2_common/hardware_adc/adc.c.obj
 .comment       0x00000051       0x52 CMakeFiles/pico-tail-controller.dir/home/pi/pico/pico-sdk/src/rp2_common/pico_multicore/multicore.c.obj
 .comment       0x00000051       0x4e /usr/lib/gcc/arm-none-eabi/8.3.1/../../../arm-none-eabi/lib/thumb/v6-m/nofp/libm.a(lib_a-s_fmax.o)
                                 0x4f (size before relaxing)
 .comment       0x0000009f       0x4f /usr/lib/gcc/arm-none-eabi/8.3.1/../../../arm-none-eabi/lib/thumb/v6-m/nofp/libm.a(lib_a-s_fmin.o)
 .comment       0x0000009f       0x4f /usr/lib/gcc/arm-none-eabi/8.3.1/../../../arm-none-eabi/lib/thumb/v6-m/nofp/libm.a(lib_a-s_fpclassify.o)
 .comment       0x0000009f       0x4f /usr/lib/gcc/arm-none-eabi/8.3.1/../../../arm-none-eabi/lib/thumb/v6-m/nofp/libg.a(lib_a-strlen-stub.o)
 .comment       0x0000009f       0x52 /usr/lib/gcc/arm-none-eabi/8.3.1/thumb/v6-m/nofp/crtend.o

.debug_info     0x00000000    0x234e5
 .debug_info    0x00000000     0x394a CMakeFiles/pico-tail-controller.dir/main.c.obj
 .debug_info    0x0000394a     0x1860 CMakeFiles/pico-tail-controller.dir/home/pi/pico/pico-sdk/src/rp2_common/hardware_gpio/gpio.c.obj
 .debug_info    0x000051aa      0x1cb CMakeFiles/pico-tail-controller.dir/home/pi/pico/pico-sdk/src/rp2_common/pico_platform/platform.c.obj
 .debug_info    0x00005375      0x6aa CMakeFiles/pico-tail-controller.dir/home/pi/pico/pico-sdk/src/rp2_common/hardware_claim/claim.c.obj
 .debug_info    0x00005a1f      0x591 CMakeFiles/pico-tail-controller.dir/home/pi/pico/pico-sdk/src/rp2_common/hardware_sync/sync.c.obj
 .debug_info    0x00005fb0     0x1cfa CMakeFiles/pico-tail-controller.dir/home/pi/pico/pico-sdk/src/rp2_common/hardware_irq/irq.c.obj
 .debug_info    0x00007caa       0x26 CMakeFiles/pico-tail-controller.dir/home/pi/pico/pico-sdk/src/rp2_common/hardware_irq/irq_handler_chain.S.obj
 .debug_info    0x00007cd0      0x1ed CMakeFiles/pico-tail-controller.dir/home/pi/pico/pico-sdk/src/common/pico_sync/lock_core.c.obj
 .debug_info    0x00007ebd     0x20e8 CMakeFiles/pico-tail-controller.dir/home/pi/pico/pico-sdk/src/common/pico_sync/mutex.c.obj
 .debug_info    0x00009fa5     0x493f CMakeFiles/pico-tail-controller.dir/home/pi/pico/pico-sdk/src/common/pico_time/time.c.obj
 .debug_info    0x0000e8e4     0x13ac CMakeFiles/pico-tail-controller.dir/home/pi/pico/pico-sdk/src/rp2_common/hardware_timer/timer.c.obj
 .debug_info    0x0000fc90     0x1ada CMakeFiles/pico-tail-controller.dir/home/pi/pico/pico-sdk/src/common/pico_util/pheap.c.obj
 .debug_info    0x0001176a      0xd92 CMakeFiles/pico-tail-controller.dir/home/pi/pico/pico-sdk/src/rp2_common/hardware_uart/uart.c.obj
 .debug_info    0x000124fc      0xf45 CMakeFiles/pico-tail-controller.dir/home/pi/pico/pico-sdk/src/rp2_common/hardware_clocks/clocks.c.obj
 .debug_info    0x00013441      0x4e8 CMakeFiles/pico-tail-controller.dir/home/pi/pico/pico-sdk/src/rp2_common/hardware_pll/pll.c.obj
 .debug_info    0x00013929      0xd7d CMakeFiles/pico-tail-controller.dir/home/pi/pico/pico-sdk/src/rp2_common/hardware_watchdog/watchdog.c.obj
 .debug_info    0x000146a6      0x1b8 CMakeFiles/pico-tail-controller.dir/home/pi/pico/pico-sdk/src/rp2_common/hardware_xosc/xosc.c.obj
 .debug_info    0x0001485e     0x1929 CMakeFiles/pico-tail-controller.dir/home/pi/pico/pico-sdk/src/rp2_common/pico_runtime/runtime.c.obj
 .debug_info    0x00016187     0x2032 CMakeFiles/pico-tail-controller.dir/home/pi/pico/pico-sdk/src/rp2_common/pico_printf/printf.c.obj
 .debug_info    0x000181b9       0x22 CMakeFiles/pico-tail-controller.dir/home/pi/pico/pico-sdk/src/rp2_common/pico_bit_ops/bit_ops_aeabi.S.obj
 .debug_info    0x000181db      0x262 CMakeFiles/pico-tail-controller.dir/home/pi/pico/pico-sdk/src/rp2_common/pico_bootrom/bootrom.c.obj
 .debug_info    0x0001843d       0x22 CMakeFiles/pico-tail-controller.dir/home/pi/pico/pico-sdk/src/rp2_common/pico_divider/divider.S.obj
 .debug_info    0x0001845f       0x22 CMakeFiles/pico-tail-controller.dir/home/pi/pico/pico-sdk/src/rp2_common/pico_double/double_aeabi.S.obj
 .debug_info    0x00018481      0xb2a CMakeFiles/pico-tail-controller.dir/home/pi/pico/pico-sdk/src/rp2_common/pico_double/double_init_rom.c.obj
 .debug_info    0x00018fab       0x22 CMakeFiles/pico-tail-controller.dir/home/pi/pico/pico-sdk/src/rp2_common/pico_double/double_v1_rom_shim.S.obj
 .debug_info    0x00018fcd       0x26 CMakeFiles/pico-tail-controller.dir/home/pi/pico/pico-sdk/src/rp2_common/pico_int64_ops/pico_int64_ops_aeabi.S.obj
 .debug_info    0x00018ff3       0x22 CMakeFiles/pico-tail-controller.dir/home/pi/pico/pico-sdk/src/rp2_common/pico_float/float_aeabi.S.obj
 .debug_info    0x00019015      0xb44 CMakeFiles/pico-tail-controller.dir/home/pi/pico/pico-sdk/src/rp2_common/pico_float/float_init_rom.c.obj
 .debug_info    0x00019b59       0x22 CMakeFiles/pico-tail-controller.dir/home/pi/pico/pico-sdk/src/rp2_common/pico_float/float_v1_rom_shim.S.obj
 .debug_info    0x00019b7b      0xd74 CMakeFiles/pico-tail-controller.dir/home/pi/pico/pico-sdk/src/rp2_common/pico_malloc/pico_malloc.c.obj
 .debug_info    0x0001a8ef       0x22 CMakeFiles/pico-tail-controller.dir/home/pi/pico/pico-sdk/src/rp2_common/pico_mem_ops/mem_ops_aeabi.S.obj
 .debug_info    0x0001a911       0x22 CMakeFiles/pico-tail-controller.dir/home/pi/pico/pico-sdk/src/rp2_common/pico_standard_link/crt0.S.obj
 .debug_info    0x0001a933      0x2cb CMakeFiles/pico-tail-controller.dir/home/pi/pico/pico-sdk/src/rp2_common/pico_standard_link/binary_info.c.obj
 .debug_info    0x0001abfe     0x20dc CMakeFiles/pico-tail-controller.dir/home/pi/pico/pico-sdk/src/rp2_common/pico_stdio/stdio.c.obj
 .debug_info    0x0001ccda     0x1025 CMakeFiles/pico-tail-controller.dir/home/pi/pico/pico-sdk/src/rp2_common/pico_stdio_uart/stdio_uart.c.obj
 .debug_info    0x0001dcff     0x1131 CMakeFiles/pico-tail-controller.dir/home/pi/pico/pico-sdk/src/rp2_common/hardware_spi/spi.c.obj
 .debug_info    0x0001ee30      0x2b6 CMakeFiles/pico-tail-controller.dir/home/pi/pico/pico-sdk/src/rp2_common/hardware_adc/adc.c.obj
 .debug_info    0x0001f0e6     0x1cf1 CMakeFiles/pico-tail-controller.dir/home/pi/pico/pico-sdk/src/rp2_common/pico_multicore/multicore.c.obj
 .debug_info    0x00020dd7      0x9b6 /usr/lib/gcc/arm-none-eabi/8.3.1/../../../arm-none-eabi/lib/thumb/v6-m/nofp/libm.a(lib_a-s_fmax.o)
 .debug_info    0x0002178d      0x9b6 /usr/lib/gcc/arm-none-eabi/8.3.1/../../../arm-none-eabi/lib/thumb/v6-m/nofp/libm.a(lib_a-s_fmin.o)
 .debug_info    0x00022143      0xa09 /usr/lib/gcc/arm-none-eabi/8.3.1/../../../arm-none-eabi/lib/thumb/v6-m/nofp/libm.a(lib_a-s_fpclassify.o)
 .debug_info    0x00022b4c       0x26 /usr/lib/gcc/arm-none-eabi/8.3.1/thumb/v6-m/nofp/libgcc.a(_dvmd_tls.o)