Archive member included to satisfy reference by file (symbol)

/usr/lib/gcc/arm-none-eabi/8.3.1/thumb/v6-m/nofp/libgcc.a(_dvmd_tls.o)
                              CMakeFiles/pico-FOREHEAD.dir/home/pi/pico/pico-sdk/src/rp2_common/pico_divider/divider.S.obj (__aeabi_idiv0)
/usr/lib/gcc/arm-none-eabi/8.3.1/../../../arm-none-eabi/lib/thumb/v6-m/nofp/libg.a(lib_a-atexit.o)
                              /usr/lib/gcc/arm-none-eabi/8.3.1/../../../arm-none-eabi/lib/thumb/v6-m/nofp/crt0.o (atexit)
/usr/lib/gcc/arm-none-eabi/8.3.1/../../../arm-none-eabi/lib/thumb/v6-m/nofp/libg.a(lib_a-calloc.o)
                              CMakeFiles/pico-FOREHEAD.dir/home/pi/pico/pico-sdk/src/rp2_common/pico_malloc/pico_malloc.c.obj (calloc)
/usr/lib/gcc/arm-none-eabi/8.3.1/../../../arm-none-eabi/lib/thumb/v6-m/nofp/libg.a(lib_a-callocr.o)
                              /usr/lib/gcc/arm-none-eabi/8.3.1/../../../arm-none-eabi/lib/thumb/v6-m/nofp/libg.a(lib_a-calloc.o) (_calloc_r)
/usr/lib/gcc/arm-none-eabi/8.3.1/../../../arm-none-eabi/lib/thumb/v6-m/nofp/libg.a(lib_a-fini.o)
                              /usr/lib/gcc/arm-none-eabi/8.3.1/../../../arm-none-eabi/lib/thumb/v6-m/nofp/crt0.o (__libc_fini_array)
/usr/lib/gcc/arm-none-eabi/8.3.1/../../../arm-none-eabi/lib/thumb/v6-m/nofp/libg.a(lib_a-impure.o)
                              /usr/lib/gcc/arm-none-eabi/8.3.1/../../../arm-none-eabi/lib/thumb/v6-m/nofp/libg.a(lib_a-calloc.o) (_impure_ptr)
/usr/lib/gcc/arm-none-eabi/8.3.1/../../../arm-none-eabi/lib/thumb/v6-m/nofp/libg.a(lib_a-init.o)
                              /usr/lib/gcc/arm-none-eabi/8.3.1/../../../arm-none-eabi/lib/thumb/v6-m/nofp/crt0.o (__libc_init_array)
/usr/lib/gcc/arm-none-eabi/8.3.1/../../../arm-none-eabi/lib/thumb/v6-m/nofp/libg.a(lib_a-malloc.o)
                              CMakeFiles/pico-FOREHEAD.dir/home/pi/pico/pico-sdk/src/rp2_common/pico_malloc/pico_malloc.c.obj (malloc)
/usr/lib/gcc/arm-none-eabi/8.3.1/../../../arm-none-eabi/lib/thumb/v6-m/nofp/libg.a(lib_a-mallocr.o)
                              /usr/lib/gcc/arm-none-eabi/8.3.1/../../../arm-none-eabi/lib/thumb/v6-m/nofp/libg.a(lib_a-callocr.o) (_malloc_r)
/usr/lib/gcc/arm-none-eabi/8.3.1/../../../arm-none-eabi/lib/thumb/v6-m/nofp/libg.a(lib_a-mlock.o)
                              /usr/lib/gcc/arm-none-eabi/8.3.1/../../../arm-none-eabi/lib/thumb/v6-m/nofp/libg.a(lib_a-mallocr.o) (__malloc_lock)
/usr/lib/gcc/arm-none-eabi/8.3.1/../../../arm-none-eabi/lib/thumb/v6-m/nofp/libg.a(lib_a-realloc.o)
                              CMakeFiles/pico-FOREHEAD.dir/home/pi/pico/pico-sdk/src/rp2_common/pico_malloc/pico_malloc.c.obj (realloc)
/usr/lib/gcc/arm-none-eabi/8.3.1/../../../arm-none-eabi/lib/thumb/v6-m/nofp/libg.a(lib_a-reallocr.o)
                              /usr/lib/gcc/arm-none-eabi/8.3.1/../../../arm-none-eabi/lib/thumb/v6-m/nofp/libg.a(lib_a-realloc.o) (_realloc_r)
/usr/lib/gcc/arm-none-eabi/8.3.1/../../../arm-none-eabi/lib/thumb/v6-m/nofp/libg.a(lib_a-sbrkr.o)
                              /usr/lib/gcc/arm-none-eabi/8.3.1/../../../arm-none-eabi/lib/thumb/v6-m/nofp/libg.a(lib_a-mallocr.o) (_sbrk_r)
/usr/lib/gcc/arm-none-eabi/8.3.1/../../../arm-none-eabi/lib/thumb/v6-m/nofp/libg.a(lib_a-strlen-stub.o)
                              CMakeFiles/pico-FOREHEAD.dir/home/pi/pico/pico-sdk/src/rp2_common/pico_stdio/stdio.c.obj (strlen)
/usr/lib/gcc/arm-none-eabi/8.3.1/../../../arm-none-eabi/lib/thumb/v6-m/nofp/libg.a(lib_a-__atexit.o)
                              /usr/lib/gcc/arm-none-eabi/8.3.1/../../../arm-none-eabi/lib/thumb/v6-m/nofp/libg.a(lib_a-atexit.o) (__register_exitproc)
/usr/lib/gcc/arm-none-eabi/8.3.1/../../../arm-none-eabi/lib/thumb/v6-m/nofp/libg.a(lib_a-freer.o)
                              /usr/lib/gcc/arm-none-eabi/8.3.1/../../../arm-none-eabi/lib/thumb/v6-m/nofp/libg.a(lib_a-malloc.o) (_free_r)
/usr/lib/gcc/arm-none-eabi/8.3.1/../../../arm-none-eabi/lib/thumb/v6-m/nofp/libg.a(lib_a-memmove.o)
                              /usr/lib/gcc/arm-none-eabi/8.3.1/../../../arm-none-eabi/lib/thumb/v6-m/nofp/libg.a(lib_a-reallocr.o) (memmove)
/usr/lib/gcc/arm-none-eabi/8.3.1/../../../arm-none-eabi/lib/thumb/v6-m/nofp/libg.a(lib_a-reent.o)
                              /usr/lib/gcc/arm-none-eabi/8.3.1/../../../arm-none-eabi/lib/thumb/v6-m/nofp/libg.a(lib_a-sbrkr.o) (errno)

Allocating common symbols
Common symbol       size              file

sf_table            0x100             CMakeFiles/pico-FOREHEAD.dir/home/pi/pico/pico-sdk/src/rp2_common/pico_float/float_init_rom.c.obj
errno               0x4               /usr/lib/gcc/arm-none-eabi/8.3.1/../../../arm-none-eabi/lib/thumb/v6-m/nofp/libg.a(lib_a-reent.o)
sd_table            0x100             CMakeFiles/pico-FOREHEAD.dir/home/pi/pico/pico-sdk/src/rp2_common/pico_double/double_init_rom.c.obj
uart_char_to_line_feed
                    0x4               CMakeFiles/pico-FOREHEAD.dir/home/pi/pico/pico-sdk/src/rp2_common/hardware_uart/uart.c.obj

Discarded input sections

[...]
Memory Configuration

Name             Origin             Length             Attributes
FLASH            0x10000000         0x00200000         xr
RAM              0x20000000         0x00040000         xrw
SCRATCH_X        0x20040000         0x00001000         xrw
SCRATCH_Y        0x20041000         0x00001000         xrw
*default*        0x00000000         0xffffffff

Linker script and memory map

LOAD /usr/lib/gcc/arm-none-eabi/8.3.1/thumb/v6-m/nofp/crti.o
LOAD /usr/lib/gcc/arm-none-eabi/8.3.1/thumb/v6-m/nofp/crtbegin.o
LOAD /usr/lib/gcc/arm-none-eabi/8.3.1/../../../arm-none-eabi/lib/thumb/v6-m/nofp/crt0.o

.flash_begin    0x10000000        0x0
                0x10000000                __flash_binary_start = .

.boot2          0x10000000      0x100
                0x10000000                __boot2_start__ = .
 *(.boot2)
 .boot2         0x10000000      0x100 /tmp/ccYUNJtJ.o
                0x10000100                __boot2_end__ = .
                0x00000001                ASSERT (((__boot2_end__ - __boot2_start__) == 0x100), ERROR: Pico second stage bootloader must be 256 bytes in size)

.text           0x10000100     0x3f68
                0x10000100                __logical_binary_start = .
 *(.vectors)
 .vectors       0x10000100       0xd4 CMakeFiles/pico-FOREHEAD.dir/home/pi/pico/pico-sdk/src/rp2_common/pico_standard_link/crt0.S.obj
                0x10000100                __vectors
                0x10000100                __VECTOR_TABLE
                0x100001c0                isr_invalid
                0x100001c0                __default_isrs_start
                0x100001c2                isr_nmi
                0x100001c4                isr_hardfault
                0x100001c6                isr_svcall
                0x100001c8                isr_pendsv
                0x100001ca                isr_systick
                0x100001cc                isr_irq30
                0x100001cc                __unhandled_user_irq
                0x100001cc                isr_irq13
                0x100001cc                isr_irq27
                0x100001cc                isr_irq31
                0x100001cc                isr_irq5
                0x100001cc                isr_irq11
                0x100001cc                isr_irq23
                0x100001cc                isr_irq18
                0x100001cc                isr_irq28
                0x100001cc                isr_irq19
                0x100001cc                isr_irq0
                0x100001cc                isr_irq6
                0x100001cc                isr_irq22
                0x100001cc                isr_irq17
                0x100001cc                isr_irq14
                0x100001cc                isr_irq2
                0x100001cc                isr_irq10
                0x100001cc                isr_irq8
                0x100001cc                isr_irq24
                0x100001cc                isr_irq1
                0x100001cc                isr_irq7
                0x100001cc                isr_irq21
                0x100001cc                isr_irq20
                0x100001cc                isr_irq15
                0x100001cc                isr_irq25
                0x100001cc                isr_irq4
                0x100001cc                isr_irq16
                0x100001cc                isr_irq29
                0x100001cc                isr_irq26
                0x100001cc                __default_isrs_end
                0x100001cc                isr_irq3
                0x100001cc                isr_irq12
                0x100001cc                isr_irq9
                0x100001d2                unhandled_user_irq_num_in_r0
 *(.binary_info_header)
 .binary_info_header
                0x100001d4       0x14 CMakeFiles/pico-FOREHEAD.dir/home/pi/pico/pico-sdk/src/rp2_common/pico_standard_link/crt0.S.obj
                0x100001e8                __binary_info_header_end = .
 *(.reset)
 .reset         0x100001e8       0xa0 CMakeFiles/pico-FOREHEAD.dir/home/pi/pico/pico-sdk/src/rp2_common/pico_standard_link/crt0.S.obj
                0x100001e8                _entry_point
 .reset         0x10000288       0x30 CMakeFiles/pico-FOREHEAD.dir/home/pi/pico/pico-sdk/src/rp2_common/pico_standard_link/binary_info.c.obj
 *(.init)
 .init          0x100002b8        0x4 /usr/lib/gcc/arm-none-eabi/8.3.1/thumb/v6-m/nofp/crti.o
                0x100002b8                _init
 *(EXCLUDE_FILE(*libm.a: *libc.a:*lib_a-mem*.o *libgcc.a:) .text*)
 .text          0x100002bc       0x98 /usr/lib/gcc/arm-none-eabi/8.3.1/thumb/v6-m/nofp/crtbegin.o
 .text.main     0x10000354        0x2 CMakeFiles/pico-FOREHEAD.dir/main.c.obj
                0x10000354                main
 *fill*         0x10000356        0x2 
 .text.running_on_fpga
                0x10000358       0x14 CMakeFiles/pico-FOREHEAD.dir/home/pi/pico/pico-sdk/src/rp2_common/pico_platform/platform.c.obj
                0x10000358                running_on_fpga
 .text.hw_claim_lock
                0x1000036c       0x18 CMakeFiles/pico-FOREHEAD.dir/home/pi/pico/pico-sdk/src/rp2_common/hardware_claim/claim.c.obj
                0x1000036c                hw_claim_lock
 .text.hw_claim_unlock
                0x10000384       0x14 CMakeFiles/pico-FOREHEAD.dir/home/pi/pico/pico-sdk/src/rp2_common/hardware_claim/claim.c.obj
                0x10000384                hw_claim_unlock
 .text.hw_claim_or_assert
                0x10000398       0x32 CMakeFiles/pico-FOREHEAD.dir/home/pi/pico/pico-sdk/src/rp2_common/hardware_claim/claim.c.obj
                0x10000398                hw_claim_or_assert
 *fill*         0x100003ca        0x2 
 .text.spin_locks_reset
                0x100003cc       0x20 CMakeFiles/pico-FOREHEAD.dir/home/pi/pico/pico-sdk/src/rp2_common/hardware_sync/sync.c.obj
                0x100003cc                spin_locks_reset
 .text.next_striped_spin_lock_num
                0x100003ec       0x1c CMakeFiles/pico-FOREHEAD.dir/home/pi/pico/pico-sdk/src/rp2_common/hardware_sync/sync.c.obj
                0x100003ec                next_striped_spin_lock_num
 .text.set_raw_irq_handler_and_unlock
                0x10000408       0x28 CMakeFiles/pico-FOREHEAD.dir/home/pi/pico/pico-sdk/src/rp2_common/hardware_irq/irq.c.obj
 .text.make_branch
                0x10000430       0x48 CMakeFiles/pico-FOREHEAD.dir/home/pi/pico/pico-sdk/src/rp2_common/hardware_irq/irq.c.obj
 .text.insert_branch_and_link
                0x10000478       0x40 CMakeFiles/pico-FOREHEAD.dir/home/pi/pico/pico-sdk/src/rp2_common/hardware_irq/irq.c.obj
 .text.irq_is_enabled
                0x100004b8       0x18 CMakeFiles/pico-FOREHEAD.dir/home/pi/pico/pico-sdk/src/rp2_common/hardware_irq/irq.c.obj
                0x100004b8                irq_is_enabled
 .text.irq_set_mask_enabled
                0x100004d0       0x20 CMakeFiles/pico-FOREHEAD.dir/home/pi/pico/pico-sdk/src/rp2_common/hardware_irq/irq.c.obj
                0x100004d0                irq_set_mask_enabled
 .text.irq_set_enabled
                0x100004f0        0xe CMakeFiles/pico-FOREHEAD.dir/home/pi/pico/pico-sdk/src/rp2_common/hardware_irq/irq.c.obj
                0x100004f0                irq_set_enabled
 *fill*         0x100004fe        0x2 
 .text.irq_get_vtable_handler
                0x10000500       0x10 CMakeFiles/pico-FOREHEAD.dir/home/pi/pico/pico-sdk/src/rp2_common/hardware_irq/irq.c.obj
                0x10000500                irq_get_vtable_handler
 .text.irq_set_exclusive_handler
                0x10000510       0x54 CMakeFiles/pico-FOREHEAD.dir/home/pi/pico/pico-sdk/src/rp2_common/hardware_irq/irq.c.obj
                0x10000510                irq_set_exclusive_handler
 .text.irq_remove_handler
                0x10000564      0x1a4 CMakeFiles/pico-FOREHEAD.dir/home/pi/pico/pico-sdk/src/rp2_common/hardware_irq/irq.c.obj
                0x10000564                irq_remove_handler
 .text.irq_add_tail_to_free_list
                0x10000708       0xf0 CMakeFiles/pico-FOREHEAD.dir/home/pi/pico/pico-sdk/src/rp2_common/hardware_irq/irq.c.obj
                0x10000708                irq_add_tail_to_free_list
 .text.irq_init_priorities
                0x100007f8       0x1c CMakeFiles/pico-FOREHEAD.dir/home/pi/pico/pico-sdk/src/rp2_common/hardware_irq/irq.c.obj
                0x100007f8                irq_init_priorities
 .text.lock_init
                0x10000814       0x10 CMakeFiles/pico-FOREHEAD.dir/home/pi/pico/pico-sdk/src/common/pico_sync/lock_core.c.obj
                0x10000814                lock_init
 .text.mutex_init
                0x10000824       0x1a CMakeFiles/pico-FOREHEAD.dir/home/pi/pico/pico-sdk/src/common/pico_sync/mutex.c.obj
                0x10000824                mutex_init
 .text.recursive_mutex_init
                0x1000083e       0x1e CMakeFiles/pico-FOREHEAD.dir/home/pi/pico/pico-sdk/src/common/pico_sync/mutex.c.obj
                0x1000083e                recursive_mutex_init
 .text.sleep_until_callback
                0x1000085c       0x30 CMakeFiles/pico-FOREHEAD.dir/home/pi/pico/pico-sdk/src/common/pico_time/time.c.obj
 .text.alarm_pool_post_alloc_init
                0x1000088c       0x40 CMakeFiles/pico-FOREHEAD.dir/home/pi/pico/pico-sdk/src/common/pico_time/time.c.obj
 .text.timer_pool_entry_comparator
                0x100008cc       0x7c CMakeFiles/pico-FOREHEAD.dir/home/pi/pico/pico-sdk/src/common/pico_time/time.c.obj
                0x100008cc                timer_pool_entry_comparator
 .text.ph_add_child_node
                0x10000948       0xa4 CMakeFiles/pico-FOREHEAD.dir/home/pi/pico/pico-sdk/src/common/pico_time/time.c.obj
 .text.ph_merge_nodes
                0x100009ec       0x3e CMakeFiles/pico-FOREHEAD.dir/home/pi/pico/pico-sdk/src/common/pico_time/time.c.obj
 *fill*         0x10000a2a        0x2 
 .text.add_alarm_under_lock
                0x10000a2c      0x180 CMakeFiles/pico-FOREHEAD.dir/home/pi/pico/pico-sdk/src/common/pico_time/time.c.obj
 .text.alarm_pool_alarm_callback
                0x10000bac      0x33c CMakeFiles/pico-FOREHEAD.dir/home/pi/pico/pico-sdk/src/common/pico_time/time.c.obj
 .text.alarm_pool_init_default
                0x10000ee8       0x40 CMakeFiles/pico-FOREHEAD.dir/home/pi/pico/pico-sdk/src/common/pico_time/time.c.obj
                0x10000ee8                alarm_pool_init_default
 .text.alarm_pool_get_default
                0x10000f28       0x2c CMakeFiles/pico-FOREHEAD.dir/home/pi/pico/pico-sdk/src/common/pico_time/time.c.obj
                0x10000f28                alarm_pool_get_default
 .text.alarm_pool_add_alarm_at
                0x10000f54      0x14c CMakeFiles/pico-FOREHEAD.dir/home/pi/pico/pico-sdk/src/common/pico_time/time.c.obj
                0x10000f54                alarm_pool_add_alarm_at
 .text.alarm_pool_cancel_alarm
                0x100010a0       0xf4 CMakeFiles/pico-FOREHEAD.dir/home/pi/pico/pico-sdk/src/common/pico_time/time.c.obj
                0x100010a0                alarm_pool_cancel_alarm
 .text.best_effort_wfe_or_timeout
                0x10001194       0xac CMakeFiles/pico-FOREHEAD.dir/home/pi/pico/pico-sdk/src/common/pico_time/time.c.obj
                0x10001194                best_effort_wfe_or_timeout
 .text.hardware_alarm_irq_handler
                0x10001240       0x90 CMakeFiles/pico-FOREHEAD.dir/home/pi/pico/pico-sdk/src/rp2_common/hardware_timer/timer.c.obj
 .text.hardware_alarm_claim
                0x100012d0       0x18 CMakeFiles/pico-FOREHEAD.dir/home/pi/pico/pico-sdk/src/rp2_common/hardware_timer/timer.c.obj
                0x100012d0                hardware_alarm_claim
 .text.time_us_64
                0x100012e8       0x18 CMakeFiles/pico-FOREHEAD.dir/home/pi/pico/pico-sdk/src/rp2_common/hardware_timer/timer.c.obj
                0x100012e8                time_us_64
 .text.hardware_alarm_set_callback
                0x10001300       0x90 CMakeFiles/pico-FOREHEAD.dir/home/pi/pico/pico-sdk/src/rp2_common/hardware_timer/timer.c.obj
                0x10001300                hardware_alarm_set_callback
 .text.hardware_alarm_set_target
                0x10001390       0xe8 CMakeFiles/pico-FOREHEAD.dir/home/pi/pico/pico-sdk/src/rp2_common/hardware_timer/timer.c.obj
                0x10001390                hardware_alarm_set_target
 .text.hardware_alarm_cancel
                0x10001478       0x40 CMakeFiles/pico-FOREHEAD.dir/home/pi/pico/pico-sdk/src/rp2_common/hardware_timer/timer.c.obj
                0x10001478                hardware_alarm_cancel
 .text.ph_add_child_node
                0x100014b8       0xa4 CMakeFiles/pico-FOREHEAD.dir/home/pi/pico/pico-sdk/src/common/pico_util/pheap.c.obj
 .text.ph_merge_nodes
                0x1000155c       0x3e CMakeFiles/pico-FOREHEAD.dir/home/pi/pico/pico-sdk/src/common/pico_util/pheap.c.obj
 *fill*         0x1000159a        0x2 
 .text.ph_clear
                0x1000159c       0x70 CMakeFiles/pico-FOREHEAD.dir/home/pi/pico/pico-sdk/src/common/pico_util/pheap.c.obj
                0x1000159c                ph_clear
 .text.ph_post_alloc_init
                0x1000160c        0xe CMakeFiles/pico-FOREHEAD.dir/home/pi/pico/pico-sdk/src/common/pico_util/pheap.c.obj
                0x1000160c                ph_post_alloc_init
 *fill*         0x1000161a        0x2 
 .text.ph_merge_two_pass
                0x1000161c       0xac CMakeFiles/pico-FOREHEAD.dir/home/pi/pico/pico-sdk/src/common/pico_util/pheap.c.obj
                0x1000161c                ph_merge_two_pass
 .text.ph_remove_any_head
                0x100016c8      0x128 CMakeFiles/pico-FOREHEAD.dir/home/pi/pico/pico-sdk/src/common/pico_util/pheap.c.obj
 .text.ph_remove_head
                0x100017f0       0x14 CMakeFiles/pico-FOREHEAD.dir/home/pi/pico/pico-sdk/src/common/pico_util/pheap.c.obj
                0x100017f0                ph_remove_head
 .text.ph_remove_and_free_node
                0x10001804       0xf8 CMakeFiles/pico-FOREHEAD.dir/home/pi/pico/pico-sdk/src/common/pico_util/pheap.c.obj
                0x10001804                ph_remove_and_free_node
 .text.clock_configure
                0x100018fc      0x100 CMakeFiles/pico-FOREHEAD.dir/home/pi/pico/pico-sdk/src/rp2_common/hardware_clocks/clocks.c.obj
                0x100018fc                clock_configure
 .text.clocks_init
                0x100019fc      0x100 CMakeFiles/pico-FOREHEAD.dir/home/pi/pico/pico-sdk/src/rp2_common/hardware_clocks/clocks.c.obj
                0x100019fc                clocks_init
 .text.pll_init
                0x10001afc      0x120 CMakeFiles/pico-FOREHEAD.dir/home/pi/pico/pico-sdk/src/rp2_common/hardware_pll/pll.c.obj
                0x10001afc                pll_init
 .text.watchdog_start_tick
                0x10001c1c       0x10 CMakeFiles/pico-FOREHEAD.dir/home/pi/pico/pico-sdk/src/rp2_common/hardware_watchdog/watchdog.c.obj
                0x10001c1c                watchdog_start_tick
 .text.xosc_init
                0x10001c2c       0x28 CMakeFiles/pico-FOREHEAD.dir/home/pi/pico/pico-sdk/src/rp2_common/hardware_xosc/xosc.c.obj
                0x10001c2c                xosc_init
 .text._exit    0x10001c54        0x4 CMakeFiles/pico-FOREHEAD.dir/home/pi/pico/pico-sdk/src/rp2_common/pico_runtime/runtime.c.obj
                0x10001c54                _exit
 .text.exit     0x10001c58        0x6 CMakeFiles/pico-FOREHEAD.dir/home/pi/pico/pico-sdk/src/rp2_common/pico_runtime/runtime.c.obj
                0x10001c58                exit
 *fill*         0x10001c5e        0x2 
 .text.__assert_func
                0x10001c60       0x3c CMakeFiles/pico-FOREHEAD.dir/home/pi/pico/pico-sdk/src/rp2_common/pico_runtime/runtime.c.obj
                0x10001c60                __assert_func
 .text.runtime_init
                0x10001c9c       0xf8 CMakeFiles/pico-FOREHEAD.dir/home/pi/pico/pico-sdk/src/rp2_common/pico_runtime/runtime.c.obj
                0x10001c9c                runtime_init
 .text.panic    0x10001d94       0x30 CMakeFiles/pico-FOREHEAD.dir/home/pi/pico/pico-sdk/src/rp2_common/pico_runtime/runtime.c.obj
                0x10001d94                panic
 .text._out_null
                0x10001dc4        0x2 CMakeFiles/pico-FOREHEAD.dir/home/pi/pico/pico-sdk/src/rp2_common/pico_printf/printf.c.obj
 .text._out_fct
                0x10001dc6        0xe CMakeFiles/pico-FOREHEAD.dir/home/pi/pico/pico-sdk/src/rp2_common/pico_printf/printf.c.obj
 .text._atoi    0x10001dd4       0x28 CMakeFiles/pico-FOREHEAD.dir/home/pi/pico/pico-sdk/src/rp2_common/pico_printf/printf.c.obj
 .text._out_rev
                0x10001dfc       0x8c CMakeFiles/pico-FOREHEAD.dir/home/pi/pico/pico-sdk/src/rp2_common/pico_printf/printf.c.obj
 .text._ntoa_format
                0x10001e88      0x10c CMakeFiles/pico-FOREHEAD.dir/home/pi/pico/pico-sdk/src/rp2_common/pico_printf/printf.c.obj
 .text._ntoa_long
                0x10001f94       0xb0 CMakeFiles/pico-FOREHEAD.dir/home/pi/pico/pico-sdk/src/rp2_common/pico_printf/printf.c.obj
 .text._ntoa_long_long
                0x10002044       0xe6 CMakeFiles/pico-FOREHEAD.dir/home/pi/pico/pico-sdk/src/rp2_common/pico_printf/printf.c.obj
 *fill*         0x1000212a        0x2 
 .text._etoa    0x1000212c      0x408 CMakeFiles/pico-FOREHEAD.dir/home/pi/pico/pico-sdk/src/rp2_common/pico_printf/printf.c.obj
 .text._ftoa    0x10002534      0x344 CMakeFiles/pico-FOREHEAD.dir/home/pi/pico/pico-sdk/src/rp2_common/pico_printf/printf.c.obj
 .text._vsnprintf
                0x10002878      0x61c CMakeFiles/pico-FOREHEAD.dir/home/pi/pico/pico-sdk/src/rp2_common/pico_printf/printf.c.obj
 .text.vfctprintf
                0x10002e94       0x20 CMakeFiles/pico-FOREHEAD.dir/home/pi/pico/pico-sdk/src/rp2_common/pico_printf/printf.c.obj
                0x10002e94                vfctprintf
 .text          0x10002eb4       0x10 CMakeFiles/pico-FOREHEAD.dir/home/pi/pico/pico-sdk/src/rp2_common/pico_bit_ops/bit_ops_aeabi.S.obj
 .text.rom_func_lookup
                0x10002ec4       0x10 CMakeFiles/pico-FOREHEAD.dir/home/pi/pico/pico-sdk/src/rp2_common/pico_bootrom/bootrom.c.obj
                0x10002ec4                rom_func_lookup
 .text.rom_data_lookup
                0x10002ed4       0x10 CMakeFiles/pico-FOREHEAD.dir/home/pi/pico/pico-sdk/src/rp2_common/pico_bootrom/bootrom.c.obj
                0x10002ed4                rom_data_lookup
 .text.rom_funcs_lookup
                0x10002ee4       0x36 CMakeFiles/pico-FOREHEAD.dir/home/pi/pico/pico-sdk/src/rp2_common/pico_bootrom/bootrom.c.obj
                0x10002ee4                rom_funcs_lookup
 *fill*         0x10002f1a        0x2 
 .text.__wrap___aeabi_idiv
                0x10002f1c       0x50 CMakeFiles/pico-FOREHEAD.dir/home/pi/pico/pico-sdk/src/rp2_common/pico_divider/divider.S.obj
                0x10002f1c                __wrap___aeabi_idivmod
                0x10002f1c                divmod_s32s32
                0x10002f1c                div_s32s32
                0x10002f1c                __wrap___aeabi_idiv
                0x10002f24                divmod_s32s32_unsafe
                0x10002f50                divmod_s32s32_savestate
 .text.__wrap___aeabi_uidiv
                0x10002f6c       0x4c CMakeFiles/pico-FOREHEAD.dir/home/pi/pico/pico-sdk/src/rp2_common/pico_divider/divider.S.obj
                0x10002f6c                __wrap___aeabi_uidiv
                0x10002f6c                __wrap___aeabi_uidivmod
                0x10002f6c                div_u32u32
                0x10002f6c                divmod_u32u32
                0x10002f74                divmod_u32u32_unsafe
                0x10002f9c                divmod_u32u32_savestate
 .text.__wrap___aeabi_ldiv
                0x10002fb8      0x424 CMakeFiles/pico-FOREHEAD.dir/home/pi/pico/pico-sdk/src/rp2_common/pico_divider/divider.S.obj
                0x10002fb8                div_s64s64
                0x10002fb8                divmod_s64s64
                0x10002fb8                __wrap___aeabi_ldivmod
                0x10002fe8                div_u64u64
                0x10002fe8                divmod_u64u64
                0x10002fe8                __wrap___aeabi_uldivmod
                0x10002ff8                divmod_u64u64_savestate
                0x10003018                divmod_s64s64_unsafe
                0x100030a0                divmod_u64u64_unsafe
 .text.__wrap___aeabi_darithmetic
                0x100033dc       0x80 CMakeFiles/pico-FOREHEAD.dir/home/pi/pico/pico-sdk/src/rp2_common/pico_double/double_aeabi.S.obj
                0x100033dc                __wrap___aeabi_drsub
                0x100033e2                __wrap___aeabi_dsub
                0x100033f4                __wrap___aeabi_dadd
                0x10003406                __wrap___aeabi_ddiv
                0x10003442                __wrap___aeabi_dmul
 .text.__wrap___aeabi_cdcmple
                0x1000345c       0x6c CMakeFiles/pico-FOREHEAD.dir/home/pi/pico/pico-sdk/src/rp2_common/pico_double/double_aeabi.S.obj
                0x1000345c                __wrap___aeabi_cdrcmple
                0x1000346c                __wrap___aeabi_cdcmple
                0x1000346c                __wrap___aeabi_cdcmpeq
 .text.__wrap___aeabi_dcmplt
                0x100034c8        0xc CMakeFiles/pico-FOREHEAD.dir/home/pi/pico/pico-sdk/src/rp2_common/pico_double/double_aeabi.S.obj
                0x100034c8                __wrap___aeabi_dcmplt
 .text.__wrap___aeabi_dcmple
                0x100034d4       0x10 CMakeFiles/pico-FOREHEAD.dir/home/pi/pico/pico-sdk/src/rp2_common/pico_double/double_aeabi.S.obj
                0x100034d4                __wrap___aeabi_dcmple
 .text.__wrap___aeabi_dcmpge
                0x100034e4       0x10 CMakeFiles/pico-FOREHEAD.dir/home/pi/pico/pico-sdk/src/rp2_common/pico_double/double_aeabi.S.obj
                0x100034e4                __wrap___aeabi_dcmpge
 .text.__wrap___aeabi_dcmpgt
                0x100034f4        0xa CMakeFiles/pico-FOREHEAD.dir/home/pi/pico/pico-sdk/src/rp2_common/pico_double/double_aeabi.S.obj
                0x100034f4                __wrap___aeabi_dcmpgt
 .text.__wrap___aeabi_dcmpun
                0x100034fe       0x1c CMakeFiles/pico-FOREHEAD.dir/home/pi/pico/pico-sdk/src/rp2_common/pico_double/double_aeabi.S.obj
                0x100034fe                __wrap___aeabi_dcmpun
 *fill*         0x1000351a        0x2 
 .text.__wrap___aeabi_i2d
                0x1000351c       0x38 CMakeFiles/pico-FOREHEAD.dir/home/pi/pico/pico-sdk/src/rp2_common/pico_double/double_aeabi.S.obj
                0x1000351c                __wrap___aeabi_ui2d
                0x10003524                __wrap___aeabi_i2d
 .text.__wrap___aeabi_d2iz
                0x10003554       0x48 CMakeFiles/pico-FOREHEAD.dir/home/pi/pico/pico-sdk/src/rp2_common/pico_double/double_aeabi.S.obj
                0x10003554                __wrap___aeabi_d2iz
                0x10003554                double2int_z
 .text.__wrap___aeabi_d2uiz
                0x1000359c       0x18 CMakeFiles/pico-FOREHEAD.dir/home/pi/pico/pico-sdk/src/rp2_common/pico_double/double_aeabi.S.obj
                0x1000359c                double2uint
                0x1000359c                __wrap___aeabi_d2uiz
 .text.__aeabi_double_init
                0x100035b4       0xc8 CMakeFiles/pico-FOREHEAD.dir/home/pi/pico/pico-sdk/src/rp2_common/pico_double/double_init_rom.c.obj
                0x100035b4                __aeabi_double_init
 .text.double_table_shim_on_use_helper
                0x1000367c       0x34 CMakeFiles/pico-FOREHEAD.dir/home/pi/pico/pico-sdk/src/rp2_common/pico_double/double_v1_rom_shim.S.obj
                0x1000367c                double_table_shim_on_use_helper
 .text.__wrap___aeabi_dsub
                0x100036b0       0x10 CMakeFiles/pico-FOREHEAD.dir/home/pi/pico/pico-sdk/src/rp2_common/pico_double/double_v1_rom_shim.S.obj
                0x100036b0                drsub_shim
                0x100036b6                dsub_shim
 .text.dadd_shim
                0x100036c0      0x15c CMakeFiles/pico-FOREHEAD.dir/home/pi/pico/pico-sdk/src/rp2_common/pico_double/double_v1_rom_shim.S.obj
                0x100036c0                dadd_shim
 .text.dmul_shim
                0x1000381c      0x15c CMakeFiles/pico-FOREHEAD.dir/home/pi/pico/pico-sdk/src/rp2_common/pico_double/double_v1_rom_shim.S.obj
                0x1000381c                dmul_shim
 .text.ddiv_shim
                0x10003978      0x1b0 CMakeFiles/pico-FOREHEAD.dir/home/pi/pico/pico-sdk/src/rp2_common/pico_double/double_v1_rom_shim.S.obj
                0x10003978                ddiv_shim
 .text.double2uint_shim
                0x10003b28        0xe CMakeFiles/pico-FOREHEAD.dir/home/pi/pico/pico-sdk/src/rp2_common/pico_double/double_v1_rom_shim.S.obj
                0x10003b28                double2uint_shim
                0x10003b2a                double2ufix_shim
 *fill*         0x10003b36        0x2 
 .text.double2uint64_shim
                0x10003b38       0x70 CMakeFiles/pico-FOREHEAD.dir/home/pi/pico/pico-sdk/src/rp2_common/pico_double/double_v1_rom_shim.S.obj
                0x10003b38                double2uint64_shim
                0x10003b3a                double2ufix64_shim
                0x10003b5a                d2fix_a
 .text.dunpacks
                0x10003ba8       0x3c CMakeFiles/pico-FOREHEAD.dir/home/pi/pico/pico-sdk/src/rp2_common/pico_double/double_v1_rom_shim.S.obj
                0x10003ba8                dunpacks
 .text.__aeabi_float_init
                0x10003be4       0xfc CMakeFiles/pico-FOREHEAD.dir/home/pi/pico/pico-sdk/src/rp2_common/pico_float/float_init_rom.c.obj
                0x10003be4                __aeabi_float_init
 .text.float_table_shim_on_use_helper
                0x10003ce0       0x34 CMakeFiles/pico-FOREHEAD.dir/home/pi/pico/pico-sdk/src/rp2_common/pico_float/float_v1_rom_shim.S.obj
                0x10003ce0                float_table_shim_on_use_helper
 .text          0x10003d14       0x10 CMakeFiles/pico-FOREHEAD.dir/home/pi/pico/pico-sdk/src/rp2_common/pico_mem_ops/mem_ops_aeabi.S.obj
                0x10003d14                __aeabi_mem_init
 .text.memcpy   0x10003d24        0xc CMakeFiles/pico-FOREHEAD.dir/home/pi/pico/pico-sdk/src/rp2_common/pico_mem_ops/mem_ops_aeabi.S.obj
                0x10003d24                __wrap___aeabi_memcpy
                0x10003d24                __wrap_memcpy
 .text.stdio_out_chars_no_crlf
                0x10003d30        0xe CMakeFiles/pico-FOREHEAD.dir/home/pi/pico/pico-sdk/src/rp2_common/pico_stdio/stdio.c.obj
 *fill*         0x10003d3e        0x2 
 .text.stdio_out_chars_crlf
                0x10003d40       0x80 CMakeFiles/pico-FOREHEAD.dir/home/pi/pico/pico-sdk/src/rp2_common/pico_stdio/stdio.c.obj
 .text.stdio_stack_buffer_flush
                0x10003dc0       0x44 CMakeFiles/pico-FOREHEAD.dir/home/pi/pico/pico-sdk/src/rp2_common/pico_stdio/stdio.c.obj
 .text.stdio_buffered_printer
                0x10003e04       0x20 CMakeFiles/pico-FOREHEAD.dir/home/pi/pico/pico-sdk/src/rp2_common/pico_stdio/stdio.c.obj
 .text.stdout_serialize_begin
                0x10003e24       0x5c CMakeFiles/pico-FOREHEAD.dir/home/pi/pico/pico-sdk/src/rp2_common/pico_stdio/stdio.c.obj
                0x10003e24                stdout_serialize_begin
 .text.stdout_serialize_end
                0x10003e80       0x10 CMakeFiles/pico-FOREHEAD.dir/home/pi/pico/pico-sdk/src/rp2_common/pico_stdio/stdio.c.obj
                0x10003e80                stdout_serialize_end
 .text.stdio_put_string
                0x10003e90       0x94 CMakeFiles/pico-FOREHEAD.dir/home/pi/pico/pico-sdk/src/rp2_common/pico_stdio/stdio.c.obj
 .text.stdio_flush
                0x10003f24       0x20 CMakeFiles/pico-FOREHEAD.dir/home/pi/pico/pico-sdk/src/rp2_common/pico_stdio/stdio.c.obj
                0x10003f24                stdio_flush
 .text.__wrap_puts
                0x10003f44       0x1e CMakeFiles/pico-FOREHEAD.dir/home/pi/pico/pico-sdk/src/rp2_common/pico_stdio/stdio.c.obj
                0x10003f44                __wrap_puts
 *fill*         0x10003f62        0x2 
 .text.__wrap_vprintf
                0x10003f64       0x40 CMakeFiles/pico-FOREHEAD.dir/home/pi/pico/pico-sdk/src/rp2_common/pico_stdio/stdio.c.obj
                0x10003f64                __wrap_vprintf
 .text.__wrap_printf
                0x10003fa4       0x18 CMakeFiles/pico-FOREHEAD.dir/home/pi/pico/pico-sdk/src/rp2_common/pico_stdio/stdio.c.obj
                0x10003fa4                __wrap_printf
 .text          0x10003fbc       0x68 /usr/lib/gcc/arm-none-eabi/8.3.1/../../../arm-none-eabi/lib/thumb/v6-m/nofp/libg.a(lib_a-strlen-stub.o)
                0x10003fbc                strlen
 *(.fini)
 .fini          0x10004024        0x4 /usr/lib/gcc/arm-none-eabi/8.3.1/thumb/v6-m/nofp/crti.o
                0x10004024                _fini
 .fini.__stub   0x10004028       0x40 linker stubs
 *crtbegin.o(.ctors)
 *crtbegin?.o(.ctors)
 *(EXCLUDE_FILE(*crtend.o *crtend?.o) .ctors)
 *(SORT_BY_NAME(.ctors.*))
 *(.ctors)
 *crtbegin.o(.dtors)
 *crtbegin?.o(.dtors)
 *(EXCLUDE_FILE(*crtend.o *crtend?.o) .dtors)
 *(SORT_BY_NAME(.dtors.*))
 *(.dtors)
 *(.eh_frame*)
 .eh_frame      0x10004068        0x0 /usr/lib/gcc/arm-none-eabi/8.3.1/thumb/v6-m/nofp/crtbegin.o
                0x10004068                . = ALIGN (0x4)

.glue_7         0x10004068        0x0
 .glue_7        0x10004068        0x0 linker stubs

.glue_7t        0x10004068        0x0
 .glue_7t       0x10004068        0x0 linker stubs

.vfp11_veneer   0x10004068        0x0
 .vfp11_veneer  0x10004068        0x0 linker stubs

.v4_bx          0x10004068        0x0
 .v4_bx         0x10004068        0x0 linker stubs

.iplt           0x10004068        0x0
 .iplt          0x10004068        0x0 /usr/lib/gcc/arm-none-eabi/8.3.1/thumb/v6-m/nofp/crtbegin.o

.rodata         0x10004068      0xe6c
 *(EXCLUDE_FILE(*libm.a: *libc.a:*lib_a-mem*.o *libgcc.a:) .rodata*)
 .rodata.__func__.4859
                0x10004068       0x1a CMakeFiles/pico-FOREHEAD.dir/home/pi/pico/pico-sdk/src/rp2_common/hardware_irq/irq.c.obj
 *fill*         0x10004082        0x2 
 .rodata.__func__.4873
                0x10004084        0xc CMakeFiles/pico-FOREHEAD.dir/home/pi/pico/pico-sdk/src/rp2_common/hardware_irq/irq.c.obj
 .rodata.__func__.4881
                0x10004090       0x17 CMakeFiles/pico-FOREHEAD.dir/home/pi/pico/pico-sdk/src/rp2_common/hardware_irq/irq.c.obj
 *fill*         0x100040a7        0x1 
 .rodata.__func__.4885
                0x100040a8        0xf CMakeFiles/pico-FOREHEAD.dir/home/pi/pico/pico-sdk/src/rp2_common/hardware_irq/irq.c.obj
 *fill*         0x100040b7        0x1 
 .rodata.__func__.4924
                0x100040b8       0x13 CMakeFiles/pico-FOREHEAD.dir/home/pi/pico/pico-sdk/src/rp2_common/hardware_irq/irq.c.obj
 *fill*         0x100040cb        0x1 
 .rodata.__func__.4946
                0x100040cc       0x1a CMakeFiles/pico-FOREHEAD.dir/home/pi/pico/pico-sdk/src/rp2_common/hardware_irq/irq.c.obj
 *fill*         0x100040e6        0x2 
 .rodata.insert_branch_and_link.str1.4
                0x100040e8       0x10 CMakeFiles/pico-FOREHEAD.dir/home/pi/pico/pico-sdk/src/rp2_common/hardware_irq/irq.c.obj
 .rodata.irq_add_shared_handler.str1.4
                0x100040f8       0xd9 CMakeFiles/pico-FOREHEAD.dir/home/pi/pico/pico-sdk/src/rp2_common/hardware_irq/irq.c.obj
 *fill*         0x100041d1        0x3 
 .rodata.irq_add_tail_to_free_list.str1.4
                0x100041d4       0x3a CMakeFiles/pico-FOREHEAD.dir/home/pi/pico/pico-sdk/src/rp2_common/hardware_irq/irq.c.obj
 *fill*         0x1000420e        0x2 
 .rodata.irq_remove_handler.str1.4
                0x10004210       0x3a CMakeFiles/pico-FOREHEAD.dir/home/pi/pico/pico-sdk/src/rp2_common/hardware_irq/irq.c.obj
 *fill*         0x1000424a        0x2 
 .rodata.irq_set_exclusive_handler.str1.4
                0x1000424c       0x36 CMakeFiles/pico-FOREHEAD.dir/home/pi/pico/pico-sdk/src/rp2_common/hardware_irq/irq.c.obj
 *fill*         0x10004282        0x2 
 .rodata.make_branch.str1.4
                0x10004284       0x69 CMakeFiles/pico-FOREHEAD.dir/home/pi/pico/pico-sdk/src/rp2_common/hardware_irq/irq.c.obj
 *fill*         0x100042ed        0x3 
 .rodata.__func__.4774
                0x100042f0       0x18 CMakeFiles/pico-FOREHEAD.dir/home/pi/pico/pico-sdk/src/common/pico_sync/mutex.c.obj
 .rodata.__func__.4793
                0x10004308        0xb CMakeFiles/pico-FOREHEAD.dir/home/pi/pico/pico-sdk/src/common/pico_sync/mutex.c.obj
 *fill*         0x10004313        0x1 
 .rodata.str1.4
                0x10004314       0xe5 CMakeFiles/pico-FOREHEAD.dir/home/pi/pico/pico-sdk/src/common/pico_sync/mutex.c.obj
 *fill*         0x100043f9        0x3 
 .rodata.__func__.5751
                0x100043fc       0x15 CMakeFiles/pico-FOREHEAD.dir/home/pi/pico/pico-sdk/src/common/pico_time/time.c.obj
 *fill*         0x10004411        0x3 
 .rodata.__func__.6095
                0x10004414        0xc CMakeFiles/pico-FOREHEAD.dir/home/pi/pico/pico-sdk/src/common/pico_time/time.c.obj
 .rodata.__func__.6102
                0x10004420       0x12 CMakeFiles/pico-FOREHEAD.dir/home/pi/pico/pico-sdk/src/common/pico_time/time.c.obj
 *fill*         0x10004432        0x2 
 .rodata.__func__.6118
                0x10004434        0xf CMakeFiles/pico-FOREHEAD.dir/home/pi/pico/pico-sdk/src/common/pico_time/time.c.obj
 *fill*         0x10004443        0x1 
 .rodata.__func__.6140
                0x10004444        0xd CMakeFiles/pico-FOREHEAD.dir/home/pi/pico/pico-sdk/src/common/pico_time/time.c.obj
 *fill*         0x10004451        0x3 
 .rodata.__func__.6369
                0x10004454        0xa CMakeFiles/pico-FOREHEAD.dir/home/pi/pico/pico-sdk/src/common/pico_time/time.c.obj
 *fill*         0x1000445e        0x2 
 .rodata.__func__.6374
                0x10004460       0x12 CMakeFiles/pico-FOREHEAD.dir/home/pi/pico/pico-sdk/src/common/pico_time/time.c.obj
 *fill*         0x10004472        0x2 
 .rodata.__func__.6389
                0x10004474       0x17 CMakeFiles/pico-FOREHEAD.dir/home/pi/pico/pico-sdk/src/common/pico_time/time.c.obj
 *fill*         0x1000448b        0x1 
 .rodata.__func__.6400
                0x1000448c       0x15 CMakeFiles/pico-FOREHEAD.dir/home/pi/pico/pico-sdk/src/common/pico_time/time.c.obj
 *fill*         0x100044a1        0x3 
 .rodata.__func__.6417
                0x100044a4       0x1a CMakeFiles/pico-FOREHEAD.dir/home/pi/pico/pico-sdk/src/common/pico_time/time.c.obj
 *fill*         0x100044be        0x2 
 .rodata.__func__.6470
                0x100044c0       0x18 CMakeFiles/pico-FOREHEAD.dir/home/pi/pico/pico-sdk/src/common/pico_time/time.c.obj
 .rodata.add_alarm_under_lock.str1.4
                0x100044d8       0x28 CMakeFiles/pico-FOREHEAD.dir/home/pi/pico/pico-sdk/src/common/pico_time/time.c.obj
                                 0x2b (size before relaxing)
 .rodata.alarm_pool_alarm_callback.str1.4
                0x10004500       0x98 CMakeFiles/pico-FOREHEAD.dir/home/pi/pico/pico-sdk/src/common/pico_time/time.c.obj
                                 0xf8 (size before relaxing)
 .rodata.alarm_pool_cancel_alarm.str1.4
                0x10004598       0x27 CMakeFiles/pico-FOREHEAD.dir/home/pi/pico/pico-sdk/src/common/pico_time/time.c.obj
 *fill*         0x100045bf        0x1 
 .rodata.alarm_pool_get_default.str1.4
                0x100045c0       0x21 CMakeFiles/pico-FOREHEAD.dir/home/pi/pico/pico-sdk/src/common/pico_time/time.c.obj
 *fill*         0x100045e1        0x3 
 .rodata.ph_add_child_node.str1.4
                0x100045e4       0x92 CMakeFiles/pico-FOREHEAD.dir/home/pi/pico/pico-sdk/src/common/pico_time/time.c.obj
 *fill*         0x10004676        0x2 
 .rodata.repeating_timer_callback.str1.4
                0x10004678       0x47 CMakeFiles/pico-FOREHEAD.dir/home/pi/pico/pico-sdk/src/common/pico_time/time.c.obj
 *fill*         0x100046bf        0x1 
 .rodata.timer_pool_entry_comparator.str1.4
                0x100046c0       0x22 CMakeFiles/pico-FOREHEAD.dir/home/pi/pico/pico-sdk/src/common/pico_time/time.c.obj
 *fill*         0x100046e2        0x2 
 .rodata.__func__.4640
                0x100046e4       0x1a CMakeFiles/pico-FOREHEAD.dir/home/pi/pico/pico-sdk/src/rp2_common/hardware_timer/timer.c.obj
 *fill*         0x100046fe        0x2 
 .rodata.hardware_alarm_claim.str1.4
                0x10004700       0x22 CMakeFiles/pico-FOREHEAD.dir/home/pi/pico/pico-sdk/src/rp2_common/hardware_timer/timer.c.obj
 *fill*         0x10004722        0x2 
 .rodata.hardware_alarm_set_target.str1.4
                0x10004724       0x61 CMakeFiles/pico-FOREHEAD.dir/home/pi/pico/pico-sdk/src/rp2_common/hardware_timer/timer.c.obj
 *fill*         0x10004785        0x3 
 .rodata.__func__.5776
                0x10004788        0xc CMakeFiles/pico-FOREHEAD.dir/home/pi/pico/pico-sdk/src/common/pico_util/pheap.c.obj
 .rodata.__func__.5783
                0x10004794       0x12 CMakeFiles/pico-FOREHEAD.dir/home/pi/pico/pico-sdk/src/common/pico_util/pheap.c.obj
 *fill*         0x100047a6        0x2 
 .rodata.__func__.5869
                0x100047a8       0x13 CMakeFiles/pico-FOREHEAD.dir/home/pi/pico/pico-sdk/src/common/pico_util/pheap.c.obj
 *fill*         0x100047bb        0x1 
 .rodata.__func__.5887
                0x100047bc       0x18 CMakeFiles/pico-FOREHEAD.dir/home/pi/pico/pico-sdk/src/common/pico_util/pheap.c.obj
 .rodata.ph_add_child_node.str1.4
                0x100047d4       0x92 CMakeFiles/pico-FOREHEAD.dir/home/pi/pico/pico-sdk/src/common/pico_util/pheap.c.obj
 .rodata.ph_remove_and_free_node.str1.4
                0x100047d4       0x1e CMakeFiles/pico-FOREHEAD.dir/home/pi/pico/pico-sdk/src/common/pico_util/pheap.c.obj
                                 0x26 (size before relaxing)
 *fill*         0x100047f2        0x2 
 .rodata.ph_remove_any_head.str1.4
                0x100047f4       0x88 CMakeFiles/pico-FOREHEAD.dir/home/pi/pico/pico-sdk/src/common/pico_util/pheap.c.obj
                                 0x9c (size before relaxing)
 .rodata.__func__.4826
                0x1000487c       0x10 CMakeFiles/pico-FOREHEAD.dir/home/pi/pico/pico-sdk/src/rp2_common/hardware_clocks/clocks.c.obj
 .rodata.clock_configure.str1.4
                0x1000488c       0x53 CMakeFiles/pico-FOREHEAD.dir/home/pi/pico/pico-sdk/src/rp2_common/hardware_clocks/clocks.c.obj
 *fill*         0x100048df        0x1 
 .rodata.__func__.4483
                0x100048e0        0x9 CMakeFiles/pico-FOREHEAD.dir/home/pi/pico/pico-sdk/src/rp2_common/hardware_pll/pll.c.obj
 *fill*         0x100048e9        0x3 
 .rodata.pll_init.str1.4
                0x100048ec      0x120 CMakeFiles/pico-FOREHEAD.dir/home/pi/pico/pico-sdk/src/rp2_common/hardware_pll/pll.c.obj
 .rodata.__assert_func.str1.4
                0x10004a0c       0x3f CMakeFiles/pico-FOREHEAD.dir/home/pi/pico/pico-sdk/src/rp2_common/pico_runtime/runtime.c.obj
                                 0x43 (size before relaxing)
 *fill*         0x10004a4b        0x1 
 .rodata.__func__.6437
                0x10004a4c        0xd CMakeFiles/pico-FOREHEAD.dir/home/pi/pico/pico-sdk/src/rp2_common/pico_runtime/runtime.c.obj
 *fill*         0x10004a59        0x3 
 .rodata.panic.str1.4
                0x10004a5c       0x12 CMakeFiles/pico-FOREHEAD.dir/home/pi/pico/pico-sdk/src/rp2_common/pico_runtime/runtime.c.obj
 *fill*         0x10004a6e        0x2 
 .rodata.runtime_init.str1.4
                0x10004a70       0x5d CMakeFiles/pico-FOREHEAD.dir/home/pi/pico/pico-sdk/src/rp2_common/pico_runtime/runtime.c.obj
 *fill*         0x10004acd        0x3 
 .rodata._vsnprintf
                0x10004ad0      0x1e0 CMakeFiles/pico-FOREHEAD.dir/home/pi/pico/pico-sdk/src/rp2_common/pico_printf/printf.c.obj
 .rodata._ftoa.str1.4
                0x10004cb0       0x15 CMakeFiles/pico-FOREHEAD.dir/home/pi/pico/pico-sdk/src/rp2_common/pico_printf/printf.c.obj
 *fill*         0x10004cc5        0x3 
 .rodata.pow10.5481
                0x10004cc8       0x50 CMakeFiles/pico-FOREHEAD.dir/home/pi/pico/pico-sdk/src/rp2_common/pico_printf/printf.c.obj
 .rodata.__aeabi_double_init.str1.4
                0x10004d18       0x98 CMakeFiles/pico-FOREHEAD.dir/home/pi/pico/pico-sdk/src/rp2_common/pico_double/double_init_rom.c.obj
 .rodata.__func__.4787
                0x10004db0       0x14 CMakeFiles/pico-FOREHEAD.dir/home/pi/pico/pico-sdk/src/rp2_common/pico_double/double_init_rom.c.obj
 .rodata.__aeabi_float_init.str1.4
                0x10004dc4       0x76 CMakeFiles/pico-FOREHEAD.dir/home/pi/pico/pico-sdk/src/rp2_common/pico_float/float_init_rom.c.obj
                                 0x7a (size before relaxing)
 *fill*         0x10004e3a        0x2 
 .rodata.__func__.4788
                0x10004e3c       0x13 CMakeFiles/pico-FOREHEAD.dir/home/pi/pico/pico-sdk/src/rp2_common/pico_float/float_init_rom.c.obj
 *fill*         0x10004e4f        0x1 
 .rodata.__bi_44
                0x10004e50        0xc CMakeFiles/pico-FOREHEAD.dir/home/pi/pico/pico-sdk/src/rp2_common/pico_standard_link/binary_info.c.obj
 .rodata.__bi_75
                0x10004e5c        0xc CMakeFiles/pico-FOREHEAD.dir/home/pi/pico/pico-sdk/src/rp2_common/pico_standard_link/binary_info.c.obj
 .rodata.__bi_81
                0x10004e68        0xc CMakeFiles/pico-FOREHEAD.dir/home/pi/pico/pico-sdk/src/rp2_common/pico_standard_link/binary_info.c.obj
 .rodata.str1.4
                0x10004e74       0x44 CMakeFiles/pico-FOREHEAD.dir/home/pi/pico/pico-sdk/src/rp2_common/pico_standard_link/binary_info.c.obj
 .rodata.__func__.5613
                0x10004eb8       0x15 CMakeFiles/pico-FOREHEAD.dir/home/pi/pico/pico-sdk/src/rp2_common/pico_stdio/stdio.c.obj
 *fill*         0x10004ecd        0x3 
 .rodata.crlf_str.6280
                0x10004ed0        0x2 CMakeFiles/pico-FOREHEAD.dir/home/pi/pico/pico-sdk/src/rp2_common/pico_stdio/stdio.c.obj
 .rodata.stdout_serialize_begin.str1.4
                0x10004ed2       0x5d CMakeFiles/pico-FOREHEAD.dir/home/pi/pico/pico-sdk/src/rp2_common/pico_stdio/stdio.c.obj
                0x10004f30                . = ALIGN (0x4)
 *fill*         0x10004ed2        0x2 
 *(SORT_BY_ALIGNMENT(SORT_BY_NAME(.flashdata*)))
                0x10004ed4                . = ALIGN (0x4)

.ARM.extab
 *(.ARM.extab* .gnu.linkonce.armextab.*)
                0x10004ed4                __exidx_start = .

.ARM.exidx
 *(.ARM.exidx* .gnu.linkonce.armexidx.*)
                0x10004ed4                __exidx_end = .
                0x10004ed4                . = ALIGN (0x4)
                0x10004ed4                __binary_info_start = .

.binary_info    0x10004ed4       0x1c
 *(.binary_info.keep.*)
 .binary_info.keep.__bi_ptr22
                0x10004ed4        0x4 CMakeFiles/pico-FOREHEAD.dir/home/pi/pico/pico-sdk/src/rp2_common/pico_standard_link/binary_info.c.obj
 .binary_info.keep.__bi_ptr30
                0x10004ed8        0x4 CMakeFiles/pico-FOREHEAD.dir/home/pi/pico/pico-sdk/src/rp2_common/pico_standard_link/binary_info.c.obj
 .binary_info.keep.__bi_ptr38
                0x10004edc        0x4 CMakeFiles/pico-FOREHEAD.dir/home/pi/pico/pico-sdk/src/rp2_common/pico_standard_link/binary_info.c.obj
 .binary_info.keep.__bi_ptr44
                0x10004ee0        0x4 CMakeFiles/pico-FOREHEAD.dir/home/pi/pico/pico-sdk/src/rp2_common/pico_standard_link/binary_info.c.obj
 .binary_info.keep.__bi_ptr50
                0x10004ee4        0x4 CMakeFiles/pico-FOREHEAD.dir/home/pi/pico/pico-sdk/src/rp2_common/pico_standard_link/binary_info.c.obj
 .binary_info.keep.__bi_ptr75
                0x10004ee8        0x4 CMakeFiles/pico-FOREHEAD.dir/home/pi/pico/pico-sdk/src/rp2_common/pico_standard_link/binary_info.c.obj
 .binary_info.keep.__bi_ptr81
                0x10004eec        0x4 CMakeFiles/pico-FOREHEAD.dir/home/pi/pico/pico-sdk/src/rp2_common/pico_standard_link/binary_info.c.obj
 *(.binary_info.*)
                0x10004ef0                __binary_info_end = .

.rel.dyn        0x10004ef0        0x0
 .rel.iplt      0x10004ef0        0x0 /usr/lib/gcc/arm-none-eabi/8.3.1/thumb/v6-m/nofp/crtbegin.o
                0x10004ef0                . = ALIGN (0x4)

.ram_vector_table
                0x20000000       0xc0
 *(.ram_vector_table)
 .ram_vector_table
                0x20000000       0xc0 CMakeFiles/pico-FOREHEAD.dir/home/pi/pico/pico-sdk/src/rp2_common/pico_runtime/runtime.c.obj
                0x20000000                ram_vector_table

.data           0x200000c0      0x224 load address 0x10004ef0
                0x200000c0                __data_start__ = .
 *(vtable)
 *(.time_critical*)
 .time_critical.mutex_try_enter
                0x200000c0       0x48 CMakeFiles/pico-FOREHEAD.dir/home/pi/pico/pico-sdk/src/common/pico_sync/mutex.c.obj
                0x200000c0                mutex_try_enter
 .time_critical.mutex_enter_block_until
                0x20000108       0x7c CMakeFiles/pico-FOREHEAD.dir/home/pi/pico/pico-sdk/src/common/pico_sync/mutex.c.obj
                0x20000108                mutex_enter_block_until
 .time_critical.mutex_try_enter_block_until
                0x20000184       0x34 CMakeFiles/pico-FOREHEAD.dir/home/pi/pico/pico-sdk/src/common/pico_sync/mutex.c.obj
                0x20000184                mutex_try_enter_block_until
 .time_critical.mutex_exit
                0x200001b8       0x4c CMakeFiles/pico-FOREHEAD.dir/home/pi/pico/pico-sdk/src/common/pico_sync/mutex.c.obj
                0x200001b8                mutex_exit
 *(.text*)
 .text          0x20000204        0x4 /usr/lib/gcc/arm-none-eabi/8.3.1/thumb/v6-m/nofp/libgcc.a(_dvmd_tls.o)
                0x20000204                __aeabi_ldiv0
                0x20000204                __aeabi_idiv0
 .text.__stub   0x20000208       0x20 linker stubs
                0x20000228                . = ALIGN (0x4)
 *(.rodata*)
                0x20000228                . = ALIGN (0x4)
 *(.data*)
 .data.striped_spin_lock_num
                0x20000228        0x1 CMakeFiles/pico-FOREHEAD.dir/home/pi/pico/pico-sdk/src/rp2_common/hardware_sync/sync.c.obj
 *fill*         0x20000229        0x3 
 .data          0x2000022c       0x48 CMakeFiles/pico-FOREHEAD.dir/home/pi/pico/pico-sdk/src/rp2_common/hardware_irq/irq_handler_chain.S.obj
                0x2000022c                irq_handler_chain_slots
                0x2000025c                irq_handler_chain_first_slot
                0x20000266                irq_handler_chain_remove_tail
 .data.default_alarm_pool
                0x20000274       0x18 CMakeFiles/pico-FOREHEAD.dir/home/pi/pico/pico-sdk/src/common/pico_time/time.c.obj
 .data.default_alarm_pool_heap
                0x2000028c       0x10 CMakeFiles/pico-FOREHEAD.dir/home/pi/pico/pico-sdk/src/common/pico_time/time.c.obj
 *fill*         0x2000029c        0x4 
 .data.aeabi_bits_funcs
                0x200002a0       0x10 CMakeFiles/pico-FOREHEAD.dir/home/pi/pico/pico-sdk/src/rp2_common/pico_bit_ops/bit_ops_aeabi.S.obj
                0x200002a0                aeabi_bits_funcs
                0x200002b0                aeabi_bits_funcs_end
 .data.aeabi_mem_funcs
                0x200002b0       0x10 CMakeFiles/pico-FOREHEAD.dir/home/pi/pico/pico-sdk/src/rp2_common/pico_mem_ops/mem_ops_aeabi.S.obj
                0x200002b0                aeabi_mem_funcs
                0x200002c0                aeabi_mem_funcs_end
                0x200002c0                . = ALIGN (0x4)
 *(.after_data.*)
                0x200002c0                . = ALIGN (0x4)
                0x200002c0                PROVIDE (__mutex_array_start = .)
 *(SORT_BY_NAME(.mutex_array.*))
 *(.mutex_array)
 .mutex_array   0x200002c0        0x8 CMakeFiles/pico-FOREHEAD.dir/home/pi/pico/pico-sdk/src/rp2_common/pico_malloc/pico_malloc.c.obj
 .mutex_array   0x200002c8        0x8 CMakeFiles/pico-FOREHEAD.dir/home/pi/pico/pico-sdk/src/rp2_common/pico_stdio/stdio.c.obj
                0x200002d0                PROVIDE (__mutex_array_end = .)
                0x200002d0                . = ALIGN (0x4)
                0x200002d0                PROVIDE (__preinit_array_start = .)
 *(SORT_BY_NAME(.preinit_array.*))
 .preinit_array.00001
                0x200002d0        0x4 CMakeFiles/pico-FOREHEAD.dir/home/pi/pico/pico-sdk/src/rp2_common/pico_mem_ops/mem_ops_aeabi.S.obj
 .preinit_array.00010
                0x200002d4        0x4 CMakeFiles/pico-FOREHEAD.dir/home/pi/pico/pico-sdk/src/rp2_common/pico_bit_ops/bit_ops_aeabi.S.obj
 .preinit_array.00020
                0x200002d8        0x4 CMakeFiles/pico-FOREHEAD.dir/home/pi/pico/pico-sdk/src/rp2_common/pico_double/double_aeabi.S.obj
 .preinit_array.00020
                0x200002dc        0x4 CMakeFiles/pico-FOREHEAD.dir/home/pi/pico/pico-sdk/src/rp2_common/pico_float/float_aeabi.S.obj
 *(.preinit_array)
                0x200002e0                PROVIDE (__preinit_array_end = .)
                0x200002e0                . = ALIGN (0x4)
                0x200002e0                PROVIDE (__init_array_start = .)
 *(SORT_BY_NAME(.init_array.*))
 *(.init_array)
 .init_array    0x200002e0        0x4 /usr/lib/gcc/arm-none-eabi/8.3.1/thumb/v6-m/nofp/crtbegin.o
                0x200002e4                PROVIDE (__init_array_end = .)
                0x200002e4                . = ALIGN (0x4)
                0x200002e4                PROVIDE (__fini_array_start = .)
 *(SORT_BY_NAME(.fini_array.*))
 *(.fini_array)
                0x200002e4                PROVIDE (__fini_array_end = .)
 *(.jcr)
                0x200002e4                . = ALIGN (0x4)
                0x200002e4                __data_end__ = .
                0x10004ef0                __etext = LOADADDR (.data)

.tm_clone_table
                0x200002e4        0x0 load address 0x10005114
 .tm_clone_table
                0x200002e4        0x0 /usr/lib/gcc/arm-none-eabi/8.3.1/thumb/v6-m/nofp/crtbegin.o
 .tm_clone_table
                0x200002e4        0x0 /usr/lib/gcc/arm-none-eabi/8.3.1/thumb/v6-m/nofp/crtend.o

.igot.plt       0x200002e4        0x0 load address 0x10005114
 .igot.plt      0x200002e4        0x0 /usr/lib/gcc/arm-none-eabi/8.3.1/thumb/v6-m/nofp/crtbegin.o

.uninitialized_data
                0x200002e4        0x0 load address 0x10005114
                0x200002e4                . = ALIGN (0x4)
 *(.uninitialized_data*)

.scratch_x      0x20040000        0x0 load address 0x10005114
                0x20040000                __scratch_x_start__ = .
 *(.scratch_x.*)
                0x20040000                . = ALIGN (0x4)
                0x20040000                __scratch_x_end__ = .
                0x10005114                __scratch_x_source__ = LOADADDR (.scratch_x)

.scratch_y      0x20041000        0x0 load address 0x10005114
                0x20041000                __scratch_y_start__ = .
 *(.scratch_y.*)
                0x20041000                . = ALIGN (0x4)
                0x20041000                __scratch_y_end__ = .
                0x10005114                __scratch_y_source__ = LOADADDR (.scratch_y)

.bss            0x200002e8      0x3c8
                0x200002e8                . = ALIGN (0x4)
                0x200002e8                __bss_start__ = .
 *(SORT_BY_ALIGNMENT(SORT_BY_NAME(.bss*)))
 .bss.default_alarm_pool_entries
                0x200002e8      0x100 CMakeFiles/pico-FOREHEAD.dir/home/pi/pico/pico-sdk/src/common/pico_time/time.c.obj
 .bss           0x200003e8       0x1c /usr/lib/gcc/arm-none-eabi/8.3.1/thumb/v6-m/nofp/crtbegin.o
 .bss.alarm_callbacks
                0x20000404       0x10 CMakeFiles/pico-FOREHEAD.dir/home/pi/pico/pico-sdk/src/rp2_common/hardware_timer/timer.c.obj
 .bss.configured_freq
                0x20000414       0x28 CMakeFiles/pico-FOREHEAD.dir/home/pi/pico/pico-sdk/src/rp2_common/hardware_clocks/clocks.c.obj
 .bss.default_alarm_pool_entry_ids_high
                0x2000043c       0x10 CMakeFiles/pico-FOREHEAD.dir/home/pi/pico/pico-sdk/src/common/pico_time/time.c.obj
 .bss.default_alarm_pool_heap_nodes
                0x2000044c       0x30 CMakeFiles/pico-FOREHEAD.dir/home/pi/pico/pico-sdk/src/common/pico_time/time.c.obj
 .bss.drivers   0x2000047c        0x4 CMakeFiles/pico-FOREHEAD.dir/home/pi/pico/pico-sdk/src/rp2_common/pico_stdio/stdio.c.obj
 .bss.filter    0x20000480        0x4 CMakeFiles/pico-FOREHEAD.dir/home/pi/pico/pico-sdk/src/rp2_common/pico_stdio/stdio.c.obj
 .bss.pools     0x20000484       0x10 CMakeFiles/pico-FOREHEAD.dir/home/pi/pico/pico-sdk/src/common/pico_time/time.c.obj
 .bss.sf_clz_func
                0x20000494        0x4 CMakeFiles/pico-FOREHEAD.dir/home/pi/pico/pico-sdk/src/rp2_common/pico_double/double_init_rom.c.obj
                0x20000494                sf_clz_func
 .bss.sleep_notifier
                0x20000498        0x4 CMakeFiles/pico-FOREHEAD.dir/home/pi/pico/pico-sdk/src/common/pico_time/time.c.obj
 .bss.target_hi
                0x2000049c       0x10 CMakeFiles/pico-FOREHEAD.dir/home/pi/pico/pico-sdk/src/rp2_common/hardware_timer/timer.c.obj
 .bss.claimed   0x200004ac        0x1 CMakeFiles/pico-FOREHEAD.dir/home/pi/pico/pico-sdk/src/rp2_common/hardware_timer/timer.c.obj
 .bss.irq_hander_chain_free_slot_head
                0x200004ad        0x1 CMakeFiles/pico-FOREHEAD.dir/home/pi/pico/pico-sdk/src/rp2_common/hardware_irq/irq.c.obj
 .bss.timer_callbacks_pending
                0x200004ae        0x1 CMakeFiles/pico-FOREHEAD.dir/home/pi/pico/pico-sdk/src/rp2_common/hardware_timer/timer.c.obj
 *(COMMON)
 *fill*         0x200004af        0x1 
 COMMON         0x200004b0      0x100 CMakeFiles/pico-FOREHEAD.dir/home/pi/pico/pico-sdk/src/rp2_common/pico_double/double_init_rom.c.obj
                0x200004b0                sd_table
 COMMON         0x200005b0      0x100 CMakeFiles/pico-FOREHEAD.dir/home/pi/pico/pico-sdk/src/rp2_common/pico_float/float_init_rom.c.obj
                0x200005b0                sf_table
                0x200006b0                . = ALIGN (0x4)
                0x200006b0                __bss_end__ = .

.heap           0x200006b0      0x800
                0x200006b0                __end__ = .
                0x200006b0                end = __end__
 *(.heap*)
 .heap          0x200006b0      0x800 CMakeFiles/pico-FOREHEAD.dir/home/pi/pico/pico-sdk/src/rp2_common/pico_standard_link/crt0.S.obj
                0x20000eb0                __HeapLimit = .

.stack1_dummy   0x20040000      0x800
 *(.stack1*)
 .stack1        0x20040000      0x800 CMakeFiles/pico-FOREHEAD.dir/home/pi/pico/pico-sdk/src/rp2_common/pico_multicore/multicore.c.obj

.stack_dummy    0x20041000      0x800
 *(.stack*)
 .stack         0x20041000      0x800 CMakeFiles/pico-FOREHEAD.dir/home/pi/pico/pico-sdk/src/rp2_common/pico_standard_link/crt0.S.obj

.flash_end      0x10005114        0x0
                0x10005114                PROVIDE (__flash_binary_end = .)
                0x20040000                __StackLimit = (ORIGIN (RAM) + LENGTH (RAM))
                0x20041000                __StackOneTop = (ORIGIN (SCRATCH_X) + LENGTH (SCRATCH_X))
                0x20042000                __StackTop = (ORIGIN (SCRATCH_Y) + LENGTH (SCRATCH_Y))
                0x20040800                __StackOneBottom = (__StackOneTop - SIZEOF (.stack1_dummy))
                0x20041800                __StackBottom = (__StackTop - SIZEOF (.stack_dummy))
                0x20042000                PROVIDE (__stack = __StackTop)
                0x00000001                ASSERT ((__StackLimit >= __HeapLimit), region RAM overflowed)
                0x00000001                ASSERT (((__binary_info_header_end - __logical_binary_start) <= 0x100), Binary info must be in first 256 bytes of the binary)
LOAD CMakeFiles/pico-FOREHEAD.dir/main.c.obj
LOAD CMakeFiles/pico-FOREHEAD.dir/home/pi/pico/pico-sdk/src/rp2_common/pico_stdlib/stdlib.c.obj
LOAD CMakeFiles/pico-FOREHEAD.dir/home/pi/pico/pico-sdk/src/rp2_common/hardware_gpio/gpio.c.obj
LOAD CMakeFiles/pico-FOREHEAD.dir/home/pi/pico/pico-sdk/src/rp2_common/pico_platform/platform.c.obj
LOAD CMakeFiles/pico-FOREHEAD.dir/home/pi/pico/pico-sdk/src/rp2_common/hardware_claim/claim.c.obj
LOAD CMakeFiles/pico-FOREHEAD.dir/home/pi/pico/pico-sdk/src/rp2_common/hardware_sync/sync.c.obj
LOAD CMakeFiles/pico-FOREHEAD.dir/home/pi/pico/pico-sdk/src/rp2_common/hardware_irq/irq.c.obj
LOAD CMakeFiles/pico-FOREHEAD.dir/home/pi/pico/pico-sdk/src/rp2_common/hardware_irq/irq_handler_chain.S.obj
LOAD CMakeFiles/pico-FOREHEAD.dir/home/pi/pico/pico-sdk/src/common/pico_sync/sem.c.obj
LOAD CMakeFiles/pico-FOREHEAD.dir/home/pi/pico/pico-sdk/src/common/pico_sync/lock_core.c.obj
LOAD CMakeFiles/pico-FOREHEAD.dir/home/pi/pico/pico-sdk/src/common/pico_sync/mutex.c.obj
LOAD CMakeFiles/pico-FOREHEAD.dir/home/pi/pico/pico-sdk/src/common/pico_sync/critical_section.c.obj
LOAD CMakeFiles/pico-FOREHEAD.dir/home/pi/pico/pico-sdk/src/common/pico_time/time.c.obj
LOAD CMakeFiles/pico-FOREHEAD.dir/home/pi/pico/pico-sdk/src/common/pico_time/timeout_helper.c.obj
LOAD CMakeFiles/pico-FOREHEAD.dir/home/pi/pico/pico-sdk/src/rp2_common/hardware_timer/timer.c.obj
LOAD CMakeFiles/pico-FOREHEAD.dir/home/pi/pico/pico-sdk/src/common/pico_util/datetime.c.obj
LOAD CMakeFiles/pico-FOREHEAD.dir/home/pi/pico/pico-sdk/src/common/pico_util/pheap.c.obj
LOAD CMakeFiles/pico-FOREHEAD.dir/home/pi/pico/pico-sdk/src/common/pico_util/queue.c.obj
LOAD CMakeFiles/pico-FOREHEAD.dir/home/pi/pico/pico-sdk/src/rp2_common/hardware_uart/uart.c.obj
LOAD CMakeFiles/pico-FOREHEAD.dir/home/pi/pico/pico-sdk/src/rp2_common/hardware_clocks/clocks.c.obj
LOAD CMakeFiles/pico-FOREHEAD.dir/home/pi/pico/pico-sdk/src/rp2_common/hardware_pll/pll.c.obj
LOAD CMakeFiles/pico-FOREHEAD.dir/home/pi/pico/pico-sdk/src/rp2_common/hardware_vreg/vreg.c.obj
LOAD CMakeFiles/pico-FOREHEAD.dir/home/pi/pico/pico-sdk/src/rp2_common/hardware_watchdog/watchdog.c.obj
LOAD CMakeFiles/pico-FOREHEAD.dir/home/pi/pico/pico-sdk/src/rp2_common/hardware_xosc/xosc.c.obj
LOAD CMakeFiles/pico-FOREHEAD.dir/home/pi/pico/pico-sdk/src/rp2_common/hardware_divider/divider.S.obj
LOAD CMakeFiles/pico-FOREHEAD.dir/home/pi/pico/pico-sdk/src/rp2_common/pico_runtime/runtime.c.obj
LOAD CMakeFiles/pico-FOREHEAD.dir/home/pi/pico/pico-sdk/src/rp2_common/pico_printf/printf.c.obj
LOAD CMakeFiles/pico-FOREHEAD.dir/home/pi/pico/pico-sdk/src/rp2_common/pico_bit_ops/bit_ops_aeabi.S.obj
LOAD CMakeFiles/pico-FOREHEAD.dir/home/pi/pico/pico-sdk/src/rp2_common/pico_bootrom/bootrom.c.obj
LOAD CMakeFiles/pico-FOREHEAD.dir/home/pi/pico/pico-sdk/src/rp2_common/pico_divider/divider.S.obj
LOAD CMakeFiles/pico-FOREHEAD.dir/home/pi/pico/pico-sdk/src/rp2_common/pico_double/double_aeabi.S.obj
LOAD CMakeFiles/pico-FOREHEAD.dir/home/pi/pico/pico-sdk/src/rp2_common/pico_double/double_init_rom.c.obj
LOAD CMakeFiles/pico-FOREHEAD.dir/home/pi/pico/pico-sdk/src/rp2_common/pico_double/double_math.c.obj
LOAD CMakeFiles/pico-FOREHEAD.dir/home/pi/pico/pico-sdk/src/rp2_common/pico_double/double_v1_rom_shim.S.obj
LOAD CMakeFiles/pico-FOREHEAD.dir/home/pi/pico/pico-sdk/src/rp2_common/pico_int64_ops/pico_int64_ops_aeabi.S.obj
LOAD CMakeFiles/pico-FOREHEAD.dir/home/pi/pico/pico-sdk/src/rp2_common/pico_float/float_aeabi.S.obj
LOAD CMakeFiles/pico-FOREHEAD.dir/home/pi/pico/pico-sdk/src/rp2_common/pico_float/float_init_rom.c.obj
LOAD CMakeFiles/pico-FOREHEAD.dir/home/pi/pico/pico-sdk/src/rp2_common/pico_float/float_math.c.obj
LOAD CMakeFiles/pico-FOREHEAD.dir/home/pi/pico/pico-sdk/src/rp2_common/pico_float/float_v1_rom_shim.S.obj
LOAD CMakeFiles/pico-FOREHEAD.dir/home/pi/pico/pico-sdk/src/rp2_common/pico_malloc/pico_malloc.c.obj
LOAD CMakeFiles/pico-FOREHEAD.dir/home/pi/pico/pico-sdk/src/rp2_common/pico_mem_ops/mem_ops_aeabi.S.obj
LOAD CMakeFiles/pico-FOREHEAD.dir/home/pi/pico/pico-sdk/src/rp2_common/pico_standard_link/crt0.S.obj
LOAD CMakeFiles/pico-FOREHEAD.dir/home/pi/pico/pico-sdk/src/rp2_common/pico_standard_link/new_delete.cpp.obj
LOAD CMakeFiles/pico-FOREHEAD.dir/home/pi/pico/pico-sdk/src/rp2_common/pico_standard_link/binary_info.c.obj
LOAD CMakeFiles/pico-FOREHEAD.dir/home/pi/pico/pico-sdk/src/rp2_common/pico_stdio/stdio.c.obj
LOAD CMakeFiles/pico-FOREHEAD.dir/home/pi/pico/pico-sdk/src/rp2_common/pico_stdio_uart/stdio_uart.c.obj
LOAD CMakeFiles/pico-FOREHEAD.dir/home/pi/pico/pico-sdk/src/rp2_common/hardware_adc/adc.c.obj
LOAD CMakeFiles/pico-FOREHEAD.dir/home/pi/pico/pico-sdk/src/rp2_common/hardware_flash/flash.c.obj
LOAD CMakeFiles/pico-FOREHEAD.dir/home/pi/pico/pico-sdk/src/rp2_common/pico_multicore/multicore.c.obj
LOAD /tmp/ccYUNJtJ.o
LOAD /usr/lib/gcc/arm-none-eabi/8.3.1/../../../arm-none-eabi/lib/thumb/v6-m/nofp/libstdc++.a
LOAD /usr/lib/gcc/arm-none-eabi/8.3.1/../../../arm-none-eabi/lib/thumb/v6-m/nofp/libm.a
START GROUP
LOAD /usr/lib/gcc/arm-none-eabi/8.3.1/thumb/v6-m/nofp/libgcc.a
LOAD /usr/lib/gcc/arm-none-eabi/8.3.1/../../../arm-none-eabi/lib/thumb/v6-m/nofp/libg.a
LOAD /usr/lib/gcc/arm-none-eabi/8.3.1/../../../arm-none-eabi/lib/thumb/v6-m/nofp/libc.a
END GROUP
START GROUP
LOAD /usr/lib/gcc/arm-none-eabi/8.3.1/thumb/v6-m/nofp/libgcc.a
LOAD /usr/lib/gcc/arm-none-eabi/8.3.1/../../../arm-none-eabi/lib/thumb/v6-m/nofp/libc.a
LOAD /usr/lib/gcc/arm-none-eabi/8.3.1/../../../arm-none-eabi/lib/thumb/v6-m/nofp/libnosys.a
END GROUP
LOAD /usr/lib/gcc/arm-none-eabi/8.3.1/thumb/v6-m/nofp/crtend.o
LOAD /usr/lib/gcc/arm-none-eabi/8.3.1/thumb/v6-m/nofp/crtn.o
OUTPUT(pico-FOREHEAD.elf elf32-littlearm)
LOAD linker stubs

.ARM.attributes
                0x00000000       0x28
 .ARM.attributes
                0x00000000       0x1e /usr/lib/gcc/arm-none-eabi/8.3.1/thumb/v6-m/nofp/crti.o
 .ARM.attributes
                0x0000001e       0x2c /usr/lib/gcc/arm-none-eabi/8.3.1/thumb/v6-m/nofp/crtbegin.o
 .ARM.attributes
                0x0000004a       0x2c CMakeFiles/pico-FOREHEAD.dir/main.c.obj
 .ARM.attributes
                0x00000076       0x2c CMakeFiles/pico-FOREHEAD.dir/home/pi/pico/pico-sdk/src/rp2_common/pico_platform/platform.c.obj
 .ARM.attributes
                0x000000a2       0x2c CMakeFiles/pico-FOREHEAD.dir/home/pi/pico/pico-sdk/src/rp2_common/hardware_claim/claim.c.obj
 .ARM.attributes
                0x000000ce       0x2c CMakeFiles/pico-FOREHEAD.dir/home/pi/pico/pico-sdk/src/rp2_common/hardware_sync/sync.c.obj
 .ARM.attributes
                0x000000fa       0x2c CMakeFiles/pico-FOREHEAD.dir/home/pi/pico/pico-sdk/src/rp2_common/hardware_irq/irq.c.obj
 .ARM.attributes
                0x00000126       0x22 CMakeFiles/pico-FOREHEAD.dir/home/pi/pico/pico-sdk/src/rp2_common/hardware_irq/irq_handler_chain.S.obj
 .ARM.attributes
                0x00000148       0x2c CMakeFiles/pico-FOREHEAD.dir/home/pi/pico/pico-sdk/src/common/pico_sync/lock_core.c.obj
 .ARM.attributes
                0x00000174       0x2c CMakeFiles/pico-FOREHEAD.dir/home/pi/pico/pico-sdk/src/common/pico_sync/mutex.c.obj
 .ARM.attributes
                0x000001a0       0x2c CMakeFiles/pico-FOREHEAD.dir/home/pi/pico/pico-sdk/src/common/pico_time/time.c.obj
 .ARM.attributes
                0x000001cc       0x2c CMakeFiles/pico-FOREHEAD.dir/home/pi/pico/pico-sdk/src/rp2_common/hardware_timer/timer.c.obj
 .ARM.attributes
                0x000001f8       0x2c CMakeFiles/pico-FOREHEAD.dir/home/pi/pico/pico-sdk/src/common/pico_util/pheap.c.obj
 .ARM.attributes
                0x00000224       0x2c CMakeFiles/pico-FOREHEAD.dir/home/pi/pico/pico-sdk/src/rp2_common/hardware_clocks/clocks.c.obj
 .ARM.attributes
                0x00000250       0x2c CMakeFiles/pico-FOREHEAD.dir/home/pi/pico/pico-sdk/src/rp2_common/hardware_pll/pll.c.obj
 .ARM.attributes
                0x0000027c       0x2c CMakeFiles/pico-FOREHEAD.dir/home/pi/pico/pico-sdk/src/rp2_common/hardware_watchdog/watchdog.c.obj
 .ARM.attributes
                0x000002a8       0x2c CMakeFiles/pico-FOREHEAD.dir/home/pi/pico/pico-sdk/src/rp2_common/hardware_xosc/xosc.c.obj
 .ARM.attributes
                0x000002d4       0x2c CMakeFiles/pico-FOREHEAD.dir/home/pi/pico/pico-sdk/src/rp2_common/pico_runtime/runtime.c.obj
 .ARM.attributes
                0x00000300       0x2c CMakeFiles/pico-FOREHEAD.dir/home/pi/pico/pico-sdk/src/rp2_common/pico_printf/printf.c.obj
 .ARM.attributes
                0x0000032c       0x22 CMakeFiles/pico-FOREHEAD.dir/home/pi/pico/pico-sdk/src/rp2_common/pico_bit_ops/bit_ops_aeabi.S.obj
 .ARM.attributes
                0x0000034e       0x2c CMakeFiles/pico-FOREHEAD.dir/home/pi/pico/pico-sdk/src/rp2_common/pico_bootrom/bootrom.c.obj
 .ARM.attributes
                0x0000037a       0x22 CMakeFiles/pico-FOREHEAD.dir/home/pi/pico/pico-sdk/src/rp2_common/pico_divider/divider.S.obj
 .ARM.attributes
                0x0000039c       0x22 CMakeFiles/pico-FOREHEAD.dir/home/pi/pico/pico-sdk/src/rp2_common/pico_double/double_aeabi.S.obj
 .ARM.attributes
                0x000003be       0x2c CMakeFiles/pico-FOREHEAD.dir/home/pi/pico/pico-sdk/src/rp2_common/pico_double/double_init_rom.c.obj
 .ARM.attributes
                0x000003ea       0x22 CMakeFiles/pico-FOREHEAD.dir/home/pi/pico/pico-sdk/src/rp2_common/pico_double/double_v1_rom_shim.S.obj
 .ARM.attributes
                0x0000040c       0x22 CMakeFiles/pico-FOREHEAD.dir/home/pi/pico/pico-sdk/src/rp2_common/pico_float/float_aeabi.S.obj
 .ARM.attributes
                0x0000042e       0x2c CMakeFiles/pico-FOREHEAD.dir/home/pi/pico/pico-sdk/src/rp2_common/pico_float/float_init_rom.c.obj
 .ARM.attributes
                0x0000045a       0x22 CMakeFiles/pico-FOREHEAD.dir/home/pi/pico/pico-sdk/src/rp2_common/pico_float/float_v1_rom_shim.S.obj
 .ARM.attributes
                0x0000047c       0x2c CMakeFiles/pico-FOREHEAD.dir/home/pi/pico/pico-sdk/src/rp2_common/pico_malloc/pico_malloc.c.obj
 .ARM.attributes
                0x000004a8       0x22 CMakeFiles/pico-FOREHEAD.dir/home/pi/pico/pico-sdk/src/rp2_common/pico_mem_ops/mem_ops_aeabi.S.obj
 .ARM.attributes
                0x000004ca       0x22 CMakeFiles/pico-FOREHEAD.dir/home/pi/pico/pico-sdk/src/rp2_common/pico_standard_link/crt0.S.obj
 .ARM.attributes
                0x000004ec       0x32 CMakeFiles/pico-FOREHEAD.dir/home/pi/pico/pico-sdk/src/rp2_common/pico_standard_link/binary_info.c.obj
 .ARM.attributes
                0x0000051e       0x2c CMakeFiles/pico-FOREHEAD.dir/home/pi/pico/pico-sdk/src/rp2_common/pico_stdio/stdio.c.obj
 .ARM.attributes
                0x0000054a       0x2c CMakeFiles/pico-FOREHEAD.dir/home/pi/pico/pico-sdk/src/rp2_common/pico_multicore/multicore.c.obj
 .ARM.attributes
                0x00000576       0x22 /tmp/ccYUNJtJ.o
 .ARM.attributes
                0x00000598       0x1e /usr/lib/gcc/arm-none-eabi/8.3.1/thumb/v6-m/nofp/libgcc.a(_dvmd_tls.o)
 .ARM.attributes
                0x000005b6       0x2c /usr/lib/gcc/arm-none-eabi/8.3.1/../../../arm-none-eabi/lib/thumb/v6-m/nofp/libg.a(lib_a-strlen-stub.o)
 .ARM.attributes
                0x000005e2       0x2c /usr/lib/gcc/arm-none-eabi/8.3.1/thumb/v6-m/nofp/crtend.o

.comment        0x00000000       0x9f
 .comment       0x00000000       0x51 /usr/lib/gcc/arm-none-eabi/8.3.1/thumb/v6-m/nofp/crtbegin.o
                                 0x52 (size before relaxing)
 .comment       0x00000051       0x52 CMakeFiles/pico-FOREHEAD.dir/main.c.obj
 .comment       0x00000051       0x52 CMakeFiles/pico-FOREHEAD.dir/home/pi/pico/pico-sdk/src/rp2_common/pico_platform/platform.c.obj
 .comment       0x00000051       0x52 CMakeFiles/pico-FOREHEAD.dir/home/pi/pico/pico-sdk/src/rp2_common/hardware_claim/claim.c.obj
 .comment       0x00000051       0x52 CMakeFiles/pico-FOREHEAD.dir/home/pi/pico/pico-sdk/src/rp2_common/hardware_sync/sync.c.obj
 .comment       0x00000051       0x52 CMakeFiles/pico-FOREHEAD.dir/home/pi/pico/pico-sdk/src/rp2_common/hardware_irq/irq.c.obj
 .comment       0x00000051       0x52 CMakeFiles/pico-FOREHEAD.dir/home/pi/pico/pico-sdk/src/common/pico_sync/lock_core.c.obj
 .comment       0x00000051       0x52 CMakeFiles/pico-FOREHEAD.dir/home/pi/pico/pico-sdk/src/common/pico_sync/mutex.c.obj
 .comment       0x00000051       0x52 CMakeFiles/pico-FOREHEAD.dir/home/pi/pico/pico-sdk/src/common/pico_time/time.c.obj
 .comment       0x00000051       0x52 CMakeFiles/pico-FOREHEAD.dir/home/pi/pico/pico-sdk/src/rp2_common/hardware_timer/timer.c.obj
 .comment       0x00000051       0x52 CMakeFiles/pico-FOREHEAD.dir/home/pi/pico/pico-sdk/src/common/pico_util/pheap.c.obj
 .comment       0x00000051       0x52 CMakeFiles/pico-FOREHEAD.dir/home/pi/pico/pico-sdk/src/rp2_common/hardware_clocks/clocks.c.obj
 .comment       0x00000051       0x52 CMakeFiles/pico-FOREHEAD.dir/home/pi/pico/pico-sdk/src/rp2_common/hardware_pll/pll.c.obj
 .comment       0x00000051       0x52 CMakeFiles/pico-FOREHEAD.dir/home/pi/pico/pico-sdk/src/rp2_common/hardware_watchdog/watchdog.c.obj
 .comment       0x00000051       0x52 CMakeFiles/pico-FOREHEAD.dir/home/pi/pico/pico-sdk/src/rp2_common/hardware_xosc/xosc.c.obj
 .comment       0x00000051       0x52 CMakeFiles/pico-FOREHEAD.dir/home/pi/pico/pico-sdk/src/rp2_common/pico_runtime/runtime.c.obj
 .comment       0x00000051       0x52 CMakeFiles/pico-FOREHEAD.dir/home/pi/pico/pico-sdk/src/rp2_common/pico_printf/printf.c.obj
 .comment       0x00000051       0x52 CMakeFiles/pico-FOREHEAD.dir/home/pi/pico/pico-sdk/src/rp2_common/pico_bootrom/bootrom.c.obj
 .comment       0x00000051       0x52 CMakeFiles/pico-FOREHEAD.dir/home/pi/pico/pico-sdk/src/rp2_common/pico_double/double_init_rom.c.obj
 .comment       0x00000051       0x52 CMakeFiles/pico-FOREHEAD.dir/home/pi/pico/pico-sdk/src/rp2_common/pico_float/float_init_rom.c.obj
 .comment       0x00000051       0x52 CMakeFiles/pico-FOREHEAD.dir/home/pi/pico/pico-sdk/src/rp2_common/pico_malloc/pico_malloc.c.obj
 .comment       0x00000051       0x52 CMakeFiles/pico-FOREHEAD.dir/home/pi/pico/pico-sdk/src/rp2_common/pico_standard_link/binary_info.c.obj
 .comment       0x00000051       0x52 CMakeFiles/pico-FOREHEAD.dir/home/pi/pico/pico-sdk/src/rp2_common/pico_stdio/stdio.c.obj
 .comment       0x00000051       0x52 CMakeFiles/pico-FOREHEAD.dir/home/pi/pico/pico-sdk/src/rp2_common/pico_multicore/multicore.c.obj
 .comment       0x00000051       0x4e /usr/lib/gcc/arm-none-eabi/8.3.1/../../../arm-none-eabi/lib/thumb/v6-m/nofp/libg.a(lib_a-strlen-stub.o)
                                 0x4f (size before relaxing)
 .comment       0x0000009f       0x52 /usr/lib/gcc/arm-none-eabi/8.3.1/thumb/v6-m/nofp/crtend.o

.debug_info     0x00000000    0x19de1
 .debug_info    0x00000000      0x9df CMakeFiles/pico-FOREHEAD.dir/main.c.obj
 .debug_info    0x000009df      0x1cb CMakeFiles/pico-FOREHEAD.dir/home/pi/pico/pico-sdk/src/rp2_common/pico_platform/platform.c.obj
 .debug_info    0x00000baa      0x6aa CMakeFiles/pico-FOREHEAD.dir/home/pi/pico/pico-sdk/src/rp2_common/hardware_claim/claim.c.obj
 .debug_info    0x00001254      0x591 CMakeFiles/pico-FOREHEAD.dir/home/pi/pico/pico-sdk/src/rp2_common/hardware_sync/sync.c.obj
 .debug_info    0x000017e5     0x1cfa CMakeFiles/pico-FOREHEAD.dir/home/pi/pico/pico-sdk/src/rp2_common/hardware_irq/irq.c.obj
 .debug_info    0x000034df       0x26 CMakeFiles/pico-FOREHEAD.dir/home/pi/pico/pico-sdk/src/rp2_common/hardware_irq/irq_handler_chain.S.obj
 .debug_info    0x00003505      0x1ed CMakeFiles/pico-FOREHEAD.dir/home/pi/pico/pico-sdk/src/common/pico_sync/lock_core.c.obj
 .debug_info    0x000036f2     0x20e8 CMakeFiles/pico-FOREHEAD.dir/home/pi/pico/pico-sdk/src/common/pico_sync/mutex.c.obj
 .debug_info    0x000057da     0x493f CMakeFiles/pico-FOREHEAD.dir/home/pi/pico/pico-sdk/src/common/pico_time/time.c.obj
 .debug_info    0x0000a119     0x13ac CMakeFiles/pico-FOREHEAD.dir/home/pi/pico/pico-sdk/src/rp2_common/hardware_timer/timer.c.obj
 .debug_info    0x0000b4c5     0x1ada CMakeFiles/pico-FOREHEAD.dir/home/pi/pico/pico-sdk/src/common/pico_util/pheap.c.obj
 .debug_info    0x0000cf9f      0xf45 CMakeFiles/pico-FOREHEAD.dir/home/pi/pico/pico-sdk/src/rp2_common/hardware_clocks/clocks.c.obj
 .debug_info    0x0000dee4      0x4e8 CMakeFiles/pico-FOREHEAD.dir/home/pi/pico/pico-sdk/src/rp2_common/hardware_pll/pll.c.obj
 .debug_info    0x0000e3cc      0xd7d CMakeFiles/pico-FOREHEAD.dir/home/pi/pico/pico-sdk/src/rp2_common/hardware_watchdog/watchdog.c.obj
 .debug_info    0x0000f149      0x1b8 CMakeFiles/pico-FOREHEAD.dir/home/pi/pico/pico-sdk/src/rp2_common/hardware_xosc/xosc.c.obj
 .debug_info    0x0000f301     0x1929 CMakeFiles/pico-FOREHEAD.dir/home/pi/pico/pico-sdk/src/rp2_common/pico_runtime/runtime.c.obj
 .debug_info    0x00010c2a     0x2032 CMakeFiles/pico-FOREHEAD.dir/home/pi/pico/pico-sdk/src/rp2_common/pico_printf/printf.c.obj
 .debug_info    0x00012c5c       0x22 CMakeFiles/pico-FOREHEAD.dir/home/pi/pico/pico-sdk/src/rp2_common/pico_bit_ops/bit_ops_aeabi.S.obj
 .debug_info    0x00012c7e      0x262 CMakeFiles/pico-FOREHEAD.dir/home/pi/pico/pico-sdk/src/rp2_common/pico_bootrom/bootrom.c.obj
 .debug_info    0x00012ee0       0x22 CMakeFiles/pico-FOREHEAD.dir/home/pi/pico/pico-sdk/src/rp2_common/pico_divider/divider.S.obj
 .debug_info    0x00012f02       0x22 CMakeFiles/pico-FOREHEAD.dir/home/pi/pico/pico-sdk/src/rp2_common/pico_double/double_aeabi.S.obj
 .debug_info    0x00012f24      0xb2a CMakeFiles/pico-FOREHEAD.dir/home/pi/pico/pico-sdk/src/rp2_common/pico_double/double_init_rom.c.obj
 .debug_info    0x00013a4e       0x22 CMakeFiles/pico-FOREHEAD.dir/home/pi/pico/pico-sdk/src/rp2_common/pico_double/double_v1_rom_shim.S.obj
 .debug_info    0x00013a70       0x22 CMakeFiles/pico-FOREHEAD.dir/home/pi/pico/pico-sdk/src/rp2_common/pico_float/float_aeabi.S.obj
 .debug_info    0x00013a92      0xb44 CMakeFiles/pico-FOREHEAD.dir/home/pi/pico/pico-sdk/src/rp2_common/pico_float/float_init_rom.c.obj
 .debug_info    0x000145d6       0x22 CMakeFiles/pico-FOREHEAD.dir/home/pi/pico/pico-sdk/src/rp2_common/pico_float/float_v1_rom_shim.S.obj
 .debug_info    0x000145f8      0xd74 CMakeFiles/pico-FOREHEAD.dir/home/pi/pico/pico-sdk/src/rp2_common/pico_malloc/pico_malloc.c.obj
 .debug_info    0x0001536c       0x22 CMakeFiles/pico-FOREHEAD.dir/home/pi/pico/pico-sdk/src/rp2_common/pico_mem_ops/mem_ops_aeabi.S.obj
 .debug_info    0x0001538e       0x22 CMakeFiles/pico-FOREHEAD.dir/home/pi/pico/pico-sdk/src/rp2_common/pico_standard_link/crt0.S.obj
 .debug_info    0x000153b0      0x2cb CMakeFiles/pico-FOREHEAD.dir/home/pi/pico/pico-sdk/src/rp2_common/pico_standard_link/binary_info.c.obj
 .debug_info    0x0001567b     0x20dc CMakeFiles/pico-FOREHEAD.dir/home/pi/pico/pico-sdk/src/rp2_common/pico_stdio/stdio.c.obj
 .debug_info    0x00017757     0x1cf1 CMakeFiles/pico-FOREHEAD.dir/home/pi/pico/pico-sdk/src/rp2_common/pico_multicore/multicore.c.obj
 .debug_info    0x00019448       0x26 /usr/lib/gcc/arm-none-eabi/8.3.1/thumb/v6-m/nofp/libgcc.a(_dvmd_tls.o)
 .debug_info    0x0001946e      0x973 /usr/lib/gcc/arm-none-eabi/8.3.1/../../../arm-none-eabi/lib/thumb/v6-m/nofp/libg.a(lib_a-strlen-stub.o)

.debug_abbrev   0x00000000     0x4b67
 .debug_abbrev  0x00000000      0x1f4 CMakeFiles/pico-FOREHEAD.dir/main.c.obj
 .debug_abbrev  0x000001f4       0xeb CMakeFiles/pico-FOREHEAD.dir/home/pi/pico/pico-sdk/src/rp2_common/pico_platform/platform.c.obj
 .debug_abbrev  0x000002df      0x2fb CMakeFiles/pico-FOREHEAD.dir/home/pi/pico/pico-sdk/src/rp2_common/hardware_claim/claim.c.obj
 .debug_abbrev  0x000005da      0x224 CMakeFiles/pico-FOREHEAD.dir/home/pi/pico/pico-sdk/src/rp2_common/hardware_sync/sync.c.obj
 .debug_abbrev  0x000007fe      0x4ff CMakeFiles/pico-FOREHEAD.dir/home/pi/pico/pico-sdk/src/rp2_common/hardware_irq/irq.c.obj
 .debug_abbrev  0x00000cfd       0x14 CMakeFiles/pico-FOREHEAD.dir/home/pi/pico/pico-sdk/src/rp2_common/hardware_irq/irq_handler_chain.S.obj
 .debug_abbrev  0x00000d11      0x141 CMakeFiles/pico-FOREHEAD.dir/home/pi/pico/pico-sdk/src/common/pico_sync/lock_core.c.obj
 .debug_abbrev  0x00000e52      0x3b3 CMakeFiles/pico-FOREHEAD.dir/home/pi/pico/pico-sdk/src/common/pico_sync/mutex.c.obj
 .debug_abbrev  0x00001205      0x65e CMakeFiles/pico-FOREHEAD.dir/home/pi/pico/pico-sdk/src/common/pico_time/time.c.obj
 .debug_abbrev  0x00001863      0x3c7 CMakeFiles/pico-FOREHEAD.dir/home/pi/pico/pico-sdk/src/rp2_common/hardware_timer/timer.c.obj
 .debug_abbrev  0x00001c2a      0x3ad CMakeFiles/pico-FOREHEAD.dir/home/pi/pico/pico-sdk/src/common/pico_util/pheap.c.obj
 .debug_abbrev  0x00001fd7      0x3ea CMakeFiles/pico-FOREHEAD.dir/home/pi/pico/pico-sdk/src/rp2_common/hardware_clocks/clocks.c.obj
 .debug_abbrev  0x000023c1      0x1ee CMakeFiles/pico-FOREHEAD.dir/home/pi/pico/pico-sdk/src/rp2_common/hardware_pll/pll.c.obj
 .debug_abbrev  0x000025af      0x2d8 CMakeFiles/pico-FOREHEAD.dir/home/pi/pico/pico-sdk/src/rp2_common/hardware_watchdog/watchdog.c.obj
 .debug_abbrev  0x00002887      0x106 CMakeFiles/pico-FOREHEAD.dir/home/pi/pico/pico-sdk/src/rp2_common/hardware_xosc/xosc.c.obj
 .debug_abbrev  0x0000298d      0x5dc CMakeFiles/pico-FOREHEAD.dir/home/pi/pico/pico-sdk/src/rp2_common/pico_runtime/runtime.c.obj
 .debug_abbrev  0x00002f69      0x4aa CMakeFiles/pico-FOREHEAD.dir/home/pi/pico/pico-sdk/src/rp2_common/pico_printf/printf.c.obj
 .debug_abbrev  0x00003413       0x12 CMakeFiles/pico-FOREHEAD.dir/home/pi/pico/pico-sdk/src/rp2_common/pico_bit_ops/bit_ops_aeabi.S.obj
 .debug_abbrev  0x00003425      0x144 CMakeFiles/pico-FOREHEAD.dir/home/pi/pico/pico-sdk/src/rp2_common/pico_bootrom/bootrom.c.obj
 .debug_abbrev  0x00003569       0x12 CMakeFiles/pico-FOREHEAD.dir/home/pi/pico/pico-sdk/src/rp2_common/pico_divider/divider.S.obj
 .debug_abbrev  0x0000357b       0x12 CMakeFiles/pico-FOREHEAD.dir/home/pi/pico/pico-sdk/src/rp2_common/pico_double/double_aeabi.S.obj
 .debug_abbrev  0x0000358d      0x2c2 CMakeFiles/pico-FOREHEAD.dir/home/pi/pico/pico-sdk/src/rp2_common/pico_double/double_init_rom.c.obj
 .debug_abbrev  0x0000384f       0x12 CMakeFiles/pico-FOREHEAD.dir/home/pi/pico/pico-sdk/src/rp2_common/pico_double/double_v1_rom_shim.S.obj
 .debug_abbrev  0x00003861       0x12 CMakeFiles/pico-FOREHEAD.dir/home/pi/pico/pico-sdk/src/rp2_common/pico_float/float_aeabi.S.obj
 .debug_abbrev  0x00003873      0x2d5 CMakeFiles/pico-FOREHEAD.dir/home/pi/pico/pico-sdk/src/rp2_common/pico_float/float_init_rom.c.obj
 .debug_abbrev  0x00003b48       0x12 CMakeFiles/pico-FOREHEAD.dir/home/pi/pico/pico-sdk/src/rp2_common/pico_float/float_v1_rom_shim.S.obj
 .debug_abbrev  0x00003b5a      0x306 CMakeFiles/pico-FOREHEAD.dir/home/pi/pico/pico-sdk/src/rp2_common/pico_malloc/pico_malloc.c.obj
 .debug_abbrev  0x00003e60       0x12 CMakeFiles/pico-FOREHEAD.dir/home/pi/pico/pico-sdk/src/rp2_common/pico_mem_ops/mem_ops_aeabi.S.obj
 .debug_abbrev  0x00003e72       0x12 CMakeFiles/pico-FOREHEAD.dir/home/pi/pico/pico-sdk/src/rp2_common/pico_standard_link/crt0.S.obj
 .debug_abbrev  0x00003e84       0xad CMakeFiles/pico-FOREHEAD.dir/home/pi/pico/pico-sdk/src/rp2_common/pico_standard_link/binary_info.c.obj
 .debug_abbrev  0x00003f31      0x581 CMakeFiles/pico-FOREHEAD.dir/home/pi/pico/pico-sdk/src/rp2_common/pico_stdio/stdio.c.obj
 .debug_abbrev  0x000044b2      0x4b9 CMakeFiles/pico-FOREHEAD.dir/home/pi/pico/pico-sdk/src/rp2_common/pico_multicore/multicore.c.obj
 .debug_abbrev  0x0000496b       0x14 /usr/lib/gcc/arm-none-eabi/8.3.1/thumb/v6-m/nofp/libgcc.a(_dvmd_tls.o)
 .debug_abbrev  0x0000497f      0x1e8 /usr/lib/gcc/arm-none-eabi/8.3.1/../../../arm-none-eabi/lib/thumb/v6-m/nofp/libg.a(lib_a-strlen-stub.o)

.debug_aranges  0x00000000      0xdf0
 .debug_aranges
                0x00000000       0x20 CMakeFiles/pico-FOREHEAD.dir/main.c.obj
 .debug_aranges
                0x00000020       0x28 CMakeFiles/pico-FOREHEAD.dir/home/pi/pico/pico-sdk/src/rp2_common/pico_platform/platform.c.obj
 .debug_aranges
                0x00000048       0x48 CMakeFiles/pico-FOREHEAD.dir/home/pi/pico/pico-sdk/src/rp2_common/hardware_claim/claim.c.obj
 .debug_aranges
                0x00000090       0x58 CMakeFiles/pico-FOREHEAD.dir/home/pi/pico/pico-sdk/src/rp2_common/hardware_sync/sync.c.obj
 .debug_aranges
                0x000000e8       0xc8 CMakeFiles/pico-FOREHEAD.dir/home/pi/pico/pico-sdk/src/rp2_common/hardware_irq/irq.c.obj
 .debug_aranges
                0x000001b0       0x20 CMakeFiles/pico-FOREHEAD.dir/home/pi/pico/pico-sdk/src/rp2_common/hardware_irq/irq_handler_chain.S.obj
 .debug_aranges
                0x000001d0       0x20 CMakeFiles/pico-FOREHEAD.dir/home/pi/pico/pico-sdk/src/common/pico_sync/lock_core.c.obj
 .debug_aranges
                0x000001f0       0x90 CMakeFiles/pico-FOREHEAD.dir/home/pi/pico/pico-sdk/src/common/pico_sync/mutex.c.obj
 .debug_aranges
                0x00000280       0xe8 CMakeFiles/pico-FOREHEAD.dir/home/pi/pico/pico-sdk/src/common/pico_time/time.c.obj
 .debug_aranges
                0x00000368       0x88 CMakeFiles/pico-FOREHEAD.dir/home/pi/pico/pico-sdk/src/rp2_common/hardware_timer/timer.c.obj
 .debug_aranges
                0x000003f0       0x78 CMakeFiles/pico-FOREHEAD.dir/home/pi/pico/pico-sdk/src/common/pico_util/pheap.c.obj
 .debug_aranges
                0x00000468       0x70 CMakeFiles/pico-FOREHEAD.dir/home/pi/pico/pico-sdk/src/rp2_common/hardware_clocks/clocks.c.obj
 .debug_aranges
                0x000004d8       0x28 CMakeFiles/pico-FOREHEAD.dir/home/pi/pico/pico-sdk/src/rp2_common/hardware_pll/pll.c.obj
 .debug_aranges
                0x00000500       0x58 CMakeFiles/pico-FOREHEAD.dir/home/pi/pico/pico-sdk/src/rp2_common/hardware_watchdog/watchdog.c.obj
 .debug_aranges
                0x00000558       0x30 CMakeFiles/pico-FOREHEAD.dir/home/pi/pico/pico-sdk/src/rp2_common/hardware_xosc/xosc.c.obj
 .debug_aranges
                0x00000588       0x88 CMakeFiles/pico-FOREHEAD.dir/home/pi/pico/pico-sdk/src/rp2_common/pico_runtime/runtime.c.obj
 .debug_aranges
                0x00000610       0x90 CMakeFiles/pico-FOREHEAD.dir/home/pi/pico/pico-sdk/src/rp2_common/pico_printf/printf.c.obj
 .debug_aranges
                0x000006a0       0x68 CMakeFiles/pico-FOREHEAD.dir/home/pi/pico/pico-sdk/src/rp2_common/pico_bit_ops/bit_ops_aeabi.S.obj
 .debug_aranges
                0x00000708       0x30 CMakeFiles/pico-FOREHEAD.dir/home/pi/pico/pico-sdk/src/rp2_common/pico_bootrom/bootrom.c.obj
 .debug_aranges
                0x00000738       0x40 CMakeFiles/pico-FOREHEAD.dir/home/pi/pico/pico-sdk/src/rp2_common/pico_divider/divider.S.obj
 .debug_aranges
                0x00000778      0x140 CMakeFiles/pico-FOREHEAD.dir/home/pi/pico/pico-sdk/src/rp2_common/pico_double/double_aeabi.S.obj
 .debug_aranges
                0x000008b8       0x20 CMakeFiles/pico-FOREHEAD.dir/home/pi/pico/pico-sdk/src/rp2_common/pico_double/double_init_rom.c.obj
 .debug_aranges
                0x000008d8       0xc8 CMakeFiles/pico-FOREHEAD.dir/home/pi/pico/pico-sdk/src/rp2_common/pico_double/double_v1_rom_shim.S.obj
 .debug_aranges
                0x000009a0      0x130 CMakeFiles/pico-FOREHEAD.dir/home/pi/pico/pico-sdk/src/rp2_common/pico_float/float_aeabi.S.obj
 .debug_aranges
                0x00000ad0       0x20 CMakeFiles/pico-FOREHEAD.dir/home/pi/pico/pico-sdk/src/rp2_common/pico_float/float_init_rom.c.obj
 .debug_aranges
                0x00000af0       0x50 CMakeFiles/pico-FOREHEAD.dir/home/pi/pico/pico-sdk/src/rp2_common/pico_float/float_v1_rom_shim.S.obj
 .debug_aranges
                0x00000b40       0x38 CMakeFiles/pico-FOREHEAD.dir/home/pi/pico/pico-sdk/src/rp2_common/pico_malloc/pico_malloc.c.obj
 .debug_aranges
                0x00000b78       0x38 CMakeFiles/pico-FOREHEAD.dir/home/pi/pico/pico-sdk/src/rp2_common/pico_mem_ops/mem_ops_aeabi.S.obj
 .debug_aranges
                0x00000bb0       0x28 CMakeFiles/pico-FOREHEAD.dir/home/pi/pico/pico-sdk/src/rp2_common/pico_standard_link/crt0.S.obj
 .debug_aranges
                0x00000bd8       0x18 CMakeFiles/pico-FOREHEAD.dir/home/pi/pico/pico-sdk/src/rp2_common/pico_standard_link/binary_info.c.obj
 .debug_aranges
                0x00000bf0      0x100 CMakeFiles/pico-FOREHEAD.dir/home/pi/pico/pico-sdk/src/rp2_common/pico_stdio/stdio.c.obj
 .debug_aranges
                0x00000cf0       0xc0 CMakeFiles/pico-FOREHEAD.dir/home/pi/pico/pico-sdk/src/rp2_common/pico_multicore/multicore.c.obj
 .debug_aranges
                0x00000db0       0x20 /usr/lib/gcc/arm-none-eabi/8.3.1/thumb/v6-m/nofp/libgcc.a(_dvmd_tls.o)
 .debug_aranges
                0x00000dd0       0x20 /usr/lib/gcc/arm-none-eabi/8.3.1/../../../arm-none-eabi/lib/thumb/v6-m/nofp/libg.a(lib_a-strlen-stub.o)

.debug_ranges   0x00000000     0x3220
 .debug_ranges  0x00000000       0x10 CMakeFiles/pico-FOREHEAD.dir/main.c.obj
 .debug_ranges  0x00000010       0x18 CMakeFiles/pico-FOREHEAD.dir/home/pi/pico/pico-sdk/src/rp2_common/pico_platform/platform.c.obj
 .debug_ranges  0x00000028       0xd8 CMakeFiles/pico-FOREHEAD.dir/home/pi/pico/pico-sdk/src/rp2_common/hardware_claim/claim.c.obj
 .debug_ranges  0x00000100       0xf0 CMakeFiles/pico-FOREHEAD.dir/home/pi/pico/pico-sdk/src/rp2_common/hardware_sync/sync.c.obj
 .debug_ranges  0x000001f0      0x400 CMakeFiles/pico-FOREHEAD.dir/home/pi/pico/pico-sdk/src/rp2_common/hardware_irq/irq.c.obj
 .debug_ranges  0x000005f0       0x10 CMakeFiles/pico-FOREHEAD.dir/home/pi/pico/pico-sdk/src/common/pico_sync/lock_core.c.obj
 .debug_ranges  0x00000600      0xad0 CMakeFiles/pico-FOREHEAD.dir/home/pi/pico/pico-sdk/src/common/pico_sync/mutex.c.obj
 .debug_ranges  0x000010d0      0xcb0 CMakeFiles/pico-FOREHEAD.dir/home/pi/pico/pico-sdk/src/common/pico_time/time.c.obj
 .debug_ranges  0x00001d80      0x408 CMakeFiles/pico-FOREHEAD.dir/home/pi/pico/pico-sdk/src/rp2_common/hardware_timer/timer.c.obj
 .debug_ranges  0x00002188      0x230 CMakeFiles/pico-FOREHEAD.dir/home/pi/pico/pico-sdk/src/common/pico_util/pheap.c.obj
 .debug_ranges  0x000023b8       0x60 CMakeFiles/pico-FOREHEAD.dir/home/pi/pico/pico-sdk/src/rp2_common/hardware_clocks/clocks.c.obj
 .debug_ranges  0x00002418       0x30 CMakeFiles/pico-FOREHEAD.dir/home/pi/pico/pico-sdk/src/rp2_common/hardware_pll/pll.c.obj
 .debug_ranges  0x00002448       0x48 CMakeFiles/pico-FOREHEAD.dir/home/pi/pico/pico-sdk/src/rp2_common/hardware_watchdog/watchdog.c.obj
 .debug_ranges  0x00002490       0x20 CMakeFiles/pico-FOREHEAD.dir/home/pi/pico/pico-sdk/src/rp2_common/hardware_xosc/xosc.c.obj
 .debug_ranges  0x000024b0      0x168 CMakeFiles/pico-FOREHEAD.dir/home/pi/pico/pico-sdk/src/rp2_common/pico_runtime/runtime.c.obj
 .debug_ranges  0x00002618      0x120 CMakeFiles/pico-FOREHEAD.dir/home/pi/pico/pico-sdk/src/rp2_common/pico_printf/printf.c.obj
 .debug_ranges  0x00002738       0x60 CMakeFiles/pico-FOREHEAD.dir/home/pi/pico/pico-sdk/src/rp2_common/pico_bit_ops/bit_ops_aeabi.S.obj
 .debug_ranges  0x00002798       0x38 CMakeFiles/pico-FOREHEAD.dir/home/pi/pico/pico-sdk/src/rp2_common/pico_bootrom/bootrom.c.obj
 .debug_ranges  0x000027d0       0x38 CMakeFiles/pico-FOREHEAD.dir/home/pi/pico/pico-sdk/src/rp2_common/pico_divider/divider.S.obj
 .debug_ranges  0x00002808      0x138 CMakeFiles/pico-FOREHEAD.dir/home/pi/pico/pico-sdk/src/rp2_common/pico_double/double_aeabi.S.obj
 .debug_ranges  0x00002940       0x30 CMakeFiles/pico-FOREHEAD.dir/home/pi/pico/pico-sdk/src/rp2_common/pico_double/double_init_rom.c.obj
 .debug_ranges  0x00002970       0xc0 CMakeFiles/pico-FOREHEAD.dir/home/pi/pico/pico-sdk/src/rp2_common/pico_double/double_v1_rom_shim.S.obj
 .debug_ranges  0x00002a30      0x128 CMakeFiles/pico-FOREHEAD.dir/home/pi/pico/pico-sdk/src/rp2_common/pico_float/float_aeabi.S.obj
 .debug_ranges  0x00002b58       0x28 CMakeFiles/pico-FOREHEAD.dir/home/pi/pico/pico-sdk/src/rp2_common/pico_float/float_init_rom.c.obj
 .debug_ranges  0x00002b80       0x48 CMakeFiles/pico-FOREHEAD.dir/home/pi/pico/pico-sdk/src/rp2_common/pico_float/float_v1_rom_shim.S.obj
 .debug_ranges  0x00002bc8       0x70 CMakeFiles/pico-FOREHEAD.dir/home/pi/pico/pico-sdk/src/rp2_common/pico_malloc/pico_malloc.c.obj
 .debug_ranges  0x00002c38       0x30 CMakeFiles/pico-FOREHEAD.dir/home/pi/pico/pico-sdk/src/rp2_common/pico_mem_ops/mem_ops_aeabi.S.obj
 .debug_ranges  0x00002c68       0x20 CMakeFiles/pico-FOREHEAD.dir/home/pi/pico/pico-sdk/src/rp2_common/pico_standard_link/crt0.S.obj
 .debug_ranges  0x00002c88      0x258 CMakeFiles/pico-FOREHEAD.dir/home/pi/pico/pico-sdk/src/rp2_common/pico_stdio/stdio.c.obj
 .debug_ranges  0x00002ee0      0x340 CMakeFiles/pico-FOREHEAD.dir/home/pi/pico/pico-sdk/src/rp2_common/pico_multicore/multicore.c.obj

.debug_line     0x00000000     0xc8f8
 .debug_line    0x00000000      0x250 CMakeFiles/pico-FOREHEAD.dir/main.c.obj
 .debug_line    0x00000250      0x1d5 CMakeFiles/pico-FOREHEAD.dir/home/pi/pico/pico-sdk/src/rp2_common/pico_platform/platform.c.obj
 .debug_line    0x00000425      0x3ae CMakeFiles/pico-FOREHEAD.dir/home/pi/pico/pico-sdk/src/rp2_common/hardware_claim/claim.c.obj
 .debug_line    0x000007d3      0x39d CMakeFiles/pico-FOREHEAD.dir/home/pi/pico/pico-sdk/src/rp2_common/hardware_sync/sync.c.obj
 .debug_line    0x00000b70      0xf8d CMakeFiles/pico-FOREHEAD.dir/home/pi/pico/pico-sdk/src/rp2_common/hardware_irq/irq.c.obj
 .debug_line    0x00001afd       0x80 CMakeFiles/pico-FOREHEAD.dir/home/pi/pico/pico-sdk/src/rp2_common/hardware_irq/irq_handler_chain.S.obj
 .debug_line    0x00001b7d      0x1db CMakeFiles/pico-FOREHEAD.dir/home/pi/pico/pico-sdk/src/common/pico_sync/lock_core.c.obj
 .debug_line    0x00001d58      0xfdd CMakeFiles/pico-FOREHEAD.dir/home/pi/pico/pico-sdk/src/common/pico_sync/mutex.c.obj
 .debug_line    0x00002d35     0x1af7 CMakeFiles/pico-FOREHEAD.dir/home/pi/pico/pico-sdk/src/common/pico_time/time.c.obj
 .debug_line    0x0000482c      0xb25 CMakeFiles/pico-FOREHEAD.dir/home/pi/pico/pico-sdk/src/rp2_common/hardware_timer/timer.c.obj
 .debug_line    0x00005351      0x860 CMakeFiles/pico-FOREHEAD.dir/home/pi/pico/pico-sdk/src/common/pico_util/pheap.c.obj
 .debug_line    0x00005bb1      0x8c3 CMakeFiles/pico-FOREHEAD.dir/home/pi/pico/pico-sdk/src/rp2_common/hardware_clocks/clocks.c.obj
 .debug_line    0x00006474      0x470 CMakeFiles/pico-FOREHEAD.dir/home/pi/pico/pico-sdk/src/rp2_common/hardware_pll/pll.c.obj
 .debug_line    0x000068e4      0x3f1 CMakeFiles/pico-FOREHEAD.dir/home/pi/pico/pico-sdk/src/rp2_common/hardware_watchdog/watchdog.c.obj
 .debug_line    0x00006cd5      0x213 CMakeFiles/pico-FOREHEAD.dir/home/pi/pico/pico-sdk/src/rp2_common/hardware_xosc/xosc.c.obj
 .debug_line    0x00006ee8      0x9d6 CMakeFiles/pico-FOREHEAD.dir/home/pi/pico/pico-sdk/src/rp2_common/pico_runtime/runtime.c.obj
 .debug_line    0x000078be     0x10d5 CMakeFiles/pico-FOREHEAD.dir/home/pi/pico/pico-sdk/src/rp2_common/pico_printf/printf.c.obj
 .debug_line    0x00008993      0x143 CMakeFiles/pico-FOREHEAD.dir/home/pi/pico/pico-sdk/src/rp2_common/pico_bit_ops/bit_ops_aeabi.S.obj
 .debug_line    0x00008ad6      0x1a3 CMakeFiles/pico-FOREHEAD.dir/home/pi/pico/pico-sdk/src/rp2_common/pico_bootrom/bootrom.c.obj
 .debug_line    0x00008c79      0x2cc CMakeFiles/pico-FOREHEAD.dir/home/pi/pico/pico-sdk/src/rp2_common/pico_divider/divider.S.obj
 .debug_line    0x00008f45      0x421 CMakeFiles/pico-FOREHEAD.dir/home/pi/pico/pico-sdk/src/rp2_common/pico_double/double_aeabi.S.obj
 .debug_line    0x00009366      0x2d8 CMakeFiles/pico-FOREHEAD.dir/home/pi/pico/pico-sdk/src/rp2_common/pico_double/double_init_rom.c.obj
 .debug_line    0x0000963e      0x699 CMakeFiles/pico-FOREHEAD.dir/home/pi/pico/pico-sdk/src/rp2_common/pico_double/double_v1_rom_shim.S.obj
 .debug_line    0x00009cd7      0x3d7 CMakeFiles/pico-FOREHEAD.dir/home/pi/pico/pico-sdk/src/rp2_common/pico_float/float_aeabi.S.obj
 .debug_line    0x0000a0ae      0x2c0 CMakeFiles/pico-FOREHEAD.dir/home/pi/pico/pico-sdk/src/rp2_common/pico_float/float_init_rom.c.obj
 .debug_line    0x0000a36e      0x1c3 CMakeFiles/pico-FOREHEAD.dir/home/pi/pico/pico-sdk/src/rp2_common/pico_float/float_v1_rom_shim.S.obj
 .debug_line    0x0000a531      0x364 CMakeFiles/pico-FOREHEAD.dir/home/pi/pico/pico-sdk/src/rp2_common/pico_malloc/pico_malloc.c.obj
 .debug_line    0x0000a895       0xbd CMakeFiles/pico-FOREHEAD.dir/home/pi/pico/pico-sdk/src/rp2_common/pico_mem_ops/mem_ops_aeabi.S.obj
 .debug_line    0x0000a952       0xcb CMakeFiles/pico-FOREHEAD.dir/home/pi/pico/pico-sdk/src/rp2_common/pico_standard_link/crt0.S.obj
 .debug_line    0x0000aa1d      0x13b CMakeFiles/pico-FOREHEAD.dir/home/pi/pico/pico-sdk/src/rp2_common/pico_standard_link/binary_info.c.obj
 .debug_line    0x0000ab58      0xd4d CMakeFiles/pico-FOREHEAD.dir/home/pi/pico/pico-sdk/src/rp2_common/pico_stdio/stdio.c.obj
 .debug_line    0x0000b8a5      0xe31 CMakeFiles/pico-FOREHEAD.dir/home/pi/pico/pico-sdk/src/rp2_common/pico_multicore/multicore.c.obj
 .debug_line    0x0000c6d6       0x60 /usr/lib/gcc/arm-none-eabi/8.3.1/thumb/v6-m/nofp/libgcc.a(_dvmd_tls.o)
 .debug_line    0x0000c736      0x1c2 /usr/lib/gcc/arm-none-eabi/8.3.1/../../../arm-none-eabi/lib/thumb/v6-m/nofp/libg.a(lib_a-strlen-stub.o)

.debug_str      0x00000000     0x379c
 .debug_str     0x00000000      0x5be CMakeFiles/pico-FOREHEAD.dir/main.c.obj
                                0x650 (size before relaxing)
 .debug_str     0x000005be       0xa2 CMakeFiles/pico-FOREHEAD.dir/home/pi/pico/pico-sdk/src/rp2_common/pico_platform/platform.c.obj
                                0x22e (size before relaxing)
 .debug_str     0x00000660      0x1bf CMakeFiles/pico-FOREHEAD.dir/home/pi/pico/pico-sdk/src/rp2_common/hardware_claim/claim.c.obj
                                0x372 (size before relaxing)
 .debug_str     0x0000081f       0xe8 CMakeFiles/pico-FOREHEAD.dir/home/pi/pico/pico-sdk/src/rp2_common/hardware_sync/sync.c.obj
                                0x359 (size before relaxing)
 .debug_str     0x00000907      0x431 CMakeFiles/pico-FOREHEAD.dir/home/pi/pico/pico-sdk/src/rp2_common/hardware_irq/irq.c.obj
                                0x7e8 (size before relaxing)
 .debug_str     0x00000d38       0x53 CMakeFiles/pico-FOREHEAD.dir/home/pi/pico/pico-sdk/src/rp2_common/hardware_irq/irq_handler_chain.S.obj
                                 0x78 (size before relaxing)
 .debug_str     0x00000d8b       0x58 CMakeFiles/pico-FOREHEAD.dir/home/pi/pico/pico-sdk/src/common/pico_sync/lock_core.c.obj
                                0x265 (size before relaxing)
 .debug_str     0x00000de3      0x21f CMakeFiles/pico-FOREHEAD.dir/home/pi/pico/pico-sdk/src/common/pico_sync/mutex.c.obj
                                0x5f2 (size before relaxing)
 .debug_str     0x00001002      0x6fe CMakeFiles/pico-FOREHEAD.dir/home/pi/pico/pico-sdk/src/common/pico_time/time.c.obj
                               0x1020 (size before relaxing)
 .debug_str     0x00001700      0x161 CMakeFiles/pico-FOREHEAD.dir/home/pi/pico/pico-sdk/src/rp2_common/hardware_timer/timer.c.obj
                                0x6fd (size before relaxing)
 .debug_str     0x00001861       0xec CMakeFiles/pico-FOREHEAD.dir/home/pi/pico/pico-sdk/src/common/pico_util/pheap.c.obj
                                0x7f6 (size before relaxing)
 .debug_str     0x0000194d      0x404 CMakeFiles/pico-FOREHEAD.dir/home/pi/pico/pico-sdk/src/rp2_common/hardware_clocks/clocks.c.obj
                                0x692 (size before relaxing)
 .debug_str     0x00001d51       0xbf CMakeFiles/pico-FOREHEAD.dir/home/pi/pico/pico-sdk/src/rp2_common/hardware_pll/pll.c.obj
                                0x2da (size before relaxing)
 .debug_str     0x00001e10      0x132 CMakeFiles/pico-FOREHEAD.dir/home/pi/pico/pico-sdk/src/rp2_common/hardware_watchdog/watchdog.c.obj