Archive member included to satisfy reference by file (symbol)

/usr/lib/gcc/arm-none-eabi/8.3.1/../../../arm-none-eabi/lib/thumb/v6-m/nofp/libm.a(lib_a-s_fmax.o)
                              CMakeFiles/pico-tail-controller.dir/main.c.obj (fmax)
/usr/lib/gcc/arm-none-eabi/8.3.1/../../../arm-none-eabi/lib/thumb/v6-m/nofp/libm.a(lib_a-s_fmin.o)
                              CMakeFiles/pico-tail-controller.dir/main.c.obj (fmin)
/usr/lib/gcc/arm-none-eabi/8.3.1/../../../arm-none-eabi/lib/thumb/v6-m/nofp/libm.a(lib_a-s_fpclassify.o)
                              /usr/lib/gcc/arm-none-eabi/8.3.1/../../../arm-none-eabi/lib/thumb/v6-m/nofp/libm.a(lib_a-s_fmax.o) (__fpclassifyd)
/usr/lib/gcc/arm-none-eabi/8.3.1/thumb/v6-m/nofp/libgcc.a(_dvmd_tls.o)
                              CMakeFiles/pico-tail-controller.dir/home/pi/pico/pico-sdk/src/rp2_common/pico_divider/divider.S.obj (__aeabi_idiv0)
/usr/lib/gcc/arm-none-eabi/8.3.1/../../../arm-none-eabi/lib/thumb/v6-m/nofp/libg.a(lib_a-atexit.o)
                              /usr/lib/gcc/arm-none-eabi/8.3.1/../../../arm-none-eabi/lib/thumb/v6-m/nofp/crt0.o (atexit)
/usr/lib/gcc/arm-none-eabi/8.3.1/../../../arm-none-eabi/lib/thumb/v6-m/nofp/libg.a(lib_a-calloc.o)
                              CMakeFiles/pico-tail-controller.dir/home/pi/pico/pico-sdk/src/rp2_common/pico_malloc/pico_malloc.c.obj (calloc)
/usr/lib/gcc/arm-none-eabi/8.3.1/../../../arm-none-eabi/lib/thumb/v6-m/nofp/libg.a(lib_a-callocr.o)
                              /usr/lib/gcc/arm-none-eabi/8.3.1/../../../arm-none-eabi/lib/thumb/v6-m/nofp/libg.a(lib_a-calloc.o) (_calloc_r)
/usr/lib/gcc/arm-none-eabi/8.3.1/../../../arm-none-eabi/lib/thumb/v6-m/nofp/libg.a(lib_a-fini.o)
                              /usr/lib/gcc/arm-none-eabi/8.3.1/../../../arm-none-eabi/lib/thumb/v6-m/nofp/crt0.o (__libc_fini_array)
/usr/lib/gcc/arm-none-eabi/8.3.1/../../../arm-none-eabi/lib/thumb/v6-m/nofp/libg.a(lib_a-impure.o)
                              /usr/lib/gcc/arm-none-eabi/8.3.1/../../../arm-none-eabi/lib/thumb/v6-m/nofp/libg.a(lib_a-calloc.o) (_impure_ptr)
/usr/lib/gcc/arm-none-eabi/8.3.1/../../../arm-none-eabi/lib/thumb/v6-m/nofp/libg.a(lib_a-init.o)
                              /usr/lib/gcc/arm-none-eabi/8.3.1/../../../arm-none-eabi/lib/thumb/v6-m/nofp/crt0.o (__libc_init_array)
/usr/lib/gcc/arm-none-eabi/8.3.1/../../../arm-none-eabi/lib/thumb/v6-m/nofp/libg.a(lib_a-malloc.o)
                              CMakeFiles/pico-tail-controller.dir/home/pi/pico/pico-sdk/src/rp2_common/pico_malloc/pico_malloc.c.obj (malloc)
/usr/lib/gcc/arm-none-eabi/8.3.1/../../../arm-none-eabi/lib/thumb/v6-m/nofp/libg.a(lib_a-mallocr.o)
                              /usr/lib/gcc/arm-none-eabi/8.3.1/../../../arm-none-eabi/lib/thumb/v6-m/nofp/libg.a(lib_a-callocr.o) (_malloc_r)
/usr/lib/gcc/arm-none-eabi/8.3.1/../../../arm-none-eabi/lib/thumb/v6-m/nofp/libg.a(lib_a-mlock.o)
                              /usr/lib/gcc/arm-none-eabi/8.3.1/../../../arm-none-eabi/lib/thumb/v6-m/nofp/libg.a(lib_a-mallocr.o) (__malloc_lock)
/usr/lib/gcc/arm-none-eabi/8.3.1/../../../arm-none-eabi/lib/thumb/v6-m/nofp/libg.a(lib_a-realloc.o)
                              CMakeFiles/pico-tail-controller.dir/home/pi/pico/pico-sdk/src/rp2_common/pico_malloc/pico_malloc.c.obj (realloc)
/usr/lib/gcc/arm-none-eabi/8.3.1/../../../arm-none-eabi/lib/thumb/v6-m/nofp/libg.a(lib_a-reallocr.o)
                              /usr/lib/gcc/arm-none-eabi/8.3.1/../../../arm-none-eabi/lib/thumb/v6-m/nofp/libg.a(lib_a-realloc.o) (_realloc_r)
/usr/lib/gcc/arm-none-eabi/8.3.1/../../../arm-none-eabi/lib/thumb/v6-m/nofp/libg.a(lib_a-sbrkr.o)
                              /usr/lib/gcc/arm-none-eabi/8.3.1/../../../arm-none-eabi/lib/thumb/v6-m/nofp/libg.a(lib_a-mallocr.o) (_sbrk_r)
/usr/lib/gcc/arm-none-eabi/8.3.1/../../../arm-none-eabi/lib/thumb/v6-m/nofp/libg.a(lib_a-strlen-stub.o)
                              CMakeFiles/pico-tail-controller.dir/home/pi/pico/pico-sdk/src/rp2_common/pico_stdio/stdio.c.obj (strlen)
/usr/lib/gcc/arm-none-eabi/8.3.1/../../../arm-none-eabi/lib/thumb/v6-m/nofp/libg.a(lib_a-__atexit.o)
                              /usr/lib/gcc/arm-none-eabi/8.3.1/../../../arm-none-eabi/lib/thumb/v6-m/nofp/libg.a(lib_a-atexit.o) (__register_exitproc)
/usr/lib/gcc/arm-none-eabi/8.3.1/../../../arm-none-eabi/lib/thumb/v6-m/nofp/libg.a(lib_a-freer.o)
                              /usr/lib/gcc/arm-none-eabi/8.3.1/../../../arm-none-eabi/lib/thumb/v6-m/nofp/libg.a(lib_a-malloc.o) (_free_r)
/usr/lib/gcc/arm-none-eabi/8.3.1/../../../arm-none-eabi/lib/thumb/v6-m/nofp/libg.a(lib_a-memmove.o)
                              /usr/lib/gcc/arm-none-eabi/8.3.1/../../../arm-none-eabi/lib/thumb/v6-m/nofp/libg.a(lib_a-reallocr.o) (memmove)
/usr/lib/gcc/arm-none-eabi/8.3.1/../../../arm-none-eabi/lib/thumb/v6-m/nofp/libg.a(lib_a-reent.o)
                              /usr/lib/gcc/arm-none-eabi/8.3.1/../../../arm-none-eabi/lib/thumb/v6-m/nofp/libg.a(lib_a-sbrkr.o) (errno)

Allocating common symbols
[...]
Memory Configuration

Name             Origin             Length             Attributes
FLASH            0x10000000         0x00200000         xr
RAM              0x20000000         0x00040000         xrw
SCRATCH_X        0x20040000         0x00001000         xrw
SCRATCH_Y        0x20041000         0x00001000         xrw
*default*        0x00000000         0xffffffff

Linker script and memory map

LOAD /usr/lib/gcc/arm-none-eabi/8.3.1/thumb/v6-m/nofp/crti.o
LOAD /usr/lib/gcc/arm-none-eabi/8.3.1/thumb/v6-m/nofp/crtbegin.o
LOAD /usr/lib/gcc/arm-none-eabi/8.3.1/../../../arm-none-eabi/lib/thumb/v6-m/nofp/crt0.o

.flash_begin    0x10000000        0x0
                0x10000000                __flash_binary_start = .

.boot2          0x10000000      0x100
                0x10000000                __boot2_start__ = .
 *(.boot2)
 .boot2         0x10000000      0x100 /tmp/cccqIuKB.o
                0x10000100                __boot2_end__ = .
                0x00000001                ASSERT (((__boot2_end__ - __boot2_start__) == 0x100), ERROR: Pico second stage bootloader must be 256 bytes in size)

.text           0x10000100     0x4c08
                0x10000100                __logical_binary_start = .
 *(.vectors)
 .vectors       0x10000100       0xd4 CMakeFiles/pico-tail-controller.dir/home/pi/pico/pico-sdk/src/rp2_common/pico_standard_link/crt0.S.obj
                0x10000100                __vectors
                0x10000100                __VECTOR_TABLE
                0x100001c0                isr_invalid
                0x100001c0                __default_isrs_start
                0x100001c2                isr_nmi
                0x100001c4                isr_hardfault
                0x100001c6                isr_svcall
                0x100001c8                isr_pendsv
                0x100001ca                isr_systick
                0x100001cc                isr_irq30
                0x100001cc                __unhandled_user_irq
                0x100001cc                isr_irq13
                0x100001cc                isr_irq27
                0x100001cc                isr_irq31
                0x100001cc                isr_irq5
                0x100001cc                isr_irq11
                0x100001cc                isr_irq23
                0x100001cc                isr_irq18
                0x100001cc                isr_irq28
                0x100001cc                isr_irq19
                0x100001cc                isr_irq0
                0x100001cc                isr_irq6
                0x100001cc                isr_irq22
                0x100001cc                isr_irq17
                0x100001cc                isr_irq14
                0x100001cc                isr_irq2
                0x100001cc                isr_irq10
                0x100001cc                isr_irq8
                0x100001cc                isr_irq24
                0x100001cc                isr_irq1
                0x100001cc                isr_irq7
                0x100001cc                isr_irq21
                0x100001cc                isr_irq20
                0x100001cc                isr_irq15
                0x100001cc                isr_irq25
                0x100001cc                isr_irq4
                0x100001cc                isr_irq16
                0x100001cc                isr_irq29
                0x100001cc                isr_irq26
                0x100001cc                __default_isrs_end
                0x100001cc                isr_irq3
                0x100001cc                isr_irq12
                0x100001cc                isr_irq9
                0x100001d2                unhandled_user_irq_num_in_r0
 *(.binary_info_header)
 .binary_info_header
                0x100001d4       0x14 CMakeFiles/pico-tail-controller.dir/home/pi/pico/pico-sdk/src/rp2_common/pico_standard_link/crt0.S.obj
                0x100001e8                __binary_info_header_end = .
 *(.reset)
 .reset         0x100001e8       0xa0 CMakeFiles/pico-tail-controller.dir/home/pi/pico/pico-sdk/src/rp2_common/pico_standard_link/crt0.S.obj
                0x100001e8                _entry_point
 .reset         0x10000288       0x30 CMakeFiles/pico-tail-controller.dir/home/pi/pico/pico-sdk/src/rp2_common/pico_standard_link/binary_info.c.obj
 *(.init)
 .init          0x100002b8        0x4 /usr/lib/gcc/arm-none-eabi/8.3.1/thumb/v6-m/nofp/crti.o
                0x100002b8                _init
 *(EXCLUDE_FILE(*libm.a: *libc.a:*lib_a-mem*.o *libgcc.a:) .text*)
 .text          0x100002bc       0x98 /usr/lib/gcc/arm-none-eabi/8.3.1/thumb/v6-m/nofp/crtbegin.o
 .text.adc_gpio_init
                0x10000354       0x1e CMakeFiles/pico-tail-controller.dir/main.c.obj
 *fill*         0x10000372        0x2 
 .text.posdiff  0x10000374       0x2c CMakeFiles/pico-tail-controller.dir/main.c.obj
                0x10000374                posdiff
 .text.core1    0x100003a0      0x22c CMakeFiles/pico-tail-controller.dir/main.c.obj
                0x100003a0                core1
 .text.main     0x100005cc      0x224 CMakeFiles/pico-tail-controller.dir/main.c.obj
                0x100005cc                main
 .text.gpio_set_function
                0x100007f0       0x30 CMakeFiles/pico-tail-controller.dir/home/pi/pico/pico-sdk/src/rp2_common/hardware_gpio/gpio.c.obj
                0x100007f0                gpio_set_function
 .text.gpio_set_pulls
                0x10000820       0x34 CMakeFiles/pico-tail-controller.dir/home/pi/pico/pico-sdk/src/rp2_common/hardware_gpio/gpio.c.obj
                0x10000820                gpio_set_pulls
 .text.gpio_set_input_enabled
                0x10000854       0x30 CMakeFiles/pico-tail-controller.dir/home/pi/pico/pico-sdk/src/rp2_common/hardware_gpio/gpio.c.obj
                0x10000854                gpio_set_input_enabled
 .text.gpio_init
                0x10000884       0x16 CMakeFiles/pico-tail-controller.dir/home/pi/pico/pico-sdk/src/rp2_common/hardware_gpio/gpio.c.obj
                0x10000884                gpio_init
 *fill*         0x1000089a        0x2 
 .text.running_on_fpga
                0x1000089c       0x14 CMakeFiles/pico-tail-controller.dir/home/pi/pico/pico-sdk/src/rp2_common/pico_platform/platform.c.obj
                0x1000089c                running_on_fpga
 .text.hw_claim_lock
                0x100008b0       0x18 CMakeFiles/pico-tail-controller.dir/home/pi/pico/pico-sdk/src/rp2_common/hardware_claim/claim.c.obj
                0x100008b0                hw_claim_lock
 .text.hw_claim_unlock
                0x100008c8       0x14 CMakeFiles/pico-tail-controller.dir/home/pi/pico/pico-sdk/src/rp2_common/hardware_claim/claim.c.obj
                0x100008c8                hw_claim_unlock
 .text.hw_claim_or_assert
                0x100008dc       0x32 CMakeFiles/pico-tail-controller.dir/home/pi/pico/pico-sdk/src/rp2_common/hardware_claim/claim.c.obj
                0x100008dc                hw_claim_or_assert
 *fill*         0x1000090e        0x2 
 .text.spin_locks_reset
                0x10000910       0x20 CMakeFiles/pico-tail-controller.dir/home/pi/pico/pico-sdk/src/rp2_common/hardware_sync/sync.c.obj
                0x10000910                spin_locks_reset
 .text.next_striped_spin_lock_num
                0x10000930       0x1c CMakeFiles/pico-tail-controller.dir/home/pi/pico/pico-sdk/src/rp2_common/hardware_sync/sync.c.obj
                0x10000930                next_striped_spin_lock_num
 .text.set_raw_irq_handler_and_unlock
                0x1000094c       0x28 CMakeFiles/pico-tail-controller.dir/home/pi/pico/pico-sdk/src/rp2_common/hardware_irq/irq.c.obj
 .text.make_branch
                0x10000974       0x48 CMakeFiles/pico-tail-controller.dir/home/pi/pico/pico-sdk/src/rp2_common/hardware_irq/irq.c.obj
 .text.insert_branch_and_link
                0x100009bc       0x40 CMakeFiles/pico-tail-controller.dir/home/pi/pico/pico-sdk/src/rp2_common/hardware_irq/irq.c.obj
 .text.irq_is_enabled
                0x100009fc       0x18 CMakeFiles/pico-tail-controller.dir/home/pi/pico/pico-sdk/src/rp2_common/hardware_irq/irq.c.obj
                0x100009fc                irq_is_enabled
 .text.irq_set_mask_enabled
                0x10000a14       0x20 CMakeFiles/pico-tail-controller.dir/home/pi/pico/pico-sdk/src/rp2_common/hardware_irq/irq.c.obj
                0x10000a14                irq_set_mask_enabled
 .text.irq_set_enabled
                0x10000a34        0xe CMakeFiles/pico-tail-controller.dir/home/pi/pico/pico-sdk/src/rp2_common/hardware_irq/irq.c.obj
                0x10000a34                irq_set_enabled
 *fill*         0x10000a42        0x2 
 .text.irq_get_vtable_handler
                0x10000a44       0x10 CMakeFiles/pico-tail-controller.dir/home/pi/pico/pico-sdk/src/rp2_common/hardware_irq/irq.c.obj
                0x10000a44                irq_get_vtable_handler
 .text.irq_set_exclusive_handler
                0x10000a54       0x54 CMakeFiles/pico-tail-controller.dir/home/pi/pico/pico-sdk/src/rp2_common/hardware_irq/irq.c.obj
                0x10000a54                irq_set_exclusive_handler
 .text.irq_remove_handler
                0x10000aa8      0x1a4 CMakeFiles/pico-tail-controller.dir/home/pi/pico/pico-sdk/src/rp2_common/hardware_irq/irq.c.obj
                0x10000aa8                irq_remove_handler
 .text.irq_add_tail_to_free_list
                0x10000c4c       0xf0 CMakeFiles/pico-tail-controller.dir/home/pi/pico/pico-sdk/src/rp2_common/hardware_irq/irq.c.obj
                0x10000c4c                irq_add_tail_to_free_list
 .text.irq_init_priorities
                0x10000d3c       0x1c CMakeFiles/pico-tail-controller.dir/home/pi/pico/pico-sdk/src/rp2_common/hardware_irq/irq.c.obj
                0x10000d3c                irq_init_priorities
 .text.lock_init
                0x10000d58       0x10 CMakeFiles/pico-tail-controller.dir/home/pi/pico/pico-sdk/src/common/pico_sync/lock_core.c.obj
                0x10000d58                lock_init
 .text.mutex_init
                0x10000d68       0x1a CMakeFiles/pico-tail-controller.dir/home/pi/pico/pico-sdk/src/common/pico_sync/mutex.c.obj
                0x10000d68                mutex_init
 .text.recursive_mutex_init
                0x10000d82       0x1e CMakeFiles/pico-tail-controller.dir/home/pi/pico/pico-sdk/src/common/pico_sync/mutex.c.obj
                0x10000d82                recursive_mutex_init
 .text.sleep_until_callback
                0x10000da0       0x30 CMakeFiles/pico-tail-controller.dir/home/pi/pico/pico-sdk/src/common/pico_time/time.c.obj
 .text.alarm_pool_post_alloc_init
                0x10000dd0       0x40 CMakeFiles/pico-tail-controller.dir/home/pi/pico/pico-sdk/src/common/pico_time/time.c.obj
 .text.timer_pool_entry_comparator
                0x10000e10       0x7c CMakeFiles/pico-tail-controller.dir/home/pi/pico/pico-sdk/src/common/pico_time/time.c.obj
                0x10000e10                timer_pool_entry_comparator
 .text.ph_add_child_node
                0x10000e8c       0xa4 CMakeFiles/pico-tail-controller.dir/home/pi/pico/pico-sdk/src/common/pico_time/time.c.obj
 .text.ph_merge_nodes
                0x10000f30       0x3e CMakeFiles/pico-tail-controller.dir/home/pi/pico/pico-sdk/src/common/pico_time/time.c.obj
 *fill*         0x10000f6e        0x2 
 .text.add_alarm_under_lock
                0x10000f70      0x180 CMakeFiles/pico-tail-controller.dir/home/pi/pico/pico-sdk/src/common/pico_time/time.c.obj
 .text.alarm_pool_alarm_callback
                0x100010f0      0x33c CMakeFiles/pico-tail-controller.dir/home/pi/pico/pico-sdk/src/common/pico_time/time.c.obj
 .text.alarm_pool_init_default
                0x1000142c       0x40 CMakeFiles/pico-tail-controller.dir/home/pi/pico/pico-sdk/src/common/pico_time/time.c.obj
                0x1000142c                alarm_pool_init_default
 .text.alarm_pool_get_default
                0x1000146c       0x2c CMakeFiles/pico-tail-controller.dir/home/pi/pico/pico-sdk/src/common/pico_time/time.c.obj
                0x1000146c                alarm_pool_get_default
 .text.alarm_pool_add_alarm_at
                0x10001498      0x14c CMakeFiles/pico-tail-controller.dir/home/pi/pico/pico-sdk/src/common/pico_time/time.c.obj
                0x10001498                alarm_pool_add_alarm_at
 .text.alarm_pool_cancel_alarm
                0x100015e4       0xf4 CMakeFiles/pico-tail-controller.dir/home/pi/pico/pico-sdk/src/common/pico_time/time.c.obj
                0x100015e4                alarm_pool_cancel_alarm
 .text.sleep_until
                0x100016d8       0xf8 CMakeFiles/pico-tail-controller.dir/home/pi/pico/pico-sdk/src/common/pico_time/time.c.obj
                0x100016d8                sleep_until
 .text.sleep_us
                0x100017d0       0x50 CMakeFiles/pico-tail-controller.dir/home/pi/pico/pico-sdk/src/common/pico_time/time.c.obj
                0x100017d0                sleep_us
 .text.sleep_ms
                0x10001820       0x14 CMakeFiles/pico-tail-controller.dir/home/pi/pico/pico-sdk/src/common/pico_time/time.c.obj
                0x10001820                sleep_ms
 .text.best_effort_wfe_or_timeout
                0x10001834       0xac CMakeFiles/pico-tail-controller.dir/home/pi/pico/pico-sdk/src/common/pico_time/time.c.obj
                0x10001834                best_effort_wfe_or_timeout
 .text.hardware_alarm_irq_handler
                0x100018e0       0x90 CMakeFiles/pico-tail-controller.dir/home/pi/pico/pico-sdk/src/rp2_common/hardware_timer/timer.c.obj
 .text.hardware_alarm_claim
                0x10001970       0x18 CMakeFiles/pico-tail-controller.dir/home/pi/pico/pico-sdk/src/rp2_common/hardware_timer/timer.c.obj
                0x10001970                hardware_alarm_claim
 .text.time_us_64
                0x10001988       0x18 CMakeFiles/pico-tail-controller.dir/home/pi/pico/pico-sdk/src/rp2_common/hardware_timer/timer.c.obj
                0x10001988                time_us_64
 .text.busy_wait_until
                0x100019a0       0x24 CMakeFiles/pico-tail-controller.dir/home/pi/pico/pico-sdk/src/rp2_common/hardware_timer/timer.c.obj
                0x100019a0                busy_wait_until
 .text.busy_wait_us
                0x100019c4       0x48 CMakeFiles/pico-tail-controller.dir/home/pi/pico/pico-sdk/src/rp2_common/hardware_timer/timer.c.obj
                0x100019c4                busy_wait_us
 .text.hardware_alarm_set_callback
                0x10001a0c       0x90 CMakeFiles/pico-tail-controller.dir/home/pi/pico/pico-sdk/src/rp2_common/hardware_timer/timer.c.obj
                0x10001a0c                hardware_alarm_set_callback
 .text.hardware_alarm_set_target
                0x10001a9c       0xe8 CMakeFiles/pico-tail-controller.dir/home/pi/pico/pico-sdk/src/rp2_common/hardware_timer/timer.c.obj
                0x10001a9c                hardware_alarm_set_target
 .text.hardware_alarm_cancel
                0x10001b84       0x40 CMakeFiles/pico-tail-controller.dir/home/pi/pico/pico-sdk/src/rp2_common/hardware_timer/timer.c.obj
                0x10001b84                hardware_alarm_cancel
 .text.ph_add_child_node
                0x10001bc4       0xa4 CMakeFiles/pico-tail-controller.dir/home/pi/pico/pico-sdk/src/common/pico_util/pheap.c.obj
 .text.ph_merge_nodes
                0x10001c68       0x3e CMakeFiles/pico-tail-controller.dir/home/pi/pico/pico-sdk/src/common/pico_util/pheap.c.obj
 *fill*         0x10001ca6        0x2 
 .text.ph_clear
                0x10001ca8       0x70 CMakeFiles/pico-tail-controller.dir/home/pi/pico/pico-sdk/src/common/pico_util/pheap.c.obj
                0x10001ca8                ph_clear
 .text.ph_post_alloc_init
                0x10001d18        0xe CMakeFiles/pico-tail-controller.dir/home/pi/pico/pico-sdk/src/common/pico_util/pheap.c.obj
                0x10001d18                ph_post_alloc_init
 *fill*         0x10001d26        0x2 
 .text.ph_merge_two_pass
                0x10001d28       0xac CMakeFiles/pico-tail-controller.dir/home/pi/pico/pico-sdk/src/common/pico_util/pheap.c.obj
                0x10001d28                ph_merge_two_pass
 .text.ph_remove_any_head
                0x10001dd4      0x128 CMakeFiles/pico-tail-controller.dir/home/pi/pico/pico-sdk/src/common/pico_util/pheap.c.obj
 .text.ph_remove_head
                0x10001efc       0x14 CMakeFiles/pico-tail-controller.dir/home/pi/pico/pico-sdk/src/common/pico_util/pheap.c.obj
                0x10001efc                ph_remove_head
 .text.ph_remove_and_free_node
                0x10001f10       0xf8 CMakeFiles/pico-tail-controller.dir/home/pi/pico/pico-sdk/src/common/pico_util/pheap.c.obj
                0x10001f10                ph_remove_and_free_node
 .text.uart_disable_before_lcr_write
                0x10002008       0x48 CMakeFiles/pico-tail-controller.dir/home/pi/pico/pico-sdk/src/rp2_common/hardware_uart/uart.c.obj
 .text.uart_write_lcr_bits_masked
                0x10002050       0x22 CMakeFiles/pico-tail-controller.dir/home/pi/pico/pico-sdk/src/rp2_common/hardware_uart/uart.c.obj
 *fill*         0x10002072        0x2 
 .text.uart_set_baudrate
                0x10002074       0x5c CMakeFiles/pico-tail-controller.dir/home/pi/pico/pico-sdk/src/rp2_common/hardware_uart/uart.c.obj
                0x10002074                uart_set_baudrate
 .text.uart_set_format
                0x100020d0       0x2c CMakeFiles/pico-tail-controller.dir/home/pi/pico/pico-sdk/src/rp2_common/hardware_uart/uart.c.obj
                0x100020d0                uart_set_format
 .text.uart_set_translate_crlf
                0x100020fc       0x28 CMakeFiles/pico-tail-controller.dir/home/pi/pico/pico-sdk/src/rp2_common/hardware_uart/uart.c.obj
                0x100020fc                uart_set_translate_crlf
 .text.uart_init
                0x10002124       0x80 CMakeFiles/pico-tail-controller.dir/home/pi/pico/pico-sdk/src/rp2_common/hardware_uart/uart.c.obj
                0x10002124                uart_init
 .text.clock_configure
                0x100021a4      0x100 CMakeFiles/pico-tail-controller.dir/home/pi/pico/pico-sdk/src/rp2_common/hardware_clocks/clocks.c.obj
                0x100021a4                clock_configure
 .text.clocks_init
                0x100022a4      0x100 CMakeFiles/pico-tail-controller.dir/home/pi/pico/pico-sdk/src/rp2_common/hardware_clocks/clocks.c.obj
                0x100022a4                clocks_init
 .text.clock_get_hz
                0x100023a4        0xc CMakeFiles/pico-tail-controller.dir/home/pi/pico/pico-sdk/src/rp2_common/hardware_clocks/clocks.c.obj
                0x100023a4                clock_get_hz
 .text.pll_init
                0x100023b0      0x120 CMakeFiles/pico-tail-controller.dir/home/pi/pico/pico-sdk/src/rp2_common/hardware_pll/pll.c.obj
                0x100023b0                pll_init
 .text.watchdog_start_tick
                0x100024d0       0x10 CMakeFiles/pico-tail-controller.dir/home/pi/pico/pico-sdk/src/rp2_common/hardware_watchdog/watchdog.c.obj
                0x100024d0                watchdog_start_tick
 .text.xosc_init
                0x100024e0       0x28 CMakeFiles/pico-tail-controller.dir/home/pi/pico/pico-sdk/src/rp2_common/hardware_xosc/xosc.c.obj
                0x100024e0                xosc_init
 .text._exit    0x10002508        0x4 CMakeFiles/pico-tail-controller.dir/home/pi/pico/pico-sdk/src/rp2_common/pico_runtime/runtime.c.obj
                0x10002508                _exit
 .text.exit     0x1000250c        0x6 CMakeFiles/pico-tail-controller.dir/home/pi/pico/pico-sdk/src/rp2_common/pico_runtime/runtime.c.obj
                0x1000250c                exit
 *fill*         0x10002512        0x2 
 .text.__assert_func
                0x10002514       0x3c CMakeFiles/pico-tail-controller.dir/home/pi/pico/pico-sdk/src/rp2_common/pico_runtime/runtime.c.obj
                0x10002514                __assert_func
 .text.runtime_init
                0x10002550       0xf8 CMakeFiles/pico-tail-controller.dir/home/pi/pico/pico-sdk/src/rp2_common/pico_runtime/runtime.c.obj
                0x10002550                runtime_init
 .text.panic    0x10002648       0x30 CMakeFiles/pico-tail-controller.dir/home/pi/pico/pico-sdk/src/rp2_common/pico_runtime/runtime.c.obj
                0x10002648                panic
 .text._out_null
                0x10002678        0x2 CMakeFiles/pico-tail-controller.dir/home/pi/pico/pico-sdk/src/rp2_common/pico_printf/printf.c.obj
 .text._out_fct
                0x1000267a        0xe CMakeFiles/pico-tail-controller.dir/home/pi/pico/pico-sdk/src/rp2_common/pico_printf/printf.c.obj
 .text._atoi    0x10002688       0x28 CMakeFiles/pico-tail-controller.dir/home/pi/pico/pico-sdk/src/rp2_common/pico_printf/printf.c.obj
 .text._out_rev
                0x100026b0       0x8c CMakeFiles/pico-tail-controller.dir/home/pi/pico/pico-sdk/src/rp2_common/pico_printf/printf.c.obj
 .text._ntoa_format
                0x1000273c      0x10c CMakeFiles/pico-tail-controller.dir/home/pi/pico/pico-sdk/src/rp2_common/pico_printf/printf.c.obj
 .text._ntoa_long
                0x10002848       0xb0 CMakeFiles/pico-tail-controller.dir/home/pi/pico/pico-sdk/src/rp2_common/pico_printf/printf.c.obj
 .text._ntoa_long_long
                0x100028f8       0xe6 CMakeFiles/pico-tail-controller.dir/home/pi/pico/pico-sdk/src/rp2_common/pico_printf/printf.c.obj
 *fill*         0x100029de        0x2 
 .text._etoa    0x100029e0      0x408 CMakeFiles/pico-tail-controller.dir/home/pi/pico/pico-sdk/src/rp2_common/pico_printf/printf.c.obj
 .text._ftoa    0x10002de8      0x344 CMakeFiles/pico-tail-controller.dir/home/pi/pico/pico-sdk/src/rp2_common/pico_printf/printf.c.obj
 .text._vsnprintf
                0x1000312c      0x61c CMakeFiles/pico-tail-controller.dir/home/pi/pico/pico-sdk/src/rp2_common/pico_printf/printf.c.obj
 .text.vfctprintf
                0x10003748       0x20 CMakeFiles/pico-tail-controller.dir/home/pi/pico/pico-sdk/src/rp2_common/pico_printf/printf.c.obj
                0x10003748                vfctprintf
 .text          0x10003768       0x10 CMakeFiles/pico-tail-controller.dir/home/pi/pico/pico-sdk/src/rp2_common/pico_bit_ops/bit_ops_aeabi.S.obj
 .text.rom_func_lookup
                0x10003778       0x10 CMakeFiles/pico-tail-controller.dir/home/pi/pico/pico-sdk/src/rp2_common/pico_bootrom/bootrom.c.obj
                0x10003778                rom_func_lookup
 .text.rom_data_lookup
                0x10003788       0x10 CMakeFiles/pico-tail-controller.dir/home/pi/pico/pico-sdk/src/rp2_common/pico_bootrom/bootrom.c.obj
                0x10003788                rom_data_lookup
 .text.rom_funcs_lookup
                0x10003798       0x36 CMakeFiles/pico-tail-controller.dir/home/pi/pico/pico-sdk/src/rp2_common/pico_bootrom/bootrom.c.obj
                0x10003798                rom_funcs_lookup
 *fill*         0x100037ce        0x2 
 .text.__wrap___aeabi_idiv
                0x100037d0       0x50 CMakeFiles/pico-tail-controller.dir/home/pi/pico/pico-sdk/src/rp2_common/pico_divider/divider.S.obj
                0x100037d0                __wrap___aeabi_idivmod
                0x100037d0                divmod_s32s32
                0x100037d0                div_s32s32
                0x100037d0                __wrap___aeabi_idiv
                0x100037d8                divmod_s32s32_unsafe
                0x10003804                divmod_s32s32_savestate
 .text.__wrap___aeabi_uidiv
                0x10003820       0x4c CMakeFiles/pico-tail-controller.dir/home/pi/pico/pico-sdk/src/rp2_common/pico_divider/divider.S.obj
                0x10003820                __wrap___aeabi_uidiv
                0x10003820                __wrap___aeabi_uidivmod
                0x10003820                div_u32u32
                0x10003820                divmod_u32u32
                0x10003828                divmod_u32u32_unsafe
                0x10003850                divmod_u32u32_savestate
 .text.__wrap___aeabi_ldiv
                0x1000386c      0x424 CMakeFiles/pico-tail-controller.dir/home/pi/pico/pico-sdk/src/rp2_common/pico_divider/divider.S.obj
                0x1000386c                div_s64s64
                0x1000386c                divmod_s64s64
                0x1000386c                __wrap___aeabi_ldivmod
                0x1000389c                div_u64u64
                0x1000389c                divmod_u64u64
                0x1000389c                __wrap___aeabi_uldivmod
                0x100038ac                divmod_u64u64_savestate
                0x100038cc                divmod_s64s64_unsafe
                0x10003954                divmod_u64u64_unsafe
 .text.__wrap___aeabi_darithmetic
                0x10003c90       0x80 CMakeFiles/pico-tail-controller.dir/home/pi/pico/pico-sdk/src/rp2_common/pico_double/double_aeabi.S.obj
                0x10003c90                __wrap___aeabi_drsub
                0x10003c96                __wrap___aeabi_dsub
                0x10003ca8                __wrap___aeabi_dadd
                0x10003cba                __wrap___aeabi_ddiv
                0x10003cf6                __wrap___aeabi_dmul
 .text.__wrap___aeabi_cdcmple
                0x10003d10       0x6c CMakeFiles/pico-tail-controller.dir/home/pi/pico/pico-sdk/src/rp2_common/pico_double/double_aeabi.S.obj
                0x10003d10                __wrap___aeabi_cdrcmple
                0x10003d20                __wrap___aeabi_cdcmple
                0x10003d20                __wrap___aeabi_cdcmpeq
 .text.__wrap___aeabi_dcmplt
                0x10003d7c        0xc CMakeFiles/pico-tail-controller.dir/home/pi/pico/pico-sdk/src/rp2_common/pico_double/double_aeabi.S.obj
                0x10003d7c                __wrap___aeabi_dcmplt
 .text.__wrap___aeabi_dcmple
                0x10003d88       0x10 CMakeFiles/pico-tail-controller.dir/home/pi/pico/pico-sdk/src/rp2_common/pico_double/double_aeabi.S.obj
                0x10003d88                __wrap___aeabi_dcmple
 .text.__wrap___aeabi_dcmpge
                0x10003d98       0x10 CMakeFiles/pico-tail-controller.dir/home/pi/pico/pico-sdk/src/rp2_common/pico_double/double_aeabi.S.obj
                0x10003d98                __wrap___aeabi_dcmpge
 .text.__wrap___aeabi_dcmpgt
                0x10003da8        0xa CMakeFiles/pico-tail-controller.dir/home/pi/pico/pico-sdk/src/rp2_common/pico_double/double_aeabi.S.obj
                0x10003da8                __wrap___aeabi_dcmpgt
 .text.__wrap___aeabi_dcmpun
                0x10003db2       0x1c CMakeFiles/pico-tail-controller.dir/home/pi/pico/pico-sdk/src/rp2_common/pico_double/double_aeabi.S.obj
                0x10003db2                __wrap___aeabi_dcmpun
 *fill*         0x10003dce        0x2 
 .text.__wrap___aeabi_i2d
                0x10003dd0       0x38 CMakeFiles/pico-tail-controller.dir/home/pi/pico/pico-sdk/src/rp2_common/pico_double/double_aeabi.S.obj
                0x10003dd0                __wrap___aeabi_ui2d
                0x10003dd8                __wrap___aeabi_i2d
 .text.__wrap___aeabi_d2iz
                0x10003e08       0x48 CMakeFiles/pico-tail-controller.dir/home/pi/pico/pico-sdk/src/rp2_common/pico_double/double_aeabi.S.obj
                0x10003e08                __wrap___aeabi_d2iz
                0x10003e08                double2int_z
 .text.__wrap___aeabi_d2uiz
                0x10003e50       0x18 CMakeFiles/pico-tail-controller.dir/home/pi/pico/pico-sdk/src/rp2_common/pico_double/double_aeabi.S.obj
                0x10003e50                double2uint
                0x10003e50                __wrap___aeabi_d2uiz
 .text.__aeabi_double_init
                0x10003e68       0xc8 CMakeFiles/pico-tail-controller.dir/home/pi/pico/pico-sdk/src/rp2_common/pico_double/double_init_rom.c.obj
                0x10003e68                __aeabi_double_init
 .text.double_table_shim_on_use_helper
                0x10003f30       0x34 CMakeFiles/pico-tail-controller.dir/home/pi/pico/pico-sdk/src/rp2_common/pico_double/double_v1_rom_shim.S.obj
                0x10003f30                double_table_shim_on_use_helper
 .text.__wrap___aeabi_dsub
                0x10003f64       0x10 CMakeFiles/pico-tail-controller.dir/home/pi/pico/pico-sdk/src/rp2_common/pico_double/double_v1_rom_shim.S.obj
                0x10003f64                drsub_shim
                0x10003f6a                dsub_shim
 .text.dadd_shim
                0x10003f74      0x15c CMakeFiles/pico-tail-controller.dir/home/pi/pico/pico-sdk/src/rp2_common/pico_double/double_v1_rom_shim.S.obj
                0x10003f74                dadd_shim
 .text.dmul_shim
                0x100040d0      0x15c CMakeFiles/pico-tail-controller.dir/home/pi/pico/pico-sdk/src/rp2_common/pico_double/double_v1_rom_shim.S.obj
                0x100040d0                dmul_shim
 .text.ddiv_shim
                0x1000422c      0x1b0 CMakeFiles/pico-tail-controller.dir/home/pi/pico/pico-sdk/src/rp2_common/pico_double/double_v1_rom_shim.S.obj
                0x1000422c                ddiv_shim
 .text.double2uint_shim
                0x100043dc        0xe CMakeFiles/pico-tail-controller.dir/home/pi/pico/pico-sdk/src/rp2_common/pico_double/double_v1_rom_shim.S.obj
                0x100043dc                double2uint_shim
                0x100043de                double2ufix_shim
 *fill*         0x100043ea        0x2 
 .text.double2uint64_shim
                0x100043ec       0x70 CMakeFiles/pico-tail-controller.dir/home/pi/pico/pico-sdk/src/rp2_common/pico_double/double_v1_rom_shim.S.obj
                0x100043ec                double2uint64_shim
                0x100043ee                double2ufix64_shim
                0x1000440e                d2fix_a
 .text.dunpacks
                0x1000445c       0x3c CMakeFiles/pico-tail-controller.dir/home/pi/pico/pico-sdk/src/rp2_common/pico_double/double_v1_rom_shim.S.obj
                0x1000445c                dunpacks
 .text.__aeabi_lmul
                0x10004498       0x32 CMakeFiles/pico-tail-controller.dir/home/pi/pico/pico-sdk/src/rp2_common/pico_int64_ops/pico_int64_ops_aeabi.S.obj
                0x10004498                __wrap___aeabi_lmul
 *fill*         0x100044ca        0x2 
 .text.__aeabi_float_init
                0x100044cc       0xfc CMakeFiles/pico-tail-controller.dir/home/pi/pico/pico-sdk/src/rp2_common/pico_float/float_init_rom.c.obj
                0x100044cc                __aeabi_float_init
 .text.float_table_shim_on_use_helper
                0x100045c8       0x34 CMakeFiles/pico-tail-controller.dir/home/pi/pico/pico-sdk/src/rp2_common/pico_float/float_v1_rom_shim.S.obj
                0x100045c8                float_table_shim_on_use_helper
 .text          0x100045fc       0x10 CMakeFiles/pico-tail-controller.dir/home/pi/pico/pico-sdk/src/rp2_common/pico_mem_ops/mem_ops_aeabi.S.obj
                0x100045fc                __aeabi_mem_init
 .text.memcpy   0x1000460c        0xc CMakeFiles/pico-tail-controller.dir/home/pi/pico/pico-sdk/src/rp2_common/pico_mem_ops/mem_ops_aeabi.S.obj
                0x1000460c                __wrap___aeabi_memcpy
                0x1000460c                __wrap_memcpy
 .text.stdio_out_chars_no_crlf
                0x10004618        0xe CMakeFiles/pico-tail-controller.dir/home/pi/pico/pico-sdk/src/rp2_common/pico_stdio/stdio.c.obj
 *fill*         0x10004626        0x2 
 .text.stdio_out_chars_crlf
                0x10004628       0x80 CMakeFiles/pico-tail-controller.dir/home/pi/pico/pico-sdk/src/rp2_common/pico_stdio/stdio.c.obj
 .text.stdio_stack_buffer_flush
                0x100046a8       0x44 CMakeFiles/pico-tail-controller.dir/home/pi/pico/pico-sdk/src/rp2_common/pico_stdio/stdio.c.obj
 .text.stdio_buffered_printer
                0x100046ec       0x20 CMakeFiles/pico-tail-controller.dir/home/pi/pico/pico-sdk/src/rp2_common/pico_stdio/stdio.c.obj
 .text.stdout_serialize_begin
                0x1000470c       0x5c CMakeFiles/pico-tail-controller.dir/home/pi/pico/pico-sdk/src/rp2_common/pico_stdio/stdio.c.obj
                0x1000470c                stdout_serialize_begin
 .text.stdout_serialize_end
                0x10004768       0x10 CMakeFiles/pico-tail-controller.dir/home/pi/pico/pico-sdk/src/rp2_common/pico_stdio/stdio.c.obj
                0x10004768                stdout_serialize_end
 .text.stdio_put_string
                0x10004778       0x94 CMakeFiles/pico-tail-controller.dir/home/pi/pico/pico-sdk/src/rp2_common/pico_stdio/stdio.c.obj
 .text.stdio_set_driver_enabled
                0x1000480c       0x2c CMakeFiles/pico-tail-controller.dir/home/pi/pico/pico-sdk/src/rp2_common/pico_stdio/stdio.c.obj
                0x1000480c                stdio_set_driver_enabled
 .text.stdio_flush
                0x10004838       0x20 CMakeFiles/pico-tail-controller.dir/home/pi/pico/pico-sdk/src/rp2_common/pico_stdio/stdio.c.obj
                0x10004838                stdio_flush
 .text.__wrap_puts
                0x10004858       0x1e CMakeFiles/pico-tail-controller.dir/home/pi/pico/pico-sdk/src/rp2_common/pico_stdio/stdio.c.obj
                0x10004858                __wrap_puts
 *fill*         0x10004876        0x2 
 .text.__wrap_vprintf
                0x10004878       0x40 CMakeFiles/pico-tail-controller.dir/home/pi/pico/pico-sdk/src/rp2_common/pico_stdio/stdio.c.obj
                0x10004878                __wrap_vprintf
 .text.__wrap_printf
                0x100048b8       0x18 CMakeFiles/pico-tail-controller.dir/home/pi/pico/pico-sdk/src/rp2_common/pico_stdio/stdio.c.obj
                0x100048b8                __wrap_printf
 .text.stdio_init_all
                0x100048d0        0xa CMakeFiles/pico-tail-controller.dir/home/pi/pico/pico-sdk/src/rp2_common/pico_stdio/stdio.c.obj
                0x100048d0                stdio_init_all
 *fill*         0x100048da        0x2 
 .text.stdio_uart_out_chars
                0x100048dc       0x74 CMakeFiles/pico-tail-controller.dir/home/pi/pico/pico-sdk/src/rp2_common/pico_stdio_uart/stdio_uart.c.obj
 .text.stdio_uart_in_chars
                0x10004950       0x78 CMakeFiles/pico-tail-controller.dir/home/pi/pico/pico-sdk/src/rp2_common/pico_stdio_uart/stdio_uart.c.obj
                0x10004950                stdio_uart_in_chars
 .text.on_uart_rx
                0x100049c8       0x28 CMakeFiles/pico-tail-controller.dir/home/pi/pico/pico-sdk/src/rp2_common/pico_stdio_uart/stdio_uart.c.obj
 .text.stdio_uart_set_chars_available_callback
                0x100049f0       0x8c CMakeFiles/pico-tail-controller.dir/home/pi/pico/pico-sdk/src/rp2_common/pico_stdio_uart/stdio_uart.c.obj
 .text.stdio_uart_init_full
                0x10004a7c       0x44 CMakeFiles/pico-tail-controller.dir/home/pi/pico/pico-sdk/src/rp2_common/pico_stdio_uart/stdio_uart.c.obj
                0x10004a7c                stdio_uart_init_full
 .text.stdio_uart_init
                0x10004ac0       0x28 CMakeFiles/pico-tail-controller.dir/home/pi/pico/pico-sdk/src/rp2_common/pico_stdio_uart/stdio_uart.c.obj
                0x10004ac0                stdio_uart_init
 .text.adc_init
                0x10004ae8       0x34 CMakeFiles/pico-tail-controller.dir/home/pi/pico/pico-sdk/src/rp2_common/hardware_adc/adc.c.obj
                0x10004ae8                adc_init
 .text.core1_trampoline
                0x10004b1c        0x2 CMakeFiles/pico-tail-controller.dir/home/pi/pico/pico-sdk/src/rp2_common/pico_multicore/multicore.c.obj
 .text.core1_wrapper
                0x10004b1e        0xc CMakeFiles/pico-tail-controller.dir/home/pi/pico/pico-sdk/src/rp2_common/pico_multicore/multicore.c.obj
                0x10004b1e                core1_wrapper
 .text.multicore_fifo_push_blocking
                0x10004b2a       0x14 CMakeFiles/pico-tail-controller.dir/home/pi/pico/pico-sdk/src/rp2_common/pico_multicore/multicore.c.obj
                0x10004b2a                multicore_fifo_push_blocking
 .text.multicore_fifo_pop_blocking
                0x10004b3e       0x16 CMakeFiles/pico-tail-controller.dir/home/pi/pico/pico-sdk/src/rp2_common/pico_multicore/multicore.c.obj
                0x10004b3e                multicore_fifo_pop_blocking
 .text.multicore_launch_core1_raw
                0x10004b54       0x70 CMakeFiles/pico-tail-controller.dir/home/pi/pico/pico-sdk/src/rp2_common/pico_multicore/multicore.c.obj
                0x10004b54                multicore_launch_core1_raw
 .text.multicore_launch_core1_with_stack
                0x10004bc4       0x50 CMakeFiles/pico-tail-controller.dir/home/pi/pico/pico-sdk/src/rp2_common/pico_multicore/multicore.c.obj
                0x10004bc4                multicore_launch_core1_with_stack
 .text.multicore_launch_core1
                0x10004c14       0x24 CMakeFiles/pico-tail-controller.dir/home/pi/pico/pico-sdk/src/rp2_common/pico_multicore/multicore.c.obj
                0x10004c14                multicore_launch_core1
 .text          0x10004c38       0x68 /usr/lib/gcc/arm-none-eabi/8.3.1/../../../arm-none-eabi/lib/thumb/v6-m/nofp/libg.a(lib_a-strlen-stub.o)
                0x10004c38                strlen
 *(.fini)
 .fini          0x10004ca0        0x4 /usr/lib/gcc/arm-none-eabi/8.3.1/thumb/v6-m/nofp/crti.o
                0x10004ca0                _fini
 *fill*         0x10004ca4        0x4 
 .fini.__stub   0x10004ca8       0x60 linker stubs
 *crtbegin.o(.ctors)
 *crtbegin?.o(.ctors)
 *(EXCLUDE_FILE(*crtend.o *crtend?.o) .ctors)
 *(SORT_BY_NAME(.ctors.*))
 *(.ctors)
 *crtbegin.o(.dtors)
 *crtbegin?.o(.dtors)
 *(EXCLUDE_FILE(*crtend.o *crtend?.o) .dtors)
 *(SORT_BY_NAME(.dtors.*))
 *(.dtors)
 *(.eh_frame*)
 .eh_frame      0x10004d08        0x0 /usr/lib/gcc/arm-none-eabi/8.3.1/thumb/v6-m/nofp/crtbegin.o
                0x10004d08                . = ALIGN (0x4)

.glue_7         0x10004d08        0x0
 .glue_7        0x10004d08        0x0 linker stubs

.glue_7t        0x10004d08        0x0
 .glue_7t       0x10004d08        0x0 linker stubs

.vfp11_veneer   0x10004d08        0x0
 .vfp11_veneer  0x10004d08        0x0 linker stubs

.v4_bx          0x10004d08        0x0
 .v4_bx         0x10004d08        0x0 linker stubs

.iplt           0x10004d08        0x0
 .iplt          0x10004d08        0x0 /usr/lib/gcc/arm-none-eabi/8.3.1/thumb/v6-m/nofp/crtbegin.o

.rodata         0x10004d08      0xfb8
 *(EXCLUDE_FILE(*libm.a: *libc.a:*lib_a-mem*.o *libgcc.a:) .rodata*)
 .rodata.__func__.4859
                0x10004d08       0x1a CMakeFiles/pico-tail-controller.dir/home/pi/pico/pico-sdk/src/rp2_common/hardware_irq/irq.c.obj
 *fill*         0x10004d22        0x2 
 .rodata.__func__.4873
                0x10004d24        0xc CMakeFiles/pico-tail-controller.dir/home/pi/pico/pico-sdk/src/rp2_common/hardware_irq/irq.c.obj
 .rodata.__func__.4881
                0x10004d30       0x17 CMakeFiles/pico-tail-controller.dir/home/pi/pico/pico-sdk/src/rp2_common/hardware_irq/irq.c.obj
 *fill*         0x10004d47        0x1 
 .rodata.__func__.4885
                0x10004d48        0xf CMakeFiles/pico-tail-controller.dir/home/pi/pico/pico-sdk/src/rp2_common/hardware_irq/irq.c.obj
 *fill*         0x10004d57        0x1 
 .rodata.__func__.4924
                0x10004d58       0x13 CMakeFiles/pico-tail-controller.dir/home/pi/pico/pico-sdk/src/rp2_common/hardware_irq/irq.c.obj
 *fill*         0x10004d6b        0x1 
 .rodata.__func__.4946
                0x10004d6c       0x1a CMakeFiles/pico-tail-controller.dir/home/pi/pico/pico-sdk/src/rp2_common/hardware_irq/irq.c.obj
 *fill*         0x10004d86        0x2 
 .rodata.insert_branch_and_link.str1.4
                0x10004d88       0x10 CMakeFiles/pico-tail-controller.dir/home/pi/pico/pico-sdk/src/rp2_common/hardware_irq/irq.c.obj
 .rodata.irq_add_shared_handler.str1.4
                0x10004d98       0xd9 CMakeFiles/pico-tail-controller.dir/home/pi/pico/pico-sdk/src/rp2_common/hardware_irq/irq.c.obj
 *fill*         0x10004e71        0x3 
 .rodata.irq_add_tail_to_free_list.str1.4
                0x10004e74       0x3a CMakeFiles/pico-tail-controller.dir/home/pi/pico/pico-sdk/src/rp2_common/hardware_irq/irq.c.obj
 *fill*         0x10004eae        0x2 
 .rodata.irq_remove_handler.str1.4
                0x10004eb0       0x3a CMakeFiles/pico-tail-controller.dir/home/pi/pico/pico-sdk/src/rp2_common/hardware_irq/irq.c.obj
 *fill*         0x10004eea        0x2 
 .rodata.irq_set_exclusive_handler.str1.4
                0x10004eec       0x36 CMakeFiles/pico-tail-controller.dir/home/pi/pico/pico-sdk/src/rp2_common/hardware_irq/irq.c.obj
 *fill*         0x10004f22        0x2 
 .rodata.make_branch.str1.4
                0x10004f24       0x69 CMakeFiles/pico-tail-controller.dir/home/pi/pico/pico-sdk/src/rp2_common/hardware_irq/irq.c.obj
 *fill*         0x10004f8d        0x3 
 .rodata.__func__.4774
                0x10004f90       0x18 CMakeFiles/pico-tail-controller.dir/home/pi/pico/pico-sdk/src/common/pico_sync/mutex.c.obj
 .rodata.__func__.4793
                0x10004fa8        0xb CMakeFiles/pico-tail-controller.dir/home/pi/pico/pico-sdk/src/common/pico_sync/mutex.c.obj
 *fill*         0x10004fb3        0x1 
 .rodata.str1.4
                0x10004fb4       0xe5 CMakeFiles/pico-tail-controller.dir/home/pi/pico/pico-sdk/src/common/pico_sync/mutex.c.obj
 *fill*         0x10005099        0x3 
 .rodata.__func__.5751
                0x1000509c       0x15 CMakeFiles/pico-tail-controller.dir/home/pi/pico/pico-sdk/src/common/pico_time/time.c.obj
 *fill*         0x100050b1        0x3 
 .rodata.__func__.6095
                0x100050b4        0xc CMakeFiles/pico-tail-controller.dir/home/pi/pico/pico-sdk/src/common/pico_time/time.c.obj
 .rodata.__func__.6102
                0x100050c0       0x12 CMakeFiles/pico-tail-controller.dir/home/pi/pico/pico-sdk/src/common/pico_time/time.c.obj
 *fill*         0x100050d2        0x2 
 .rodata.__func__.6118
                0x100050d4        0xf CMakeFiles/pico-tail-controller.dir/home/pi/pico/pico-sdk/src/common/pico_time/time.c.obj
 *fill*         0x100050e3        0x1 
 .rodata.__func__.6140
                0x100050e4        0xd CMakeFiles/pico-tail-controller.dir/home/pi/pico/pico-sdk/src/common/pico_time/time.c.obj
 *fill*         0x100050f1        0x3 
 .rodata.__func__.6369
                0x100050f4        0xa CMakeFiles/pico-tail-controller.dir/home/pi/pico/pico-sdk/src/common/pico_time/time.c.obj
 *fill*         0x100050fe        0x2 
 .rodata.__func__.6374
                0x10005100       0x12 CMakeFiles/pico-tail-controller.dir/home/pi/pico/pico-sdk/src/common/pico_time/time.c.obj
 *fill*         0x10005112        0x2 
 .rodata.__func__.6389
                0x10005114       0x17 CMakeFiles/pico-tail-controller.dir/home/pi/pico/pico-sdk/src/common/pico_time/time.c.obj
 *fill*         0x1000512b        0x1 
 .rodata.__func__.6400
                0x1000512c       0x15 CMakeFiles/pico-tail-controller.dir/home/pi/pico/pico-sdk/src/common/pico_time/time.c.obj
 *fill*         0x10005141        0x3 
 .rodata.__func__.6417
                0x10005144       0x1a CMakeFiles/pico-tail-controller.dir/home/pi/pico/pico-sdk/src/common/pico_time/time.c.obj
 *fill*         0x1000515e        0x2 
 .rodata.__func__.6470
                0x10005160       0x18 CMakeFiles/pico-tail-controller.dir/home/pi/pico/pico-sdk/src/common/pico_time/time.c.obj
 .rodata.add_alarm_under_lock.str1.4
                0x10005178       0x28 CMakeFiles/pico-tail-controller.dir/home/pi/pico/pico-sdk/src/common/pico_time/time.c.obj
                                 0x2b (size before relaxing)
 .rodata.alarm_pool_alarm_callback.str1.4
                0x100051a0       0x98 CMakeFiles/pico-tail-controller.dir/home/pi/pico/pico-sdk/src/common/pico_time/time.c.obj
                                 0xf8 (size before relaxing)
 .rodata.alarm_pool_cancel_alarm.str1.4
                0x10005238       0x27 CMakeFiles/pico-tail-controller.dir/home/pi/pico/pico-sdk/src/common/pico_time/time.c.obj
 *fill*         0x1000525f        0x1 
 .rodata.alarm_pool_get_default.str1.4
                0x10005260       0x21 CMakeFiles/pico-tail-controller.dir/home/pi/pico/pico-sdk/src/common/pico_time/time.c.obj
 *fill*         0x10005281        0x3 
 .rodata.ph_add_child_node.str1.4
                0x10005284       0x92 CMakeFiles/pico-tail-controller.dir/home/pi/pico/pico-sdk/src/common/pico_time/time.c.obj
 *fill*         0x10005316        0x2 
 .rodata.repeating_timer_callback.str1.4
                0x10005318       0x47 CMakeFiles/pico-tail-controller.dir/home/pi/pico/pico-sdk/src/common/pico_time/time.c.obj
 *fill*         0x1000535f        0x1 
 .rodata.sleep_until.str1.4
                0x10005360       0x4d CMakeFiles/pico-tail-controller.dir/home/pi/pico/pico-sdk/src/common/pico_time/time.c.obj
 *fill*         0x100053ad        0x3 
 .rodata.timer_pool_entry_comparator.str1.4
                0x100053b0       0x22 CMakeFiles/pico-tail-controller.dir/home/pi/pico/pico-sdk/src/common/pico_time/time.c.obj
 *fill*         0x100053d2        0x2 
 .rodata.__func__.4243
                0x100053d4       0x15 CMakeFiles/pico-tail-controller.dir/home/pi/pico/pico-sdk/src/rp2_common/hardware_timer/timer.c.obj
 *fill*         0x100053e9        0x3 
 .rodata.__func__.4640
                0x100053ec       0x1a CMakeFiles/pico-tail-controller.dir/home/pi/pico/pico-sdk/src/rp2_common/hardware_timer/timer.c.obj
 .rodata.busy_wait_us.str1.4
                0x10005406       0x5d CMakeFiles/pico-tail-controller.dir/home/pi/pico/pico-sdk/src/rp2_common/hardware_timer/timer.c.obj
 *fill*         0x10005406        0x2 
 .rodata.hardware_alarm_claim.str1.4
                0x10005408       0x22 CMakeFiles/pico-tail-controller.dir/home/pi/pico/pico-sdk/src/rp2_common/hardware_timer/timer.c.obj
 *fill*         0x1000542a        0x2 
 .rodata.hardware_alarm_set_target.str1.4
                0x1000542c       0x61 CMakeFiles/pico-tail-controller.dir/home/pi/pico/pico-sdk/src/rp2_common/hardware_timer/timer.c.obj
 *fill*         0x1000548d        0x3 
 .rodata.__func__.5776
                0x10005490        0xc CMakeFiles/pico-tail-controller.dir/home/pi/pico/pico-sdk/src/common/pico_util/pheap.c.obj
 .rodata.__func__.5783
                0x1000549c       0x12 CMakeFiles/pico-tail-controller.dir/home/pi/pico/pico-sdk/src/common/pico_util/pheap.c.obj
 *fill*         0x100054ae        0x2 
 .rodata.__func__.5869
                0x100054b0       0x13 CMakeFiles/pico-tail-controller.dir/home/pi/pico/pico-sdk/src/common/pico_util/pheap.c.obj
 *fill*         0x100054c3        0x1 
 .rodata.__func__.5887
                0x100054c4       0x18 CMakeFiles/pico-tail-controller.dir/home/pi/pico/pico-sdk/src/common/pico_util/pheap.c.obj
 .rodata.ph_add_child_node.str1.4
                0x100054dc       0x92 CMakeFiles/pico-tail-controller.dir/home/pi/pico/pico-sdk/src/common/pico_util/pheap.c.obj
 .rodata.ph_remove_and_free_node.str1.4
                0x100054dc       0x1e CMakeFiles/pico-tail-controller.dir/home/pi/pico/pico-sdk/src/common/pico_util/pheap.c.obj
                                 0x26 (size before relaxing)
 *fill*         0x100054fa        0x2 
 .rodata.ph_remove_any_head.str1.4
                0x100054fc       0x88 CMakeFiles/pico-tail-controller.dir/home/pi/pico/pico-sdk/src/common/pico_util/pheap.c.obj
                                 0x9c (size before relaxing)
 .rodata.__func__.4826
                0x10005584       0x10 CMakeFiles/pico-tail-controller.dir/home/pi/pico/pico-sdk/src/rp2_common/hardware_clocks/clocks.c.obj
 .rodata.clock_configure.str1.4
                0x10005594       0x53 CMakeFiles/pico-tail-controller.dir/home/pi/pico/pico-sdk/src/rp2_common/hardware_clocks/clocks.c.obj
 *fill*         0x100055e7        0x1 
 .rodata.__func__.4483
                0x100055e8        0x9 CMakeFiles/pico-tail-controller.dir/home/pi/pico/pico-sdk/src/rp2_common/hardware_pll/pll.c.obj
 *fill*         0x100055f1        0x3 
 .rodata.pll_init.str1.4
                0x100055f4      0x120 CMakeFiles/pico-tail-controller.dir/home/pi/pico/pico-sdk/src/rp2_common/hardware_pll/pll.c.obj
 .rodata.__assert_func.str1.4
                0x10005714       0x3f CMakeFiles/pico-tail-controller.dir/home/pi/pico/pico-sdk/src/rp2_common/pico_runtime/runtime.c.obj
                                 0x43 (size before relaxing)
 *fill*         0x10005753        0x1 
 .rodata.__func__.6437
                0x10005754        0xd CMakeFiles/pico-tail-controller.dir/home/pi/pico/pico-sdk/src/rp2_common/pico_runtime/runtime.c.obj
 *fill*         0x10005761        0x3 
 .rodata.panic.str1.4
                0x10005764       0x12 CMakeFiles/pico-tail-controller.dir/home/pi/pico/pico-sdk/src/rp2_common/pico_runtime/runtime.c.obj
 *fill*         0x10005776        0x2 
 .rodata.runtime_init.str1.4
                0x10005778       0x5d CMakeFiles/pico-tail-controller.dir/home/pi/pico/pico-sdk/src/rp2_common/pico_runtime/runtime.c.obj
 *fill*         0x100057d5        0x3 
 .rodata._vsnprintf
                0x100057d8      0x1e0 CMakeFiles/pico-tail-controller.dir/home/pi/pico/pico-sdk/src/rp2_common/pico_printf/printf.c.obj
 .rodata._ftoa.str1.4
                0x100059b8       0x15 CMakeFiles/pico-tail-controller.dir/home/pi/pico/pico-sdk/src/rp2_common/pico_printf/printf.c.obj
 *fill*         0x100059cd        0x3 
 .rodata.pow10.5481
                0x100059d0       0x50 CMakeFiles/pico-tail-controller.dir/home/pi/pico/pico-sdk/src/rp2_common/pico_printf/printf.c.obj
 .rodata.__aeabi_double_init.str1.4
                0x10005a20       0x98 CMakeFiles/pico-tail-controller.dir/home/pi/pico/pico-sdk/src/rp2_common/pico_double/double_init_rom.c.obj
 .rodata.__func__.4787
                0x10005ab8       0x14 CMakeFiles/pico-tail-controller.dir/home/pi/pico/pico-sdk/src/rp2_common/pico_double/double_init_rom.c.obj
 .rodata.__aeabi_float_init.str1.4
                0x10005acc       0x76 CMakeFiles/pico-tail-controller.dir/home/pi/pico/pico-sdk/src/rp2_common/pico_float/float_init_rom.c.obj
                                 0x7a (size before relaxing)
 *fill*         0x10005b42        0x2 
 .rodata.__func__.4788
                0x10005b44       0x13 CMakeFiles/pico-tail-controller.dir/home/pi/pico/pico-sdk/src/rp2_common/pico_float/float_init_rom.c.obj
 *fill*         0x10005b57        0x1 
 .rodata.__bi_44
                0x10005b58        0xc CMakeFiles/pico-tail-controller.dir/home/pi/pico/pico-sdk/src/rp2_common/pico_standard_link/binary_info.c.obj
 .rodata.__bi_75
                0x10005b64        0xc CMakeFiles/pico-tail-controller.dir/home/pi/pico/pico-sdk/src/rp2_common/pico_standard_link/binary_info.c.obj
 .rodata.__bi_81
                0x10005b70        0xc CMakeFiles/pico-tail-controller.dir/home/pi/pico/pico-sdk/src/rp2_common/pico_standard_link/binary_info.c.obj
 .rodata.str1.4
                0x10005b7c       0x4c CMakeFiles/pico-tail-controller.dir/home/pi/pico/pico-sdk/src/rp2_common/pico_standard_link/binary_info.c.obj
 .rodata.__func__.5613
                0x10005bc8       0x15 CMakeFiles/pico-tail-controller.dir/home/pi/pico/pico-sdk/src/rp2_common/pico_stdio/stdio.c.obj
 *fill*         0x10005bdd        0x3 
 .rodata.crlf_str.6280
                0x10005be0        0x2 CMakeFiles/pico-tail-controller.dir/home/pi/pico/pico-sdk/src/rp2_common/pico_stdio/stdio.c.obj
 .rodata.stdout_serialize_begin.str1.4
                0x10005be2       0x5d CMakeFiles/pico-tail-controller.dir/home/pi/pico/pico-sdk/src/rp2_common/pico_stdio/stdio.c.obj
 *fill*         0x10005be2        0x2 
 .rodata.__bi_33.4929
                0x10005be4        0xc CMakeFiles/pico-tail-controller.dir/home/pi/pico/pico-sdk/src/rp2_common/pico_stdio_uart/stdio_uart.c.obj
 .rodata.__bi_34.4933
                0x10005bf0        0x8 CMakeFiles/pico-tail-controller.dir/home/pi/pico/pico-sdk/src/rp2_common/pico_stdio_uart/stdio_uart.c.obj
 .rodata.str1.4
                0x10005bf8       0x2c CMakeFiles/pico-tail-controller.dir/home/pi/pico/pico-sdk/src/rp2_common/pico_stdio_uart/stdio_uart.c.obj
 .rodata.__func__.4996
                0x10005c24       0x22 CMakeFiles/pico-tail-controller.dir/home/pi/pico/pico-sdk/src/rp2_common/pico_multicore/multicore.c.obj
 *fill*         0x10005c46        0x2 
 .rodata.multicore_launch_core1_with_stack.str1.4
                0x10005c48       0x19 CMakeFiles/pico-tail-controller.dir/home/pi/pico/pico-sdk/src/rp2_common/pico_multicore/multicore.c.obj
 *fill*         0x10005c61        0x3 
 .rodata.multicore_lockout_start_block_until.str1.4
                0x10005c64       0x59 CMakeFiles/pico-tail-controller.dir/home/pi/pico/pico-sdk/src/rp2_common/pico_multicore/multicore.c.obj
                0x10005cc0                . = ALIGN (0x4)
 *fill*         0x10005cbd        0x3 
 *(SORT_BY_ALIGNMENT(SORT_BY_NAME(.flashdata*)))
                0x10005cc0                . = ALIGN (0x4)

.ARM.extab
 *(.ARM.extab* .gnu.linkonce.armextab.*)
                0x10005cc0                __exidx_start = .

.ARM.exidx
 *(.ARM.exidx* .gnu.linkonce.armexidx.*)
                0x10005cc0                __exidx_end = .
                0x10005cc0                . = ALIGN (0x4)
                0x10005cc0                __binary_info_start = .

.binary_info    0x10005cc0       0x24
 *(.binary_info.keep.*)
 .binary_info.keep.__bi_ptr22
                0x10005cc0        0x4 CMakeFiles/pico-tail-controller.dir/home/pi/pico/pico-sdk/src/rp2_common/pico_standard_link/binary_info.c.obj
 .binary_info.keep.__bi_ptr30
                0x10005cc4        0x4 CMakeFiles/pico-tail-controller.dir/home/pi/pico/pico-sdk/src/rp2_common/pico_standard_link/binary_info.c.obj
 .binary_info.keep.__bi_ptr38
                0x10005cc8        0x4 CMakeFiles/pico-tail-controller.dir/home/pi/pico/pico-sdk/src/rp2_common/pico_standard_link/binary_info.c.obj
 .binary_info.keep.__bi_ptr44
                0x10005ccc        0x4 CMakeFiles/pico-tail-controller.dir/home/pi/pico/pico-sdk/src/rp2_common/pico_standard_link/binary_info.c.obj
 .binary_info.keep.__bi_ptr50
                0x10005cd0        0x4 CMakeFiles/pico-tail-controller.dir/home/pi/pico/pico-sdk/src/rp2_common/pico_standard_link/binary_info.c.obj
 .binary_info.keep.__bi_ptr75
                0x10005cd4        0x4 CMakeFiles/pico-tail-controller.dir/home/pi/pico/pico-sdk/src/rp2_common/pico_standard_link/binary_info.c.obj
 .binary_info.keep.__bi_ptr81
                0x10005cd8        0x4 CMakeFiles/pico-tail-controller.dir/home/pi/pico/pico-sdk/src/rp2_common/pico_standard_link/binary_info.c.obj
 *(.binary_info.*)
 .binary_info.__bi_ptr33
                0x10005cdc        0x4 CMakeFiles/pico-tail-controller.dir/home/pi/pico/pico-sdk/src/rp2_common/pico_stdio_uart/stdio_uart.c.obj
 .binary_info.__bi_ptr34
                0x10005ce0        0x4 CMakeFiles/pico-tail-controller.dir/home/pi/pico/pico-sdk/src/rp2_common/pico_stdio_uart/stdio_uart.c.obj
                0x10005ce4                __binary_info_end = .

.rel.dyn        0x10005ce4        0x0
 .rel.iplt      0x10005ce4        0x0 /usr/lib/gcc/arm-none-eabi/8.3.1/thumb/v6-m/nofp/crtbegin.o
                0x10005ce4                . = ALIGN (0x4)

.ram_vector_table
                0x20000000       0xc0
 *(.ram_vector_table)
 .ram_vector_table
                0x20000000       0xc0 CMakeFiles/pico-tail-controller.dir/home/pi/pico/pico-sdk/src/rp2_common/pico_runtime/runtime.c.obj
                0x20000000                ram_vector_table

.data           0x200000c0      0x33c load address 0x10005ce4
                0x200000c0                __data_start__ = .
 *(vtable)
 *(.time_critical*)
 .time_critical.mutex_try_enter
                0x200000c0       0x48 CMakeFiles/pico-tail-controller.dir/home/pi/pico/pico-sdk/src/common/pico_sync/mutex.c.obj
                0x200000c0                mutex_try_enter
 .time_critical.mutex_enter_block_until
                0x20000108       0x7c CMakeFiles/pico-tail-controller.dir/home/pi/pico/pico-sdk/src/common/pico_sync/mutex.c.obj
                0x20000108                mutex_enter_block_until
 .time_critical.mutex_try_enter_block_until
                0x20000184       0x34 CMakeFiles/pico-tail-controller.dir/home/pi/pico/pico-sdk/src/common/pico_sync/mutex.c.obj
                0x20000184                mutex_try_enter_block_until
 .time_critical.mutex_exit
                0x200001b8       0x4c CMakeFiles/pico-tail-controller.dir/home/pi/pico/pico-sdk/src/common/pico_sync/mutex.c.obj
                0x200001b8                mutex_exit
 *(.text*)
 .text          0x20000204       0x44 /usr/lib/gcc/arm-none-eabi/8.3.1/../../../arm-none-eabi/lib/thumb/v6-m/nofp/libm.a(lib_a-s_fmax.o)
                0x20000204                fmax
 .text          0x20000248       0x44 /usr/lib/gcc/arm-none-eabi/8.3.1/../../../arm-none-eabi/lib/thumb/v6-m/nofp/libm.a(lib_a-s_fmin.o)
                0x20000248                fmin
 .text          0x2000028c       0x58 /usr/lib/gcc/arm-none-eabi/8.3.1/../../../arm-none-eabi/lib/thumb/v6-m/nofp/libm.a(lib_a-s_fpclassify.o)
                0x2000028c                __fpclassifyd
 .text          0x200002e4        0x4 /usr/lib/gcc/arm-none-eabi/8.3.1/thumb/v6-m/nofp/libgcc.a(_dvmd_tls.o)
                0x200002e4                __aeabi_ldiv0
                0x200002e4                __aeabi_idiv0
 .text.__stub   0x200002e8       0x40 linker stubs
                0x20000328                . = ALIGN (0x4)
 *(.rodata*)
                0x20000328                . = ALIGN (0x4)
 *(.data*)
 .data.striped_spin_lock_num
                0x20000328        0x1 CMakeFiles/pico-tail-controller.dir/home/pi/pico/pico-sdk/src/rp2_common/hardware_sync/sync.c.obj
 *fill*         0x20000329        0x3 
 .data          0x2000032c       0x48 CMakeFiles/pico-tail-controller.dir/home/pi/pico/pico-sdk/src/rp2_common/hardware_irq/irq_handler_chain.S.obj
                0x2000032c                irq_handler_chain_slots
                0x2000035c                irq_handler_chain_first_slot
                0x20000366                irq_handler_chain_remove_tail
 .data.default_alarm_pool
                0x20000374       0x18 CMakeFiles/pico-tail-controller.dir/home/pi/pico/pico-sdk/src/common/pico_time/time.c.obj
 .data.default_alarm_pool_heap
                0x2000038c       0x10 CMakeFiles/pico-tail-controller.dir/home/pi/pico/pico-sdk/src/common/pico_time/time.c.obj
 *fill*         0x2000039c        0x4 
 .data.aeabi_bits_funcs
                0x200003a0       0x10 CMakeFiles/pico-tail-controller.dir/home/pi/pico/pico-sdk/src/rp2_common/pico_bit_ops/bit_ops_aeabi.S.obj
                0x200003a0                aeabi_bits_funcs
                0x200003b0                aeabi_bits_funcs_end
 .data.aeabi_mem_funcs
                0x200003b0       0x10 CMakeFiles/pico-tail-controller.dir/home/pi/pico/pico-sdk/src/rp2_common/pico_mem_ops/mem_ops_aeabi.S.obj
                0x200003b0                aeabi_mem_funcs
                0x200003c0                aeabi_mem_funcs_end
 .data.stdio_uart
                0x200003c0       0x18 CMakeFiles/pico-tail-controller.dir/home/pi/pico/pico-sdk/src/rp2_common/pico_stdio_uart/stdio_uart.c.obj
                0x200003c0                stdio_uart
                0x200003d8                . = ALIGN (0x4)
 *(.after_data.*)
                0x200003d8                . = ALIGN (0x4)
                0x200003d8                PROVIDE (__mutex_array_start = .)
 *(SORT_BY_NAME(.mutex_array.*))
 *(.mutex_array)
 .mutex_array   0x200003d8        0x8 CMakeFiles/pico-tail-controller.dir/home/pi/pico/pico-sdk/src/rp2_common/pico_malloc/pico_malloc.c.obj
 .mutex_array   0x200003e0        0x8 CMakeFiles/pico-tail-controller.dir/home/pi/pico/pico-sdk/src/rp2_common/pico_stdio/stdio.c.obj
                0x200003e8                PROVIDE (__mutex_array_end = .)
                0x200003e8                . = ALIGN (0x4)
                0x200003e8                PROVIDE (__preinit_array_start = .)
 *(SORT_BY_NAME(.preinit_array.*))
 .preinit_array.00001
                0x200003e8        0x4 CMakeFiles/pico-tail-controller.dir/home/pi/pico/pico-sdk/src/rp2_common/pico_mem_ops/mem_ops_aeabi.S.obj
 .preinit_array.00010
                0x200003ec        0x4 CMakeFiles/pico-tail-controller.dir/home/pi/pico/pico-sdk/src/rp2_common/pico_bit_ops/bit_ops_aeabi.S.obj
 .preinit_array.00020
                0x200003f0        0x4 CMakeFiles/pico-tail-controller.dir/home/pi/pico/pico-sdk/src/rp2_common/pico_double/double_aeabi.S.obj
 .preinit_array.00020
                0x200003f4        0x4 CMakeFiles/pico-tail-controller.dir/home/pi/pico/pico-sdk/src/rp2_common/pico_float/float_aeabi.S.obj
 *(.preinit_array)
                0x200003f8                PROVIDE (__preinit_array_end = .)
                0x200003f8                . = ALIGN (0x4)
                0x200003f8                PROVIDE (__init_array_start = .)
 *(SORT_BY_NAME(.init_array.*))
 *(.init_array)
 .init_array    0x200003f8        0x4 /usr/lib/gcc/arm-none-eabi/8.3.1/thumb/v6-m/nofp/crtbegin.o
                0x200003fc                PROVIDE (__init_array_end = .)
                0x200003fc                . = ALIGN (0x4)
                0x200003fc                PROVIDE (__fini_array_start = .)
 *(SORT_BY_NAME(.fini_array.*))
 *(.fini_array)
                0x200003fc                PROVIDE (__fini_array_end = .)
 *(.jcr)
                0x200003fc                . = ALIGN (0x4)
                0x200003fc                __data_end__ = .
                0x10005ce4                __etext = LOADADDR (.data)

.tm_clone_table
                0x200003fc        0x0 load address 0x10006020
 .tm_clone_table
                0x200003fc        0x0 /usr/lib/gcc/arm-none-eabi/8.3.1/thumb/v6-m/nofp/crtbegin.o
 .tm_clone_table
                0x200003fc        0x0 /usr/lib/gcc/arm-none-eabi/8.3.1/thumb/v6-m/nofp/crtend.o

.igot.plt       0x200003fc        0x0 load address 0x10006020
 .igot.plt      0x200003fc        0x0 /usr/lib/gcc/arm-none-eabi/8.3.1/thumb/v6-m/nofp/crtbegin.o

.uninitialized_data
                0x200003fc        0x0 load address 0x10006020
                0x200003fc                . = ALIGN (0x4)
 *(.uninitialized_data*)

.scratch_x      0x20040000        0x0 load address 0x10006020
                0x20040000                __scratch_x_start__ = .
 *(.scratch_x.*)
                0x20040000                . = ALIGN (0x4)
                0x20040000                __scratch_x_end__ = .
                0x10006020                __scratch_x_source__ = LOADADDR (.scratch_x)

.scratch_y      0x20041000        0x0 load address 0x10006020
                0x20041000                __scratch_y_start__ = .
 *(.scratch_y.*)
                0x20041000                . = ALIGN (0x4)
                0x20041000                __scratch_y_end__ = .
                0x10006020                __scratch_y_source__ = LOADADDR (.scratch_y)

.bss            0x20000400      0x470
                0x20000400                . = ALIGN (0x4)
                0x20000400                __bss_start__ = .
 *(SORT_BY_ALIGNMENT(SORT_BY_NAME(.bss*)))
 .bss.default_alarm_pool_entries
                0x20000400      0x100 CMakeFiles/pico-tail-controller.dir/home/pi/pico/pico-sdk/src/common/pico_time/time.c.obj
 .bss           0x20000500       0x1c /usr/lib/gcc/arm-none-eabi/8.3.1/thumb/v6-m/nofp/crtbegin.o
 .bss.alarm_callbacks
                0x2000051c       0x10 CMakeFiles/pico-tail-controller.dir/home/pi/pico/pico-sdk/src/rp2_common/hardware_timer/timer.c.obj
 .bss.chars_available_callback
                0x2000052c        0x4 CMakeFiles/pico-tail-controller.dir/home/pi/pico/pico-sdk/src/rp2_common/pico_stdio_uart/stdio_uart.c.obj
 .bss.chars_available_param
                0x20000530        0x4 CMakeFiles/pico-tail-controller.dir/home/pi/pico/pico-sdk/src/rp2_common/pico_stdio_uart/stdio_uart.c.obj
 .bss.configured_freq
                0x20000534       0x28 CMakeFiles/pico-tail-controller.dir/home/pi/pico/pico-sdk/src/rp2_common/hardware_clocks/clocks.c.obj
 .bss.curpos0   0x2000055c        0x4 CMakeFiles/pico-tail-controller.dir/main.c.obj
                0x2000055c                curpos0
 .bss.curpos1   0x20000560        0x4 CMakeFiles/pico-tail-controller.dir/main.c.obj
                0x20000560                curpos1
 .bss.default_alarm_pool_entry_ids_high
                0x20000564       0x10 CMakeFiles/pico-tail-controller.dir/home/pi/pico/pico-sdk/src/common/pico_time/time.c.obj
 .bss.default_alarm_pool_heap_nodes
                0x20000574       0x30 CMakeFiles/pico-tail-controller.dir/home/pi/pico/pico-sdk/src/common/pico_time/time.c.obj
 .bss.difpos0   0x200005a4        0x4 CMakeFiles/pico-tail-controller.dir/main.c.obj
                0x200005a4                difpos0
 .bss.difpos1   0x200005a8        0x4 CMakeFiles/pico-tail-controller.dir/main.c.obj
                0x200005a8                difpos1
 .bss.drivers   0x200005ac        0x4 CMakeFiles/pico-tail-controller.dir/home/pi/pico/pico-sdk/src/rp2_common/pico_stdio/stdio.c.obj
 .bss.filter    0x200005b0        0x4 CMakeFiles/pico-tail-controller.dir/home/pi/pico/pico-sdk/src/rp2_common/pico_stdio/stdio.c.obj
 .bss.pools     0x200005b4       0x10 CMakeFiles/pico-tail-controller.dir/home/pi/pico/pico-sdk/src/common/pico_time/time.c.obj
 .bss.sf_clz_func
                0x200005c4        0x4 CMakeFiles/pico-tail-controller.dir/home/pi/pico/pico-sdk/src/rp2_common/pico_double/double_init_rom.c.obj
                0x200005c4                sf_clz_func
 .bss.sleep_notifier
                0x200005c8        0x4 CMakeFiles/pico-tail-controller.dir/home/pi/pico/pico-sdk/src/common/pico_time/time.c.obj
 .bss.target_hi
                0x200005cc       0x10 CMakeFiles/pico-tail-controller.dir/home/pi/pico/pico-sdk/src/rp2_common/hardware_timer/timer.c.obj
 .bss.tarpos0   0x200005dc        0x4 CMakeFiles/pico-tail-controller.dir/main.c.obj
                0x200005dc                tarpos0
 .bss.tarpos1   0x200005e0        0x4 CMakeFiles/pico-tail-controller.dir/main.c.obj
                0x200005e0                tarpos1
 .bss.uart_instance
                0x200005e4        0x4 CMakeFiles/pico-tail-controller.dir/home/pi/pico/pico-sdk/src/rp2_common/pico_stdio_uart/stdio_uart.c.obj
 .bss.claimed   0x200005e8        0x1 CMakeFiles/pico-tail-controller.dir/home/pi/pico/pico-sdk/src/rp2_common/hardware_timer/timer.c.obj
 .bss.irq_hander_chain_free_slot_head
                0x200005e9        0x1 CMakeFiles/pico-tail-controller.dir/home/pi/pico/pico-sdk/src/rp2_common/hardware_irq/irq.c.obj
 .bss.timer_callbacks_pending
                0x200005ea        0x1 CMakeFiles/pico-tail-controller.dir/home/pi/pico/pico-sdk/src/rp2_common/hardware_timer/timer.c.obj
 *(COMMON)
 *fill*         0x200005eb        0x1 
 COMMON         0x200005ec       0x7e CMakeFiles/pico-tail-controller.dir/main.c.obj
                0x200005ec                cmid
                0x200005f0                scmdel
                0x200005fe                delta1
                0x20000600                cmaxi
                0x20000602                temadcinr0
                0x20000604                sresult
                0x20000608                in_buf0
                0x2000060c                cmdel
                0x20000610                msdel
                0x20000612                adcinr0
                0x20000614                ddid
                0x20000616                in_ok
                0x20000618                sin_buf0
                0x2000061a                adcinr1
                0x2000061c                chin_buf0
                0x20000620                delta0
                0x20000624                fresult
                0x20000628                cmdir
                0x2000062a                temadcinr1
                0x2000062c                uin
                0x20000630                suin
                0x20000634                int_str
                0x20000668                in_bufid
 *fill*         0x2000066a        0x2 
 COMMON         0x2000066c        0x4 CMakeFiles/pico-tail-controller.dir/home/pi/pico/pico-sdk/src/rp2_common/hardware_uart/uart.c.obj
                0x2000066c                uart_char_to_line_feed
 COMMON         0x20000670      0x100 CMakeFiles/pico-tail-controller.dir/home/pi/pico/pico-sdk/src/rp2_common/pico_double/double_init_rom.c.obj
                0x20000670                sd_table
 COMMON         0x20000770      0x100 CMakeFiles/pico-tail-controller.dir/home/pi/pico/pico-sdk/src/rp2_common/pico_float/float_init_rom.c.obj
                0x20000770                sf_table
                0x20000870                . = ALIGN (0x4)
                0x20000870                __bss_end__ = .

.heap           0x20000870      0x800
                0x20000870                __end__ = .
                0x20000870                end = __end__
 *(.heap*)
 .heap          0x20000870      0x800 CMakeFiles/pico-tail-controller.dir/home/pi/pico/pico-sdk/src/rp2_common/pico_standard_link/crt0.S.obj
                0x20001070                __HeapLimit = .

.stack1_dummy   0x20040000      0x800
 *(.stack1*)
 .stack1        0x20040000      0x800 CMakeFiles/pico-tail-controller.dir/home/pi/pico/pico-sdk/src/rp2_common/pico_multicore/multicore.c.obj

.stack_dummy    0x20041000      0x800
 *(.stack*)
 .stack         0x20041000      0x800 CMakeFiles/pico-tail-controller.dir/home/pi/pico/pico-sdk/src/rp2_common/pico_standard_link/crt0.S.obj

.flash_end      0x10006020        0x0
                0x10006020                PROVIDE (__flash_binary_end = .)
                0x20040000                __StackLimit = (ORIGIN (RAM) + LENGTH (RAM))
                0x20041000                __StackOneTop = (ORIGIN (SCRATCH_X) + LENGTH (SCRATCH_X))
                0x20042000                __StackTop = (ORIGIN (SCRATCH_Y) + LENGTH (SCRATCH_Y))
                0x20040800                __StackOneBottom = (__StackOneTop - SIZEOF (.stack1_dummy))
                0x20041800                __StackBottom = (__StackTop - SIZEOF (.stack_dummy))
                0x20042000                PROVIDE (__stack = __StackTop)
                0x00000001                ASSERT ((__StackLimit >= __HeapLimit), region RAM overflowed)
                0x00000001                ASSERT (((__binary_info_header_end - __logical_binary_start) <= 0x100), Binary info must be in first 256 bytes of the binary)
LOAD CMakeFiles/pico-tail-controller.dir/main.c.obj
LOAD CMakeFiles/pico-tail-controller.dir/home/pi/pico/pico-sdk/src/rp2_common/pico_stdlib/stdlib.c.obj
LOAD CMakeFiles/pico-tail-controller.dir/home/pi/pico/pico-sdk/src/rp2_common/hardware_gpio/gpio.c.obj
LOAD CMakeFiles/pico-tail-controller.dir/home/pi/pico/pico-sdk/src/rp2_common/pico_platform/platform.c.obj
LOAD CMakeFiles/pico-tail-controller.dir/home/pi/pico/pico-sdk/src/rp2_common/hardware_claim/claim.c.obj
LOAD CMakeFiles/pico-tail-controller.dir/home/pi/pico/pico-sdk/src/rp2_common/hardware_sync/sync.c.obj
LOAD CMakeFiles/pico-tail-controller.dir/home/pi/pico/pico-sdk/src/rp2_common/hardware_irq/irq.c.obj
LOAD CMakeFiles/pico-tail-controller.dir/home/pi/pico/pico-sdk/src/rp2_common/hardware_irq/irq_handler_chain.S.obj
LOAD CMakeFiles/pico-tail-controller.dir/home/pi/pico/pico-sdk/src/common/pico_sync/sem.c.obj
LOAD CMakeFiles/pico-tail-controller.dir/home/pi/pico/pico-sdk/src/common/pico_sync/lock_core.c.obj
LOAD CMakeFiles/pico-tail-controller.dir/home/pi/pico/pico-sdk/src/common/pico_sync/mutex.c.obj
LOAD CMakeFiles/pico-tail-controller.dir/home/pi/pico/pico-sdk/src/common/pico_sync/critical_section.c.obj
LOAD CMakeFiles/pico-tail-controller.dir/home/pi/pico/pico-sdk/src/common/pico_time/time.c.obj
LOAD CMakeFiles/pico-tail-controller.dir/home/pi/pico/pico-sdk/src/common/pico_time/timeout_helper.c.obj
LOAD CMakeFiles/pico-tail-controller.dir/home/pi/pico/pico-sdk/src/rp2_common/hardware_timer/timer.c.obj
LOAD CMakeFiles/pico-tail-controller.dir/home/pi/pico/pico-sdk/src/common/pico_util/datetime.c.obj
LOAD CMakeFiles/pico-tail-controller.dir/home/pi/pico/pico-sdk/src/common/pico_util/pheap.c.obj
LOAD CMakeFiles/pico-tail-controller.dir/home/pi/pico/pico-sdk/src/common/pico_util/queue.c.obj
LOAD CMakeFiles/pico-tail-controller.dir/home/pi/pico/pico-sdk/src/rp2_common/hardware_uart/uart.c.obj
LOAD CMakeFiles/pico-tail-controller.dir/home/pi/pico/pico-sdk/src/rp2_common/hardware_clocks/clocks.c.obj
LOAD CMakeFiles/pico-tail-controller.dir/home/pi/pico/pico-sdk/src/rp2_common/hardware_pll/pll.c.obj
LOAD CMakeFiles/pico-tail-controller.dir/home/pi/pico/pico-sdk/src/rp2_common/hardware_vreg/vreg.c.obj
LOAD CMakeFiles/pico-tail-controller.dir/home/pi/pico/pico-sdk/src/rp2_common/hardware_watchdog/watchdog.c.obj
LOAD CMakeFiles/pico-tail-controller.dir/home/pi/pico/pico-sdk/src/rp2_common/hardware_xosc/xosc.c.obj
LOAD CMakeFiles/pico-tail-controller.dir/home/pi/pico/pico-sdk/src/rp2_common/hardware_divider/divider.S.obj
LOAD CMakeFiles/pico-tail-controller.dir/home/pi/pico/pico-sdk/src/rp2_common/pico_runtime/runtime.c.obj
LOAD CMakeFiles/pico-tail-controller.dir/home/pi/pico/pico-sdk/src/rp2_common/pico_printf/printf.c.obj
LOAD CMakeFiles/pico-tail-controller.dir/home/pi/pico/pico-sdk/src/rp2_common/pico_bit_ops/bit_ops_aeabi.S.obj
LOAD CMakeFiles/pico-tail-controller.dir/home/pi/pico/pico-sdk/src/rp2_common/pico_bootrom/bootrom.c.obj
LOAD CMakeFiles/pico-tail-controller.dir/home/pi/pico/pico-sdk/src/rp2_common/pico_divider/divider.S.obj
LOAD CMakeFiles/pico-tail-controller.dir/home/pi/pico/pico-sdk/src/rp2_common/pico_double/double_aeabi.S.obj
LOAD CMakeFiles/pico-tail-controller.dir/home/pi/pico/pico-sdk/src/rp2_common/pico_double/double_init_rom.c.obj
LOAD CMakeFiles/pico-tail-controller.dir/home/pi/pico/pico-sdk/src/rp2_common/pico_double/double_math.c.obj
LOAD CMakeFiles/pico-tail-controller.dir/home/pi/pico/pico-sdk/src/rp2_common/pico_double/double_v1_rom_shim.S.obj
LOAD CMakeFiles/pico-tail-controller.dir/home/pi/pico/pico-sdk/src/rp2_common/pico_int64_ops/pico_int64_ops_aeabi.S.obj
LOAD CMakeFiles/pico-tail-controller.dir/home/pi/pico/pico-sdk/src/rp2_common/pico_float/float_aeabi.S.obj
LOAD CMakeFiles/pico-tail-controller.dir/home/pi/pico/pico-sdk/src/rp2_common/pico_float/float_init_rom.c.obj
LOAD CMakeFiles/pico-tail-controller.dir/home/pi/pico/pico-sdk/src/rp2_common/pico_float/float_math.c.obj
LOAD CMakeFiles/pico-tail-controller.dir/home/pi/pico/pico-sdk/src/rp2_common/pico_float/float_v1_rom_shim.S.obj
LOAD CMakeFiles/pico-tail-controller.dir/home/pi/pico/pico-sdk/src/rp2_common/pico_malloc/pico_malloc.c.obj
LOAD CMakeFiles/pico-tail-controller.dir/home/pi/pico/pico-sdk/src/rp2_common/pico_mem_ops/mem_ops_aeabi.S.obj
LOAD CMakeFiles/pico-tail-controller.dir/home/pi/pico/pico-sdk/src/rp2_common/pico_standard_link/crt0.S.obj
LOAD CMakeFiles/pico-tail-controller.dir/home/pi/pico/pico-sdk/src/rp2_common/pico_standard_link/new_delete.cpp.obj
LOAD CMakeFiles/pico-tail-controller.dir/home/pi/pico/pico-sdk/src/rp2_common/pico_standard_link/binary_info.c.obj
LOAD CMakeFiles/pico-tail-controller.dir/home/pi/pico/pico-sdk/src/rp2_common/pico_stdio/stdio.c.obj
LOAD CMakeFiles/pico-tail-controller.dir/home/pi/pico/pico-sdk/src/rp2_common/pico_stdio_uart/stdio_uart.c.obj
LOAD CMakeFiles/pico-tail-controller.dir/home/pi/pico/pico-sdk/src/rp2_common/hardware_adc/adc.c.obj
LOAD CMakeFiles/pico-tail-controller.dir/home/pi/pico/pico-sdk/src/rp2_common/hardware_flash/flash.c.obj
LOAD CMakeFiles/pico-tail-controller.dir/home/pi/pico/pico-sdk/src/rp2_common/pico_multicore/multicore.c.obj
LOAD /tmp/cccqIuKB.o
LOAD /usr/lib/gcc/arm-none-eabi/8.3.1/../../../arm-none-eabi/lib/thumb/v6-m/nofp/libstdc++.a
LOAD /usr/lib/gcc/arm-none-eabi/8.3.1/../../../arm-none-eabi/lib/thumb/v6-m/nofp/libm.a
START GROUP
LOAD /usr/lib/gcc/arm-none-eabi/8.3.1/thumb/v6-m/nofp/libgcc.a
LOAD /usr/lib/gcc/arm-none-eabi/8.3.1/../../../arm-none-eabi/lib/thumb/v6-m/nofp/libg.a
LOAD /usr/lib/gcc/arm-none-eabi/8.3.1/../../../arm-none-eabi/lib/thumb/v6-m/nofp/libc.a
END GROUP
START GROUP
LOAD /usr/lib/gcc/arm-none-eabi/8.3.1/thumb/v6-m/nofp/libgcc.a
LOAD /usr/lib/gcc/arm-none-eabi/8.3.1/../../../arm-none-eabi/lib/thumb/v6-m/nofp/libc.a
LOAD /usr/lib/gcc/arm-none-eabi/8.3.1/../../../arm-none-eabi/lib/thumb/v6-m/nofp/libnosys.a
END GROUP
LOAD /usr/lib/gcc/arm-none-eabi/8.3.1/thumb/v6-m/nofp/crtend.o
LOAD /usr/lib/gcc/arm-none-eabi/8.3.1/thumb/v6-m/nofp/crtn.o
OUTPUT(pico-tail-controller.elf elf32-littlearm)
LOAD linker stubs

.ARM.attributes
                0x00000000       0x28
 .ARM.attributes
                0x00000000       0x1e /usr/lib/gcc/arm-none-eabi/8.3.1/thumb/v6-m/nofp/crti.o
 .ARM.attributes
                0x0000001e       0x2c /usr/lib/gcc/arm-none-eabi/8.3.1/thumb/v6-m/nofp/crtbegin.o
 .ARM.attributes
                0x0000004a       0x2c CMakeFiles/pico-tail-controller.dir/main.c.obj
 .ARM.attributes
                0x00000076       0x2c CMakeFiles/pico-tail-controller.dir/home/pi/pico/pico-sdk/src/rp2_common/hardware_gpio/gpio.c.obj
 .ARM.attributes
                0x000000a2       0x2c CMakeFiles/pico-tail-controller.dir/home/pi/pico/pico-sdk/src/rp2_common/pico_platform/platform.c.obj
 .ARM.attributes
                0x000000ce       0x2c CMakeFiles/pico-tail-controller.dir/home/pi/pico/pico-sdk/src/rp2_common/hardware_claim/claim.c.obj
 .ARM.attributes
                0x000000fa       0x2c CMakeFiles/pico-tail-controller.dir/home/pi/pico/pico-sdk/src/rp2_common/hardware_sync/sync.c.obj
 .ARM.attributes
                0x00000126       0x2c CMakeFiles/pico-tail-controller.dir/home/pi/pico/pico-sdk/src/rp2_common/hardware_irq/irq.c.obj
 .ARM.attributes
                0x00000152       0x22 CMakeFiles/pico-tail-controller.dir/home/pi/pico/pico-sdk/src/rp2_common/hardware_irq/irq_handler_chain.S.obj
 .ARM.attributes
                0x00000174       0x2c CMakeFiles/pico-tail-controller.dir/home/pi/pico/pico-sdk/src/common/pico_sync/lock_core.c.obj
 .ARM.attributes
                0x000001a0       0x2c CMakeFiles/pico-tail-controller.dir/home/pi/pico/pico-sdk/src/common/pico_sync/mutex.c.obj
 .ARM.attributes
                0x000001cc       0x2c CMakeFiles/pico-tail-controller.dir/home/pi/pico/pico-sdk/src/common/pico_time/time.c.obj
 .ARM.attributes
                0x000001f8       0x2c CMakeFiles/pico-tail-controller.dir/home/pi/pico/pico-sdk/src/rp2_common/hardware_timer/timer.c.obj
 .ARM.attributes
                0x00000224       0x2c CMakeFiles/pico-tail-controller.dir/home/pi/pico/pico-sdk/src/common/pico_util/pheap.c.obj
 .ARM.attributes
                0x00000250       0x2c CMakeFiles/pico-tail-controller.dir/home/pi/pico/pico-sdk/src/rp2_common/hardware_uart/uart.c.obj
 .ARM.attributes
                0x0000027c       0x2c CMakeFiles/pico-tail-controller.dir/home/pi/pico/pico-sdk/src/rp2_common/hardware_clocks/clocks.c.obj
 .ARM.attributes
                0x000002a8       0x2c CMakeFiles/pico-tail-controller.dir/home/pi/pico/pico-sdk/src/rp2_common/hardware_pll/pll.c.obj
 .ARM.attributes
                0x000002d4       0x2c CMakeFiles/pico-tail-controller.dir/home/pi/pico/pico-sdk/src/rp2_common/hardware_watchdog/watchdog.c.obj
 .ARM.attributes
                0x00000300       0x2c CMakeFiles/pico-tail-controller.dir/home/pi/pico/pico-sdk/src/rp2_common/hardware_xosc/xosc.c.obj
 .ARM.attributes
                0x0000032c       0x2c CMakeFiles/pico-tail-controller.dir/home/pi/pico/pico-sdk/src/rp2_common/pico_runtime/runtime.c.obj
 .ARM.attributes
                0x00000358       0x2c CMakeFiles/pico-tail-controller.dir/home/pi/pico/pico-sdk/src/rp2_common/pico_printf/printf.c.obj
 .ARM.attributes
                0x00000384       0x22 CMakeFiles/pico-tail-controller.dir/home/pi/pico/pico-sdk/src/rp2_common/pico_bit_ops/bit_ops_aeabi.S.obj
 .ARM.attributes
                0x000003a6       0x2c CMakeFiles/pico-tail-controller.dir/home/pi/pico/pico-sdk/src/rp2_common/pico_bootrom/bootrom.c.obj
 .ARM.attributes
                0x000003d2       0x22 CMakeFiles/pico-tail-controller.dir/home/pi/pico/pico-sdk/src/rp2_common/pico_divider/divider.S.obj
 .ARM.attributes
                0x000003f4       0x22 CMakeFiles/pico-tail-controller.dir/home/pi/pico/pico-sdk/src/rp2_common/pico_double/double_aeabi.S.obj
 .ARM.attributes
                0x00000416       0x2c CMakeFiles/pico-tail-controller.dir/home/pi/pico/pico-sdk/src/rp2_common/pico_double/double_init_rom.c.obj
 .ARM.attributes
                0x00000442       0x22 CMakeFiles/pico-tail-controller.dir/home/pi/pico/pico-sdk/src/rp2_common/pico_double/double_v1_rom_shim.S.obj
 .ARM.attributes
                0x00000464       0x22 CMakeFiles/pico-tail-controller.dir/home/pi/pico/pico-sdk/src/rp2_common/pico_int64_ops/pico_int64_ops_aeabi.S.obj
 .ARM.attributes
                0x00000486       0x22 CMakeFiles/pico-tail-controller.dir/home/pi/pico/pico-sdk/src/rp2_common/pico_float/float_aeabi.S.obj
 .ARM.attributes
                0x000004a8       0x2c CMakeFiles/pico-tail-controller.dir/home/pi/pico/pico-sdk/src/rp2_common/pico_float/float_init_rom.c.obj
 .ARM.attributes
                0x000004d4       0x22 CMakeFiles/pico-tail-controller.dir/home/pi/pico/pico-sdk/src/rp2_common/pico_float/float_v1_rom_shim.S.obj
 .ARM.attributes
                0x000004f6       0x2c CMakeFiles/pico-tail-controller.dir/home/pi/pico/pico-sdk/src/rp2_common/pico_malloc/pico_malloc.c.obj
 .ARM.attributes
                0x00000522       0x22 CMakeFiles/pico-tail-controller.dir/home/pi/pico/pico-sdk/src/rp2_common/pico_mem_ops/mem_ops_aeabi.S.obj
 .ARM.attributes
                0x00000544       0x22 CMakeFiles/pico-tail-controller.dir/home/pi/pico/pico-sdk/src/rp2_common/pico_standard_link/crt0.S.obj
 .ARM.attributes
                0x00000566       0x32 CMakeFiles/pico-tail-controller.dir/home/pi/pico/pico-sdk/src/rp2_common/pico_standard_link/binary_info.c.obj
 .ARM.attributes
                0x00000598       0x2c CMakeFiles/pico-tail-controller.dir/home/pi/pico/pico-sdk/src/rp2_common/pico_stdio/stdio.c.obj
 .ARM.attributes
                0x000005c4       0x2c CMakeFiles/pico-tail-controller.dir/home/pi/pico/pico-sdk/src/rp2_common/pico_stdio_uart/stdio_uart.c.obj
 .ARM.attributes
                0x000005f0       0x2c CMakeFiles/pico-tail-controller.dir/home/pi/pico/pico-sdk/src/rp2_common/hardware_adc/adc.c.obj
 .ARM.attributes
                0x0000061c       0x2c CMakeFiles/pico-tail-controller.dir/home/pi/pico/pico-sdk/src/rp2_common/pico_multicore/multicore.c.obj
 .ARM.attributes
                0x00000648       0x22 /tmp/cccqIuKB.o
 .ARM.attributes
                0x0000066a       0x2c /usr/lib/gcc/arm-none-eabi/8.3.1/../../../arm-none-eabi/lib/thumb/v6-m/nofp/libm.a(lib_a-s_fmax.o)
 .ARM.attributes
                0x00000696       0x2c /usr/lib/gcc/arm-none-eabi/8.3.1/../../../arm-none-eabi/lib/thumb/v6-m/nofp/libm.a(lib_a-s_fmin.o)
 .ARM.attributes
                0x000006c2       0x2c /usr/lib/gcc/arm-none-eabi/8.3.1/../../../arm-none-eabi/lib/thumb/v6-m/nofp/libm.a(lib_a-s_fpclassify.o)
 .ARM.attributes
                0x000006ee       0x1e /usr/lib/gcc/arm-none-eabi/8.3.1/thumb/v6-m/nofp/libgcc.a(_dvmd_tls.o)
 .ARM.attributes
                0x0000070c       0x2c /usr/lib/gcc/arm-none-eabi/8.3.1/../../../arm-none-eabi/lib/thumb/v6-m/nofp/libg.a(lib_a-strlen-stub.o)
 .ARM.attributes
                0x00000738       0x2c /usr/lib/gcc/arm-none-eabi/8.3.1/thumb/v6-m/nofp/crtend.o

.comment        0x00000000       0x9f
 .comment       0x00000000       0x51 /usr/lib/gcc/arm-none-eabi/8.3.1/thumb/v6-m/nofp/crtbegin.o
                                 0x52 (size before relaxing)
 .comment       0x00000051       0x52 CMakeFiles/pico-tail-controller.dir/main.c.obj
 .comment       0x00000051       0x52 CMakeFiles/pico-tail-controller.dir/home/pi/pico/pico-sdk/src/rp2_common/hardware_gpio/gpio.c.obj
 .comment       0x00000051       0x52 CMakeFiles/pico-tail-controller.dir/home/pi/pico/pico-sdk/src/rp2_common/pico_platform/platform.c.obj
 .comment       0x00000051       0x52 CMakeFiles/pico-tail-controller.dir/home/pi/pico/pico-sdk/src/rp2_common/hardware_claim/claim.c.obj
 .comment       0x00000051       0x52 CMakeFiles/pico-tail-controller.dir/home/pi/pico/pico-sdk/src/rp2_common/hardware_sync/sync.c.obj
 .comment       0x00000051       0x52 CMakeFiles/pico-tail-controller.dir/home/pi/pico/pico-sdk/src/rp2_common/hardware_irq/irq.c.obj
 .comment       0x00000051       0x52 CMakeFiles/pico-tail-controller.dir/home/pi/pico/pico-sdk/src/common/pico_sync/lock_core.c.obj
 .comment       0x00000051       0x52 CMakeFiles/pico-tail-controller.dir/home/pi/pico/pico-sdk/src/common/pico_sync/mutex.c.obj
 .comment       0x00000051       0x52 CMakeFiles/pico-tail-controller.dir/home/pi/pico/pico-sdk/src/common/pico_time/time.c.obj
 .comment       0x00000051       0x52 CMakeFiles/pico-tail-controller.dir/home/pi/pico/pico-sdk/src/rp2_common/hardware_timer/timer.c.obj
 .comment       0x00000051       0x52 CMakeFiles/pico-tail-controller.dir/home/pi/pico/pico-sdk/src/common/pico_util/pheap.c.obj
 .comment       0x00000051       0x52 CMakeFiles/pico-tail-controller.dir/home/pi/pico/pico-sdk/src/rp2_common/hardware_uart/uart.c.obj
 .comment       0x00000051       0x52 CMakeFiles/pico-tail-controller.dir/home/pi/pico/pico-sdk/src/rp2_common/hardware_clocks/clocks.c.obj
 .comment       0x00000051       0x52 CMakeFiles/pico-tail-controller.dir/home/pi/pico/pico-sdk/src/rp2_common/hardware_pll/pll.c.obj
 .comment       0x00000051       0x52 CMakeFiles/pico-tail-controller.dir/home/pi/pico/pico-sdk/src/rp2_common/hardware_watchdog/watchdog.c.obj
 .comment       0x00000051       0x52 CMakeFiles/pico-tail-controller.dir/home/pi/pico/pico-sdk/src/rp2_common/hardware_xosc/xosc.c.obj
 .comment       0x00000051       0x52 CMakeFiles/pico-tail-controller.dir/home/pi/pico/pico-sdk/src/rp2_common/pico_runtime/runtime.c.obj
 .comment       0x00000051       0x52 CMakeFiles/pico-tail-controller.dir/home/pi/pico/pico-sdk/src/rp2_common/pico_printf/printf.c.obj
 .comment       0x00000051       0x52 CMakeFiles/pico-tail-controller.dir/home/pi/pico/pico-sdk/src/rp2_common/pico_bootrom/bootrom.c.obj
 .comment       0x00000051       0x52 CMakeFiles/pico-tail-controller.dir/home/pi/pico/pico-sdk/src/rp2_common/pico_double/double_init_rom.c.obj
 .comment       0x00000051       0x52 CMakeFiles/pico-tail-controller.dir/home/pi/pico/pico-sdk/src/rp2_common/pico_float/float_init_rom.c.obj
 .comment       0x00000051       0x52 CMakeFiles/pico-tail-controller.dir/home/pi/pico/pico-sdk/src/rp2_common/pico_malloc/pico_malloc.c.obj
 .comment       0x00000051       0x52 CMakeFiles/pico-tail-controller.dir/home/pi/pico/pico-sdk/src/rp2_common/pico_standard_link/binary_info.c.obj
 .comment       0x00000051       0x52 CMakeFiles/pico-tail-controller.dir/home/pi/pico/pico-sdk/src/rp2_common/pico_stdio/stdio.c.obj
 .comment       0x00000051       0x52 CMakeFiles/pico-tail-controller.dir/home/pi/pico/pico-sdk/src/rp2_common/pico_stdio_uart/stdio_uart.c.obj
 .comment       0x00000051       0x52 CMakeFiles/pico-tail-controller.dir/home/pi/pico/pico-sdk/src/rp2_common/hardware_adc/adc.c.obj
 .comment       0x00000051       0x52 CMakeFiles/pico-tail-controller.dir/home/pi/pico/pico-sdk/src/rp2_common/pico_multicore/multicore.c.obj
 .comment       0x00000051       0x4e /usr/lib/gcc/arm-none-eabi/8.3.1/../../../arm-none-eabi/lib/thumb/v6-m/nofp/libm.a(lib_a-s_fmax.o)
                                 0x4f (size before relaxing)
 .comment       0x0000009f       0x4f /usr/lib/gcc/arm-none-eabi/8.3.1/../../../arm-none-eabi/lib/thumb/v6-m/nofp/libm.a(lib_a-s_fmin.o)
 .comment       0x0000009f       0x4f /usr/lib/gcc/arm-none-eabi/8.3.1/../../../arm-none-eabi/lib/thumb/v6-m/nofp/libm.a(lib_a-s_fpclassify.o)
 .comment       0x0000009f       0x4f /usr/lib/gcc/arm-none-eabi/8.3.1/../../../arm-none-eabi/lib/thumb/v6-m/nofp/libg.a(lib_a-strlen-stub.o)
 .comment       0x0000009f       0x52 /usr/lib/gcc/arm-none-eabi/8.3.1/thumb/v6-m/nofp/crtend.o

.debug_info     0x00000000    0x21d40
 .debug_info    0x00000000     0x32d6 CMakeFiles/pico-tail-controller.dir/main.c.obj
 .debug_info    0x000032d6     0x1860 CMakeFiles/pico-tail-controller.dir/home/pi/pico/pico-sdk/src/rp2_common/hardware_gpio/gpio.c.obj
 .debug_info    0x00004b36      0x1cb CMakeFiles/pico-tail-controller.dir/home/pi/pico/pico-sdk/src/rp2_common/pico_platform/platform.c.obj
 .debug_info    0x00004d01      0x6aa CMakeFiles/pico-tail-controller.dir/home/pi/pico/pico-sdk/src/rp2_common/hardware_claim/claim.c.obj
 .debug_info    0x000053ab      0x591 CMakeFiles/pico-tail-controller.dir/home/pi/pico/pico-sdk/src/rp2_common/hardware_sync/sync.c.obj
 .debug_info    0x0000593c     0x1cfa CMakeFiles/pico-tail-controller.dir/home/pi/pico/pico-sdk/src/rp2_common/hardware_irq/irq.c.obj
 .debug_info    0x00007636       0x26 CMakeFiles/pico-tail-controller.dir/home/pi/pico/pico-sdk/src/rp2_common/hardware_irq/irq_handler_chain.S.obj
 .debug_info    0x0000765c      0x1ed CMakeFiles/pico-tail-controller.dir/home/pi/pico/pico-sdk/src/common/pico_sync/lock_core.c.obj
 .debug_info    0x00007849     0x20e8 CMakeFiles/pico-tail-controller.dir/home/pi/pico/pico-sdk/src/common/pico_sync/mutex.c.obj
 .debug_info    0x00009931     0x493f CMakeFiles/pico-tail-controller.dir/home/pi/pico/pico-sdk/src/common/pico_time/time.c.obj
 .debug_info    0x0000e270     0x13ac CMakeFiles/pico-tail-controller.dir/home/pi/pico/pico-sdk/src/rp2_common/hardware_timer/timer.c.obj
 .debug_info    0x0000f61c     0x1ada CMakeFiles/pico-tail-controller.dir/home/pi/pico/pico-sdk/src/common/pico_util/pheap.c.obj
 .debug_info    0x000110f6      0xd92 CMakeFiles/pico-tail-controller.dir/home/pi/pico/pico-sdk/src/rp2_common/hardware_uart/uart.c.obj
 .debug_info    0x00011e88      0xf45 CMakeFiles/pico-tail-controller.dir/home/pi/pico/pico-sdk/src/rp2_common/hardware_clocks/clocks.c.obj
 .debug_info    0x00012dcd      0x4e8 CMakeFiles/pico-tail-controller.dir/home/pi/pico/pico-sdk/src/rp2_common/hardware_pll/pll.c.obj
 .debug_info    0x000132b5      0xd7d CMakeFiles/pico-tail-controller.dir/home/pi/pico/pico-sdk/src/rp2_common/hardware_watchdog/watchdog.c.obj
 .debug_info    0x00014032      0x1b8 CMakeFiles/pico-tail-controller.dir/home/pi/pico/pico-sdk/src/rp2_common/hardware_xosc/xosc.c.obj
 .debug_info    0x000141ea     0x1929 CMakeFiles/pico-tail-controller.dir/home/pi/pico/pico-sdk/src/rp2_common/pico_runtime/runtime.c.obj
 .debug_info    0x00015b13     0x2032 CMakeFiles/pico-tail-controller.dir/home/pi/pico/pico-sdk/src/rp2_common/pico_printf/printf.c.obj
 .debug_info    0x00017b45       0x22 CMakeFiles/pico-tail-controller.dir/home/pi/pico/pico-sdk/src/rp2_common/pico_bit_ops/bit_ops_aeabi.S.obj
 .debug_info    0x00017b67      0x262 CMakeFiles/pico-tail-controller.dir/home/pi/pico/pico-sdk/src/rp2_common/pico_bootrom/bootrom.c.obj
 .debug_info    0x00017dc9       0x22 CMakeFiles/pico-tail-controller.dir/home/pi/pico/pico-sdk/src/rp2_common/pico_divider/divider.S.obj
 .debug_info    0x00017deb       0x22 CMakeFiles/pico-tail-controller.dir/home/pi/pico/pico-sdk/src/rp2_common/pico_double/double_aeabi.S.obj
 .debug_info    0x00017e0d      0xb2a CMakeFiles/pico-tail-controller.dir/home/pi/pico/pico-sdk/src/rp2_common/pico_double/double_init_rom.c.obj
 .debug_info    0x00018937       0x22 CMakeFiles/pico-tail-controller.dir/home/pi/pico/pico-sdk/src/rp2_common/pico_double/double_v1_rom_shim.S.obj
 .debug_info    0x00018959       0x26 CMakeFiles/pico-tail-controller.dir/home/pi/pico/pico-sdk/src/rp2_common/pico_int64_ops/pico_int64_ops_aeabi.S.obj
 .debug_info    0x0001897f       0x22 CMakeFiles/pico-tail-controller.dir/home/pi/pico/pico-sdk/src/rp2_common/pico_float/float_aeabi.S.obj
 .debug_info    0x000189a1      0xb44 CMakeFiles/pico-tail-controller.dir/home/pi/pico/pico-sdk/src/rp2_common/pico_float/float_init_rom.c.obj
 .debug_info    0x000194e5       0x22 CMakeFiles/pico-tail-controller.dir/home/pi/pico/pico-sdk/src/rp2_common/pico_float/float_v1_rom_shim.S.obj
 .debug_info    0x00019507      0xd74 CMakeFiles/pico-tail-controller.dir/home/pi/pico/pico-sdk/src/rp2_common/pico_malloc/pico_malloc.c.obj
 .debug_info    0x0001a27b       0x22 CMakeFiles/pico-tail-controller.dir/home/pi/pico/pico-sdk/src/rp2_common/pico_mem_ops/mem_ops_aeabi.S.obj
 .debug_info    0x0001a29d       0x22 CMakeFiles/pico-tail-controller.dir/home/pi/pico/pico-sdk/src/rp2_common/pico_standard_link/crt0.S.obj
 .debug_info    0x0001a2bf      0x2cb CMakeFiles/pico-tail-controller.dir/home/pi/pico/pico-sdk/src/rp2_common/pico_standard_link/binary_info.c.obj
 .debug_info    0x0001a58a     0x20dc CMakeFiles/pico-tail-controller.dir/home/pi/pico/pico-sdk/src/rp2_common/pico_stdio/stdio.c.obj
 .debug_info    0x0001c666     0x1025 CMakeFiles/pico-tail-controller.dir/home/pi/pico/pico-sdk/src/rp2_common/pico_stdio_uart/stdio_uart.c.obj
 .debug_info    0x0001d68b      0x2b6 CMakeFiles/pico-tail-controller.dir/home/pi/pico/pico-sdk/src/rp2_common/hardware_adc/adc.c.obj
 .debug_info    0x0001d941     0x1cf1 CMakeFiles/pico-tail-controller.dir/home/pi/pico/pico-sdk/src/rp2_common/pico_multicore/multicore.c.obj
 .debug_info    0x0001f632      0x9b6 /usr/lib/gcc/arm-none-eabi/8.3.1/../../../arm-none-eabi/lib/thumb/v6-m/nofp/libm.a(lib_a-s_fmax.o)
 .debug_info    0x0001ffe8      0x9b6 /usr/lib/gcc/arm-none-eabi/8.3.1/../../../arm-none-eabi/lib/thumb/v6-m/nofp/libm.a(lib_a-s_fmin.o)
 .debug_info    0x0002099e      0xa09 /usr/lib/gcc/arm-none-eabi/8.3.1/../../../arm-none-eabi/lib/thumb/v6-m/nofp/libm.a(lib_a-s_fpclassify.o)
 .debug_info    0x000213a7       0x26 /usr/lib/gcc/arm-none-eabi/8.3.1/thumb/v6-m/nofp/libgcc.a(_dvmd_tls.o)
 .debug_info    0x000213cd      0x973 /usr/lib/gcc/arm-none-eabi/8.3.1/../../../arm-none-eabi/lib/thumb/v6-m/nofp/libg.a(lib_a-strlen-stub.o)

.debug_abbrev   0x00000000     0x6108
 .debug_abbrev  0x00000000      0x508 CMakeFiles/pico-tail-controller.dir/main.c.obj
 .debug_abbrev  0x00000508      0x382 CMakeFiles/pico-tail-controller.dir/home/pi/pico/pico-sdk/src/rp2_common/hardware_gpio/gpio.c.obj
 .debug_abbrev  0x0000088a       0xeb CMakeFiles/pico-tail-controller.dir/home/pi/pico/pico-sdk/src/rp2_common/pico_platform/platform.c.obj
 .debug_abbrev  0x00000975      0x2fb CMakeFiles/pico-tail-controller.dir/home/pi/pico/pico-sdk/src/rp2_common/hardware_claim/claim.c.obj
 .debug_abbrev  0x00000c70      0x224 CMakeFiles/pico-tail-controller.dir/home/pi/pico/pico-sdk/src/rp2_common/hardware_sync/sync.c.obj
 .debug_abbrev  0x00000e94      0x4ff CMakeFiles/pico-tail-controller.dir/home/pi/pico/pico-sdk/src/rp2_common/hardware_irq/irq.c.obj
 .debug_abbrev  0x00001393       0x14 CMakeFiles/pico-tail-controller.dir/home/pi/pico/pico-sdk/src/rp2_common/hardware_irq/irq_handler_chain.S.obj
 .debug_abbrev  0x000013a7      0x141 CMakeFiles/pico-tail-controller.dir/home/pi/pico/pico-sdk/src/common/pico_sync/lock_core.c.obj
 .debug_abbrev  0x000014e8      0x3b3 CMakeFiles/pico-tail-controller.dir/home/pi/pico/pico-sdk/src/common/pico_sync/mutex.c.obj
 .debug_abbrev  0x0000189b      0x65e CMakeFiles/pico-tail-controller.dir/home/pi/pico/pico-sdk/src/common/pico_time/time.c.obj